Archive member included to satisfy reference by file (symbol)

nec_receive\libnec_receive.a(nec_receive.c.obj)
                              CMakeFiles/remote-control-car.dir/src/main.c.obj (nec_rx_init)
c:/progra~1/raspbe~1/picosd~1.1/gcc-ar~1/bin/../lib/gcc/arm-none-eabi/10.3.1/thumb/v6-m/nofp\libgcc.a(_dvmd_tls.o)
                              CMakeFiles/remote-control-car.dir/C_/Program_Files/Raspberry_Pi/Pico_SDK_v1.5.1/pico-sdk/src/rp2_common/pico_divider/divider.S.obj (__aeabi_idiv0)
c:/progra~1/raspbe~1/picosd~1.1/gcc-ar~1/bin/../lib/gcc/arm-none-eabi/10.3.1/../../../../arm-none-eabi/lib/thumb/v6-m/nofp\libg.a(lib_a-calloc.o)
                              CMakeFiles/remote-control-car.dir/C_/Program_Files/Raspberry_Pi/Pico_SDK_v1.5.1/pico-sdk/src/rp2_common/pico_malloc/pico_malloc.c.obj (calloc)
c:/progra~1/raspbe~1/picosd~1.1/gcc-ar~1/bin/../lib/gcc/arm-none-eabi/10.3.1/../../../../arm-none-eabi/lib/thumb/v6-m/nofp\libg.a(lib_a-callocr.o)
                              c:/progra~1/raspbe~1/picosd~1.1/gcc-ar~1/bin/../lib/gcc/arm-none-eabi/10.3.1/../../../../arm-none-eabi/lib/thumb/v6-m/nofp\libg.a(lib_a-calloc.o) (_calloc_r)
c:/progra~1/raspbe~1/picosd~1.1/gcc-ar~1/bin/../lib/gcc/arm-none-eabi/10.3.1/../../../../arm-none-eabi/lib/thumb/v6-m/nofp\libg.a(lib_a-errno.o)
                              c:/progra~1/raspbe~1/picosd~1.1/gcc-ar~1/bin/../lib/gcc/arm-none-eabi/10.3.1/../../../../arm-none-eabi/lib/thumb/v6-m/nofp\libg.a(lib_a-callocr.o) (__errno)
c:/progra~1/raspbe~1/picosd~1.1/gcc-ar~1/bin/../lib/gcc/arm-none-eabi/10.3.1/../../../../arm-none-eabi/lib/thumb/v6-m/nofp\libg.a(lib_a-impure.o)
                              c:/progra~1/raspbe~1/picosd~1.1/gcc-ar~1/bin/../lib/gcc/arm-none-eabi/10.3.1/../../../../arm-none-eabi/lib/thumb/v6-m/nofp\libg.a(lib_a-calloc.o) (_impure_ptr)
c:/progra~1/raspbe~1/picosd~1.1/gcc-ar~1/bin/../lib/gcc/arm-none-eabi/10.3.1/../../../../arm-none-eabi/lib/thumb/v6-m/nofp\libg.a(lib_a-init.o)
                              c:/progra~1/raspbe~1/picosd~1.1/gcc-ar~1/bin/../lib/gcc/arm-none-eabi/10.3.1/../../../../arm-none-eabi/lib/thumb/v6-m/nofp/crt0.o (__libc_init_array)
c:/progra~1/raspbe~1/picosd~1.1/gcc-ar~1/bin/../lib/gcc/arm-none-eabi/10.3.1/../../../../arm-none-eabi/lib/thumb/v6-m/nofp\libg.a(lib_a-malloc.o)
                              CMakeFiles/remote-control-car.dir/C_/Program_Files/Raspberry_Pi/Pico_SDK_v1.5.1/pico-sdk/src/rp2_common/pico_malloc/pico_malloc.c.obj (malloc)
c:/progra~1/raspbe~1/picosd~1.1/gcc-ar~1/bin/../lib/gcc/arm-none-eabi/10.3.1/../../../../arm-none-eabi/lib/thumb/v6-m/nofp\libg.a(lib_a-mallocr.o)
                              c:/progra~1/raspbe~1/picosd~1.1/gcc-ar~1/bin/../lib/gcc/arm-none-eabi/10.3.1/../../../../arm-none-eabi/lib/thumb/v6-m/nofp\libg.a(lib_a-callocr.o) (_malloc_r)
c:/progra~1/raspbe~1/picosd~1.1/gcc-ar~1/bin/../lib/gcc/arm-none-eabi/10.3.1/../../../../arm-none-eabi/lib/thumb/v6-m/nofp\libg.a(lib_a-mlock.o)
                              c:/progra~1/raspbe~1/picosd~1.1/gcc-ar~1/bin/../lib/gcc/arm-none-eabi/10.3.1/../../../../arm-none-eabi/lib/thumb/v6-m/nofp\libg.a(lib_a-mallocr.o) (__malloc_lock)
c:/progra~1/raspbe~1/picosd~1.1/gcc-ar~1/bin/../lib/gcc/arm-none-eabi/10.3.1/../../../../arm-none-eabi/lib/thumb/v6-m/nofp\libg.a(lib_a-realloc.o)
                              CMakeFiles/remote-control-car.dir/C_/Program_Files/Raspberry_Pi/Pico_SDK_v1.5.1/pico-sdk/src/rp2_common/pico_malloc/pico_malloc.c.obj (realloc)
c:/progra~1/raspbe~1/picosd~1.1/gcc-ar~1/bin/../lib/gcc/arm-none-eabi/10.3.1/../../../../arm-none-eabi/lib/thumb/v6-m/nofp\libg.a(lib_a-reallocr.o)
                              c:/progra~1/raspbe~1/picosd~1.1/gcc-ar~1/bin/../lib/gcc/arm-none-eabi/10.3.1/../../../../arm-none-eabi/lib/thumb/v6-m/nofp\libg.a(lib_a-realloc.o) (_realloc_r)
c:/progra~1/raspbe~1/picosd~1.1/gcc-ar~1/bin/../lib/gcc/arm-none-eabi/10.3.1/../../../../arm-none-eabi/lib/thumb/v6-m/nofp\libg.a(lib_a-sbrkr.o)
                              c:/progra~1/raspbe~1/picosd~1.1/gcc-ar~1/bin/../lib/gcc/arm-none-eabi/10.3.1/../../../../arm-none-eabi/lib/thumb/v6-m/nofp\libg.a(lib_a-mallocr.o) (_sbrk_r)
c:/progra~1/raspbe~1/picosd~1.1/gcc-ar~1/bin/../lib/gcc/arm-none-eabi/10.3.1/../../../../arm-none-eabi/lib/thumb/v6-m/nofp\libg.a(lib_a-strlen-stub.o)
                              CMakeFiles/remote-control-car.dir/C_/Program_Files/Raspberry_Pi/Pico_SDK_v1.5.1/pico-sdk/src/rp2_common/pico_stdio/stdio.c.obj (strlen)
c:/progra~1/raspbe~1/picosd~1.1/gcc-ar~1/bin/../lib/gcc/arm-none-eabi/10.3.1/../../../../arm-none-eabi/lib/thumb/v6-m/nofp\libg.a(lib_a-freer.o)
                              c:/progra~1/raspbe~1/picosd~1.1/gcc-ar~1/bin/../lib/gcc/arm-none-eabi/10.3.1/../../../../arm-none-eabi/lib/thumb/v6-m/nofp\libg.a(lib_a-malloc.o) (_free_r)
c:/progra~1/raspbe~1/picosd~1.1/gcc-ar~1/bin/../lib/gcc/arm-none-eabi/10.3.1/../../../../arm-none-eabi/lib/thumb/v6-m/nofp\libg.a(lib_a-lock.o)
[...]
Memory Configuration

Name             Origin             Length             Attributes
FLASH            0x10000000         0x00200000         xr
RAM              0x20000000         0x00040000         xrw
SCRATCH_X        0x20040000         0x00001000         xrw
SCRATCH_Y        0x20041000         0x00001000         xrw
*default*        0x00000000         0xffffffff

Linker script and memory map

LOAD c:/progra~1/raspbe~1/picosd~1.1/gcc-ar~1/bin/../lib/gcc/arm-none-eabi/10.3.1/thumb/v6-m/nofp/crti.o
LOAD c:/progra~1/raspbe~1/picosd~1.1/gcc-ar~1/bin/../lib/gcc/arm-none-eabi/10.3.1/thumb/v6-m/nofp/crtbegin.o
LOAD c:/progra~1/raspbe~1/picosd~1.1/gcc-ar~1/bin/../lib/gcc/arm-none-eabi/10.3.1/../../../../arm-none-eabi/lib/thumb/v6-m/nofp/crt0.o

.flash_begin    0x10000000        0x0
                0x10000000                __flash_binary_start = .

.boot2          0x10000000      0x100
                0x10000000                __boot2_start__ = .
 *(.boot2)
 .boot2         0x10000000      0x100 C:\Users\jacob\AppData\Local\Temp\cce0Qv7M.o
                0x10000100                __boot2_end__ = .
                0x00000001                ASSERT (((__boot2_end__ - __boot2_start__) == 0x100), ERROR: Pico second stage bootloader must be 256 bytes in size)

.text           0x10000100     0x7540
                0x10000100                __logical_binary_start = .
 *(.vectors)
 .vectors       0x10000100       0xd4 CMakeFiles/remote-control-car.dir/C_/Program_Files/Raspberry_Pi/Pico_SDK_v1.5.1/pico-sdk/src/rp2_common/pico_standard_link/crt0.S.obj
                0x10000100                __VECTOR_TABLE
                0x10000100                __vectors
                0x100001c0                isr_invalid
                0x100001c0                __default_isrs_start
                0x100001c2                isr_nmi
                0x100001c4                isr_hardfault
                0x100001c6                isr_svcall
                0x100001c8                isr_pendsv
                0x100001ca                isr_systick
                0x100001cc                isr_irq23
                0x100001cc                isr_irq18
                0x100001cc                isr_irq11
                0x100001cc                isr_irq28
                0x100001cc                isr_irq19
                0x100001cc                isr_irq0
                0x100001cc                isr_irq6
                0x100001cc                isr_irq5
                0x100001cc                isr_irq12
                0x100001cc                isr_irq22
                0x100001cc                isr_irq31
                0x100001cc                isr_irq17
                0x100001cc                isr_irq27
                0x100001cc                isr_irq30
                0x100001cc                isr_irq2
                0x100001cc                isr_irq10
                0x100001cc                isr_irq8
                0x100001cc                isr_irq24
                0x100001cc                isr_irq1
                0x100001cc                isr_irq7
                0x100001cc                isr_irq21
                0x100001cc                isr_irq20
                0x100001cc                isr_irq15
                0x100001cc                isr_irq25
                0x100001cc                isr_irq13
                0x100001cc                __unhandled_user_irq
                0x100001cc                isr_irq4
                0x100001cc                isr_irq16
                0x100001cc                isr_irq29
                0x100001cc                isr_irq26
                0x100001cc                __default_isrs_end
                0x100001cc                isr_irq3
                0x100001cc                isr_irq14
                0x100001cc                isr_irq9
                0x100001d2                unhandled_user_irq_num_in_r0
 *(.binary_info_header)
 .binary_info_header
                0x100001d4       0x14 CMakeFiles/remote-control-car.dir/C_/Program_Files/Raspberry_Pi/Pico_SDK_v1.5.1/pico-sdk/src/rp2_common/pico_standard_link/crt0.S.obj
                0x100001e8                __binary_info_header_end = .
 *(.reset)
 .reset         0x100001e8       0xa0 CMakeFiles/remote-control-car.dir/C_/Program_Files/Raspberry_Pi/Pico_SDK_v1.5.1/pico-sdk/src/rp2_common/pico_standard_link/crt0.S.obj
                0x100001e8                _entry_point
 .reset         0x10000288       0x30 CMakeFiles/remote-control-car.dir/C_/Program_Files/Raspberry_Pi/Pico_SDK_v1.5.1/pico-sdk/src/rp2_common/pico_standard_link/binary_info.c.obj
 *(.init)
 .init          0x100002b8        0x4 c:/progra~1/raspbe~1/picosd~1.1/gcc-ar~1/bin/../lib/gcc/arm-none-eabi/10.3.1/thumb/v6-m/nofp/crti.o
                0x100002b8                _init
 *(EXCLUDE_FILE(*libm.a: *libc.a:*lib_a-mem*.o *libgcc.a:) .text*)
 .text          0x100002bc       0x48 c:/progra~1/raspbe~1/picosd~1.1/gcc-ar~1/bin/../lib/gcc/arm-none-eabi/10.3.1/thumb/v6-m/nofp/crtbegin.o
 .text.RedLEDTask
                0x10000304       0x1e CMakeFiles/remote-control-car.dir/src/main.c.obj
                0x10000304                RedLEDTask
 *fill*         0x10000322        0x2 
 .text.DriveMotor
                0x10000324       0x30 CMakeFiles/remote-control-car.dir/src/main.c.obj
                0x10000324                DriveMotor
 .text.DriveMotorForward
                0x10000354       0x18 CMakeFiles/remote-control-car.dir/src/main.c.obj
                0x10000354                DriveMotorForward
 .text.DriveMotorLeft
                0x1000036c        0xe CMakeFiles/remote-control-car.dir/src/main.c.obj
                0x1000036c                DriveMotorLeft
 .text.DriveMotorRight
                0x1000037a        0xe CMakeFiles/remote-control-car.dir/src/main.c.obj
                0x1000037a                DriveMotorRight
 .text.DriveMotorReverse
                0x10000388       0x18 CMakeFiles/remote-control-car.dir/src/main.c.obj
                0x10000388                DriveMotorReverse
 .text.DriveMotorStop
                0x100003a0       0x18 CMakeFiles/remote-control-car.dir/src/main.c.obj
                0x100003a0                DriveMotorStop
 .text.DriveMotorsTask
                0x100003b8       0x98 CMakeFiles/remote-control-car.dir/src/main.c.obj
                0x100003b8                DriveMotorsTask
 .text.main     0x10000450       0xc0 CMakeFiles/remote-control-car.dir/src/main.c.obj
                0x10000450                main
 .text.gpio_set_function
                0x10000510       0x30 CMakeFiles/remote-control-car.dir/C_/Program_Files/Raspberry_Pi/Pico_SDK_v1.5.1/pico-sdk/src/rp2_common/hardware_gpio/gpio.c.obj
                0x10000510                gpio_set_function
 .text.gpio_set_pulls
                0x10000540       0x34 CMakeFiles/remote-control-car.dir/C_/Program_Files/Raspberry_Pi/Pico_SDK_v1.5.1/pico-sdk/src/rp2_common/hardware_gpio/gpio.c.obj
                0x10000540                gpio_set_pulls
 .text.gpio_init
                0x10000574       0x16 CMakeFiles/remote-control-car.dir/C_/Program_Files/Raspberry_Pi/Pico_SDK_v1.5.1/pico-sdk/src/rp2_common/hardware_gpio/gpio.c.obj
                0x10000574                gpio_init
 *fill*         0x1000058a        0x2 
 .text.running_on_fpga
                0x1000058c       0x14 CMakeFiles/remote-control-car.dir/C_/Program_Files/Raspberry_Pi/Pico_SDK_v1.5.1/pico-sdk/src/rp2_common/pico_platform/platform.c.obj
                0x1000058c                running_on_fpga
 .text.hw_claim_lock
                0x100005a0       0x18 CMakeFiles/remote-control-car.dir/C_/Program_Files/Raspberry_Pi/Pico_SDK_v1.5.1/pico-sdk/src/rp2_common/hardware_claim/claim.c.obj
                0x100005a0                hw_claim_lock
 .text.hw_claim_unlock
                0x100005b8       0x14 CMakeFiles/remote-control-car.dir/C_/Program_Files/Raspberry_Pi/Pico_SDK_v1.5.1/pico-sdk/src/rp2_common/hardware_claim/claim.c.obj
                0x100005b8                hw_claim_unlock
 .text.hw_claim_or_assert
                0x100005cc       0x32 CMakeFiles/remote-control-car.dir/C_/Program_Files/Raspberry_Pi/Pico_SDK_v1.5.1/pico-sdk/src/rp2_common/hardware_claim/claim.c.obj
                0x100005cc                hw_claim_or_assert
 .text.hw_claim_unused_from_range
                0x100005fe       0x50 CMakeFiles/remote-control-car.dir/C_/Program_Files/Raspberry_Pi/Pico_SDK_v1.5.1/pico-sdk/src/rp2_common/hardware_claim/claim.c.obj
                0x100005fe                hw_claim_unused_from_range
 *fill*         0x1000064e        0x2 
 .text.spin_locks_reset
                0x10000650       0x20 CMakeFiles/remote-control-car.dir/C_/Program_Files/Raspberry_Pi/Pico_SDK_v1.5.1/pico-sdk/src/rp2_common/hardware_sync/sync.c.obj
                0x10000650                spin_locks_reset
 .text.next_striped_spin_lock_num
                0x10000670       0x1c CMakeFiles/remote-control-car.dir/C_/Program_Files/Raspberry_Pi/Pico_SDK_v1.5.1/pico-sdk/src/rp2_common/hardware_sync/sync.c.obj
                0x10000670                next_striped_spin_lock_num
 .text.set_raw_irq_handler_and_unlock
                0x1000068c       0x28 CMakeFiles/remote-control-car.dir/C_/Program_Files/Raspberry_Pi/Pico_SDK_v1.5.1/pico-sdk/src/rp2_common/hardware_irq/irq.c.obj
 .text.make_branch
                0x100006b4       0x48 CMakeFiles/remote-control-car.dir/C_/Program_Files/Raspberry_Pi/Pico_SDK_v1.5.1/pico-sdk/src/rp2_common/hardware_irq/irq.c.obj
 .text.insert_branch_and_link
                0x100006fc       0x40 CMakeFiles/remote-control-car.dir/C_/Program_Files/Raspberry_Pi/Pico_SDK_v1.5.1/pico-sdk/src/rp2_common/hardware_irq/irq.c.obj
 .text.irq_is_enabled
                0x1000073c       0x18 CMakeFiles/remote-control-car.dir/C_/Program_Files/Raspberry_Pi/Pico_SDK_v1.5.1/pico-sdk/src/rp2_common/hardware_irq/irq.c.obj
                0x1000073c                irq_is_enabled
 .text.irq_set_mask_enabled
                0x10000754       0x20 CMakeFiles/remote-control-car.dir/C_/Program_Files/Raspberry_Pi/Pico_SDK_v1.5.1/pico-sdk/src/rp2_common/hardware_irq/irq.c.obj
                0x10000754                irq_set_mask_enabled
 .text.irq_set_enabled
                0x10000774        0xe CMakeFiles/remote-control-car.dir/C_/Program_Files/Raspberry_Pi/Pico_SDK_v1.5.1/pico-sdk/src/rp2_common/hardware_irq/irq.c.obj
                0x10000774                irq_set_enabled
 *fill*         0x10000782        0x2 
 .text.irq_get_vtable_handler
                0x10000784       0x10 CMakeFiles/remote-control-car.dir/C_/Program_Files/Raspberry_Pi/Pico_SDK_v1.5.1/pico-sdk/src/rp2_common/hardware_irq/irq.c.obj
                0x10000784                irq_get_vtable_handler
 .text.irq_set_exclusive_handler
                0x10000794       0x54 CMakeFiles/remote-control-car.dir/C_/Program_Files/Raspberry_Pi/Pico_SDK_v1.5.1/pico-sdk/src/rp2_common/hardware_irq/irq.c.obj
                0x10000794                irq_set_exclusive_handler
 .text.irq_remove_handler
                0x100007e8      0x1ac CMakeFiles/remote-control-car.dir/C_/Program_Files/Raspberry_Pi/Pico_SDK_v1.5.1/pico-sdk/src/rp2_common/hardware_irq/irq.c.obj
                0x100007e8                irq_remove_handler
 .text.irq_set_priority
                0x10000994       0x28 CMakeFiles/remote-control-car.dir/C_/Program_Files/Raspberry_Pi/Pico_SDK_v1.5.1/pico-sdk/src/rp2_common/hardware_irq/irq.c.obj
                0x10000994                irq_set_priority
 .text.irq_add_tail_to_free_list
                0x100009bc       0xf0 CMakeFiles/remote-control-car.dir/C_/Program_Files/Raspberry_Pi/Pico_SDK_v1.5.1/pico-sdk/src/rp2_common/hardware_irq/irq.c.obj
                0x100009bc                irq_add_tail_to_free_list
 .text.irq_init_priorities
                0x10000aac       0x1c CMakeFiles/remote-control-car.dir/C_/Program_Files/Raspberry_Pi/Pico_SDK_v1.5.1/pico-sdk/src/rp2_common/hardware_irq/irq.c.obj
                0x10000aac                irq_init_priorities
 .text.lock_init
                0x10000ac8       0x10 CMakeFiles/remote-control-car.dir/C_/Program_Files/Raspberry_Pi/Pico_SDK_v1.5.1/pico-sdk/src/common/pico_sync/lock_core.c.obj
                0x10000ac8                lock_init
 .text.mutex_init
                0x10000ad8       0x1c CMakeFiles/remote-control-car.dir/C_/Program_Files/Raspberry_Pi/Pico_SDK_v1.5.1/pico-sdk/src/common/pico_sync/mutex.c.obj
                0x10000ad8                mutex_init
 .text.recursive_mutex_init
                0x10000af4       0x20 CMakeFiles/remote-control-car.dir/C_/Program_Files/Raspberry_Pi/Pico_SDK_v1.5.1/pico-sdk/src/common/pico_sync/mutex.c.obj
                0x10000af4                recursive_mutex_init
 .text.alarm_pool_post_alloc_init
                0x10000b14       0x40 CMakeFiles/remote-control-car.dir/C_/Program_Files/Raspberry_Pi/Pico_SDK_v1.5.1/pico-sdk/src/common/pico_time/time.c.obj
 .text.sleep_until_callback
                0x10000b54       0x28 CMakeFiles/remote-control-car.dir/C_/Program_Files/Raspberry_Pi/Pico_SDK_v1.5.1/pico-sdk/src/common/pico_time/time.c.obj
 .text.timer_pool_entry_comparator
                0x10000b7c       0x7c CMakeFiles/remote-control-car.dir/C_/Program_Files/Raspberry_Pi/Pico_SDK_v1.5.1/pico-sdk/src/common/pico_time/time.c.obj
                0x10000b7c                timer_pool_entry_comparator
 .text.ph_add_child_node
                0x10000bf8       0xa4 CMakeFiles/remote-control-car.dir/C_/Program_Files/Raspberry_Pi/Pico_SDK_v1.5.1/pico-sdk/src/common/pico_time/time.c.obj
 .text.ph_merge_nodes
                0x10000c9c       0x3e CMakeFiles/remote-control-car.dir/C_/Program_Files/Raspberry_Pi/Pico_SDK_v1.5.1/pico-sdk/src/common/pico_time/time.c.obj
 *fill*         0x10000cda        0x2 
 .text.add_alarm_under_lock
                0x10000cdc      0x174 CMakeFiles/remote-control-car.dir/C_/Program_Files/Raspberry_Pi/Pico_SDK_v1.5.1/pico-sdk/src/common/pico_time/time.c.obj
 .text.alarm_pool_alarm_callback
                0x10000e50      0x33c CMakeFiles/remote-control-car.dir/C_/Program_Files/Raspberry_Pi/Pico_SDK_v1.5.1/pico-sdk/src/common/pico_time/time.c.obj
 .text.alarm_pool_init_default
                0x1000118c       0x40 CMakeFiles/remote-control-car.dir/C_/Program_Files/Raspberry_Pi/Pico_SDK_v1.5.1/pico-sdk/src/common/pico_time/time.c.obj
                0x1000118c                alarm_pool_init_default
 .text.alarm_pool_get_default
                0x100011cc       0x2c CMakeFiles/remote-control-car.dir/C_/Program_Files/Raspberry_Pi/Pico_SDK_v1.5.1/pico-sdk/src/common/pico_time/time.c.obj
                0x100011cc                alarm_pool_get_default
 .text.alarm_pool_add_alarm_at
                0x100011f8      0x168 CMakeFiles/remote-control-car.dir/C_/Program_Files/Raspberry_Pi/Pico_SDK_v1.5.1/pico-sdk/src/common/pico_time/time.c.obj
                0x100011f8                alarm_pool_add_alarm_at
 .text.alarm_pool_cancel_alarm
                0x10001360       0xf8 CMakeFiles/remote-control-car.dir/C_/Program_Files/Raspberry_Pi/Pico_SDK_v1.5.1/pico-sdk/src/common/pico_time/time.c.obj
                0x10001360                alarm_pool_cancel_alarm
 .text.sleep_until
                0x10001458       0xf0 CMakeFiles/remote-control-car.dir/C_/Program_Files/Raspberry_Pi/Pico_SDK_v1.5.1/pico-sdk/src/common/pico_time/time.c.obj
                0x10001458                sleep_until
 .text.sleep_us
                0x10001548       0x58 CMakeFiles/remote-control-car.dir/C_/Program_Files/Raspberry_Pi/Pico_SDK_v1.5.1/pico-sdk/src/common/pico_time/time.c.obj
                0x10001548                sleep_us
 .text.sleep_ms
                0x100015a0       0x14 CMakeFiles/remote-control-car.dir/C_/Program_Files/Raspberry_Pi/Pico_SDK_v1.5.1/pico-sdk/src/common/pico_time/time.c.obj
                0x100015a0                sleep_ms
 .text.best_effort_wfe_or_timeout
                0x100015b4       0xac CMakeFiles/remote-control-car.dir/C_/Program_Files/Raspberry_Pi/Pico_SDK_v1.5.1/pico-sdk/src/common/pico_time/time.c.obj
                0x100015b4                best_effort_wfe_or_timeout
 .text.hardware_alarm_irq_handler
                0x10001660       0x90 CMakeFiles/remote-control-car.dir/C_/Program_Files/Raspberry_Pi/Pico_SDK_v1.5.1/pico-sdk/src/rp2_common/hardware_timer/timer.c.obj
 .text.hardware_alarm_claim
                0x100016f0       0x18 CMakeFiles/remote-control-car.dir/C_/Program_Files/Raspberry_Pi/Pico_SDK_v1.5.1/pico-sdk/src/rp2_common/hardware_timer/timer.c.obj
                0x100016f0                hardware_alarm_claim
 .text.time_us_64
                0x10001708       0x18 CMakeFiles/remote-control-car.dir/C_/Program_Files/Raspberry_Pi/Pico_SDK_v1.5.1/pico-sdk/src/rp2_common/hardware_timer/timer.c.obj
                0x10001708                time_us_64
 .text.busy_wait_until
                0x10001720       0x28 CMakeFiles/remote-control-car.dir/C_/Program_Files/Raspberry_Pi/Pico_SDK_v1.5.1/pico-sdk/src/rp2_common/hardware_timer/timer.c.obj
                0x10001720                busy_wait_until
 .text.busy_wait_us
                0x10001748       0x48 CMakeFiles/remote-control-car.dir/C_/Program_Files/Raspberry_Pi/Pico_SDK_v1.5.1/pico-sdk/src/rp2_common/hardware_timer/timer.c.obj
                0x10001748                busy_wait_us
 .text.hardware_alarm_set_callback
                0x10001790       0x90 CMakeFiles/remote-control-car.dir/C_/Program_Files/Raspberry_Pi/Pico_SDK_v1.5.1/pico-sdk/src/rp2_common/hardware_timer/timer.c.obj
                0x10001790                hardware_alarm_set_callback
 .text.hardware_alarm_set_target
                0x10001820       0xe8 CMakeFiles/remote-control-car.dir/C_/Program_Files/Raspberry_Pi/Pico_SDK_v1.5.1/pico-sdk/src/rp2_common/hardware_timer/timer.c.obj
                0x10001820                hardware_alarm_set_target
 .text.hardware_alarm_cancel
                0x10001908       0x40 CMakeFiles/remote-control-car.dir/C_/Program_Files/Raspberry_Pi/Pico_SDK_v1.5.1/pico-sdk/src/rp2_common/hardware_timer/timer.c.obj
                0x10001908                hardware_alarm_cancel
 .text.ph_add_child_node
                0x10001948       0xa4 CMakeFiles/remote-control-car.dir/C_/Program_Files/Raspberry_Pi/Pico_SDK_v1.5.1/pico-sdk/src/common/pico_util/pheap.c.obj
 .text.ph_merge_nodes
                0x100019ec       0x3e CMakeFiles/remote-control-car.dir/C_/Program_Files/Raspberry_Pi/Pico_SDK_v1.5.1/pico-sdk/src/common/pico_util/pheap.c.obj
 *fill*         0x10001a2a        0x2 
 .text.ph_clear
                0x10001a2c       0x70 CMakeFiles/remote-control-car.dir/C_/Program_Files/Raspberry_Pi/Pico_SDK_v1.5.1/pico-sdk/src/common/pico_util/pheap.c.obj
                0x10001a2c                ph_clear
 .text.ph_post_alloc_init
                0x10001a9c        0xe CMakeFiles/remote-control-car.dir/C_/Program_Files/Raspberry_Pi/Pico_SDK_v1.5.1/pico-sdk/src/common/pico_util/pheap.c.obj
                0x10001a9c                ph_post_alloc_init
 *fill*         0x10001aaa        0x2 
 .text.ph_merge_two_pass
                0x10001aac       0xa8 CMakeFiles/remote-control-car.dir/C_/Program_Files/Raspberry_Pi/Pico_SDK_v1.5.1/pico-sdk/src/common/pico_util/pheap.c.obj
                0x10001aac                ph_merge_two_pass
 .text.ph_remove_any_head
                0x10001b54      0x128 CMakeFiles/remote-control-car.dir/C_/Program_Files/Raspberry_Pi/Pico_SDK_v1.5.1/pico-sdk/src/common/pico_util/pheap.c.obj
 .text.ph_remove_head
                0x10001c7c       0x14 CMakeFiles/remote-control-car.dir/C_/Program_Files/Raspberry_Pi/Pico_SDK_v1.5.1/pico-sdk/src/common/pico_util/pheap.c.obj
                0x10001c7c                ph_remove_head
 .text.ph_remove_and_free_node
                0x10001c90       0xf8 CMakeFiles/remote-control-car.dir/C_/Program_Files/Raspberry_Pi/Pico_SDK_v1.5.1/pico-sdk/src/common/pico_util/pheap.c.obj
                0x10001c90                ph_remove_and_free_node
 .text.uart_disable_before_lcr_write
                0x10001d88       0x48 CMakeFiles/remote-control-car.dir/C_/Program_Files/Raspberry_Pi/Pico_SDK_v1.5.1/pico-sdk/src/rp2_common/hardware_uart/uart.c.obj
 .text.uart_write_lcr_bits_masked
                0x10001dd0       0x22 CMakeFiles/remote-control-car.dir/C_/Program_Files/Raspberry_Pi/Pico_SDK_v1.5.1/pico-sdk/src/rp2_common/hardware_uart/uart.c.obj
 *fill*         0x10001df2        0x2 
 .text.uart_set_baudrate
                0x10001df4       0x5c CMakeFiles/remote-control-car.dir/C_/Program_Files/Raspberry_Pi/Pico_SDK_v1.5.1/pico-sdk/src/rp2_common/hardware_uart/uart.c.obj
                0x10001df4                uart_set_baudrate
 .text.uart_set_format
                0x10001e50       0x2c CMakeFiles/remote-control-car.dir/C_/Program_Files/Raspberry_Pi/Pico_SDK_v1.5.1/pico-sdk/src/rp2_common/hardware_uart/uart.c.obj
                0x10001e50                uart_set_format
 .text.uart_set_translate_crlf
                0x10001e7c       0x28 CMakeFiles/remote-control-car.dir/C_/Program_Files/Raspberry_Pi/Pico_SDK_v1.5.1/pico-sdk/src/rp2_common/hardware_uart/uart.c.obj
                0x10001e7c                uart_set_translate_crlf
 .text.uart_init
                0x10001ea4       0x80 CMakeFiles/remote-control-car.dir/C_/Program_Files/Raspberry_Pi/Pico_SDK_v1.5.1/pico-sdk/src/rp2_common/hardware_uart/uart.c.obj
                0x10001ea4                uart_init
 .text.clock_configure
                0x10001f24      0x108 CMakeFiles/remote-control-car.dir/C_/Program_Files/Raspberry_Pi/Pico_SDK_v1.5.1/pico-sdk/src/rp2_common/hardware_clocks/clocks.c.obj
                0x10001f24                clock_configure
 .text.clocks_init
                0x1000202c      0x100 CMakeFiles/remote-control-car.dir/C_/Program_Files/Raspberry_Pi/Pico_SDK_v1.5.1/pico-sdk/src/rp2_common/hardware_clocks/clocks.c.obj
                0x1000202c                clocks_init
 .text.clock_get_hz
                0x1000212c        0xc CMakeFiles/remote-control-car.dir/C_/Program_Files/Raspberry_Pi/Pico_SDK_v1.5.1/pico-sdk/src/rp2_common/hardware_clocks/clocks.c.obj
                0x1000212c                clock_get_hz
 .text.pll_init
                0x10002138      0x120 CMakeFiles/remote-control-car.dir/C_/Program_Files/Raspberry_Pi/Pico_SDK_v1.5.1/pico-sdk/src/rp2_common/hardware_pll/pll.c.obj
                0x10002138                pll_init
 .text.watchdog_start_tick
                0x10002258       0x10 CMakeFiles/remote-control-car.dir/C_/Program_Files/Raspberry_Pi/Pico_SDK_v1.5.1/pico-sdk/src/rp2_common/hardware_watchdog/watchdog.c.obj
                0x10002258                watchdog_start_tick
 .text.xosc_init
                0x10002268       0x28 CMakeFiles/remote-control-car.dir/C_/Program_Files/Raspberry_Pi/Pico_SDK_v1.5.1/pico-sdk/src/rp2_common/hardware_xosc/xosc.c.obj
                0x10002268                xosc_init
 .text._exit    0x10002290        0x4 CMakeFiles/remote-control-car.dir/C_/Program_Files/Raspberry_Pi/Pico_SDK_v1.5.1/pico-sdk/src/rp2_common/pico_runtime/runtime.c.obj
                0x10002290                _exit
 .text.exit     0x10002294        0x6 CMakeFiles/remote-control-car.dir/C_/Program_Files/Raspberry_Pi/Pico_SDK_v1.5.1/pico-sdk/src/rp2_common/pico_runtime/runtime.c.obj
                0x10002294                exit
 *fill*         0x1000229a        0x2 
 .text.__assert_func
                0x1000229c       0x3c CMakeFiles/remote-control-car.dir/C_/Program_Files/Raspberry_Pi/Pico_SDK_v1.5.1/pico-sdk/src/rp2_common/pico_runtime/runtime.c.obj
                0x1000229c                __assert_func
 .text.runtime_init
                0x100022d8       0xf8 CMakeFiles/remote-control-car.dir/C_/Program_Files/Raspberry_Pi/Pico_SDK_v1.5.1/pico-sdk/src/rp2_common/pico_runtime/runtime.c.obj
                0x100022d8                runtime_init
 .text.panic    0x100023d0       0x30 CMakeFiles/remote-control-car.dir/C_/Program_Files/Raspberry_Pi/Pico_SDK_v1.5.1/pico-sdk/src/rp2_common/pico_runtime/runtime.c.obj
                0x100023d0                panic
 .text.panic_unsupported
                0x10002400        0xc CMakeFiles/remote-control-car.dir/C_/Program_Files/Raspberry_Pi/Pico_SDK_v1.5.1/pico-sdk/src/rp2_common/pico_runtime/runtime.c.obj
                0x10002400                panic_unsupported
 .text._out_null
                0x1000240c        0x2 CMakeFiles/remote-control-car.dir/C_/Program_Files/Raspberry_Pi/Pico_SDK_v1.5.1/pico-sdk/src/rp2_common/pico_printf/printf.c.obj
 .text._out_fct
                0x1000240e        0xe CMakeFiles/remote-control-car.dir/C_/Program_Files/Raspberry_Pi/Pico_SDK_v1.5.1/pico-sdk/src/rp2_common/pico_printf/printf.c.obj
 .text._atoi    0x1000241c       0x24 CMakeFiles/remote-control-car.dir/C_/Program_Files/Raspberry_Pi/Pico_SDK_v1.5.1/pico-sdk/src/rp2_common/pico_printf/printf.c.obj
 .text._out_rev
                0x10002440       0xae CMakeFiles/remote-control-car.dir/C_/Program_Files/Raspberry_Pi/Pico_SDK_v1.5.1/pico-sdk/src/rp2_common/pico_printf/printf.c.obj
 .text._ntoa_format
                0x100024ee      0x112 CMakeFiles/remote-control-car.dir/C_/Program_Files/Raspberry_Pi/Pico_SDK_v1.5.1/pico-sdk/src/rp2_common/pico_printf/printf.c.obj
 .text._ntoa_long
                0x10002600       0xbc CMakeFiles/remote-control-car.dir/C_/Program_Files/Raspberry_Pi/Pico_SDK_v1.5.1/pico-sdk/src/rp2_common/pico_printf/printf.c.obj
 .text._ntoa_long_long
                0x100026bc       0xe2 CMakeFiles/remote-control-car.dir/C_/Program_Files/Raspberry_Pi/Pico_SDK_v1.5.1/pico-sdk/src/rp2_common/pico_printf/printf.c.obj
 *fill*         0x1000279e        0x2 
 .text._etoa    0x100027a0      0x414 CMakeFiles/remote-control-car.dir/C_/Program_Files/Raspberry_Pi/Pico_SDK_v1.5.1/pico-sdk/src/rp2_common/pico_printf/printf.c.obj
 .text._ftoa    0x10002bb4      0x354 CMakeFiles/remote-control-car.dir/C_/Program_Files/Raspberry_Pi/Pico_SDK_v1.5.1/pico-sdk/src/rp2_common/pico_printf/printf.c.obj
 .text._vsnprintf
                0x10002f08      0x624 CMakeFiles/remote-control-car.dir/C_/Program_Files/Raspberry_Pi/Pico_SDK_v1.5.1/pico-sdk/src/rp2_common/pico_printf/printf.c.obj
 .text.vfctprintf
                0x1000352c       0x20 CMakeFiles/remote-control-car.dir/C_/Program_Files/Raspberry_Pi/Pico_SDK_v1.5.1/pico-sdk/src/rp2_common/pico_printf/printf.c.obj
                0x1000352c                vfctprintf
 .text          0x1000354c       0x10 CMakeFiles/remote-control-car.dir/C_/Program_Files/Raspberry_Pi/Pico_SDK_v1.5.1/pico-sdk/src/rp2_common/pico_bit_ops/bit_ops_aeabi.S.obj
 .text.rom_func_lookup
                0x1000355c       0x10 CMakeFiles/remote-control-car.dir/C_/Program_Files/Raspberry_Pi/Pico_SDK_v1.5.1/pico-sdk/src/rp2_common/pico_bootrom/bootrom.c.obj
                0x1000355c                rom_func_lookup
 .text.rom_data_lookup
                0x1000356c       0x10 CMakeFiles/remote-control-car.dir/C_/Program_Files/Raspberry_Pi/Pico_SDK_v1.5.1/pico-sdk/src/rp2_common/pico_bootrom/bootrom.c.obj
                0x1000356c                rom_data_lookup
 .text.rom_funcs_lookup
                0x1000357c       0x36 CMakeFiles/remote-control-car.dir/C_/Program_Files/Raspberry_Pi/Pico_SDK_v1.5.1/pico-sdk/src/rp2_common/pico_bootrom/bootrom.c.obj
                0x1000357c                rom_funcs_lookup
 *fill*         0x100035b2        0x2 
 .text.__wrap___aeabi_idiv
                0x100035b4       0x50 CMakeFiles/remote-control-car.dir/C_/Program_Files/Raspberry_Pi/Pico_SDK_v1.5.1/pico-sdk/src/rp2_common/pico_divider/divider.S.obj
                0x100035b4                __wrap___aeabi_idivmod
                0x100035b4                divmod_s32s32
                0x100035b4                div_s32s32
                0x100035b4                __wrap___aeabi_idiv
                0x100035bc                divmod_s32s32_unsafe
                0x100035e8                divmod_s32s32_savestate
 .text.__wrap___aeabi_uidiv
                0x10003604       0x4c CMakeFiles/remote-control-car.dir/C_/Program_Files/Raspberry_Pi/Pico_SDK_v1.5.1/pico-sdk/src/rp2_common/pico_divider/divider.S.obj
                0x10003604                __wrap___aeabi_uidiv
                0x10003604                __wrap___aeabi_uidivmod
                0x10003604                div_u32u32
                0x10003604                divmod_u32u32
                0x1000360c                divmod_u32u32_unsafe
                0x10003634                divmod_u32u32_savestate
 .text.__wrap___aeabi_ldiv
                0x10003650      0x424 CMakeFiles/remote-control-car.dir/C_/Program_Files/Raspberry_Pi/Pico_SDK_v1.5.1/pico-sdk/src/rp2_common/pico_divider/divider.S.obj
                0x10003650                div_s64s64
                0x10003650                divmod_s64s64
                0x10003650                __wrap___aeabi_ldivmod
                0x10003680                divmod_u64u64
                0x10003680                div_u64u64
                0x10003680                __wrap___aeabi_uldivmod
                0x10003690                divmod_u64u64_savestate
                0x100036b0                divmod_s64s64_unsafe
                0x10003738                divmod_u64u64_unsafe
 .text.__wrap___aeabi_darithmetic
                0x10003a74       0x80 CMakeFiles/remote-control-car.dir/C_/Program_Files/Raspberry_Pi/Pico_SDK_v1.5.1/pico-sdk/src/rp2_common/pico_double/double_aeabi.S.obj
                0x10003a74                __wrap___aeabi_drsub
                0x10003a7a                __wrap___aeabi_dsub
                0x10003a8c                __wrap___aeabi_dadd
                0x10003a9e                __wrap___aeabi_ddiv
                0x10003ada                __wrap___aeabi_dmul
 .text.__wrap___aeabi_cdcmple
                0x10003af4       0x6c CMakeFiles/remote-control-car.dir/C_/Program_Files/Raspberry_Pi/Pico_SDK_v1.5.1/pico-sdk/src/rp2_common/pico_double/double_aeabi.S.obj
                0x10003af4                __wrap___aeabi_cdrcmple
                0x10003b04                __wrap___aeabi_cdcmpeq
                0x10003b04                __wrap___aeabi_cdcmple
 .text.__wrap___aeabi_dcmplt
                0x10003b60        0xc CMakeFiles/remote-control-car.dir/C_/Program_Files/Raspberry_Pi/Pico_SDK_v1.5.1/pico-sdk/src/rp2_common/pico_double/double_aeabi.S.obj
                0x10003b60                __wrap___aeabi_dcmplt
 .text.__wrap___aeabi_dcmple
                0x10003b6c       0x10 CMakeFiles/remote-control-car.dir/C_/Program_Files/Raspberry_Pi/Pico_SDK_v1.5.1/pico-sdk/src/rp2_common/pico_double/double_aeabi.S.obj
                0x10003b6c                __wrap___aeabi_dcmple
 .text.__wrap___aeabi_dcmpge
                0x10003b7c       0x10 CMakeFiles/remote-control-car.dir/C_/Program_Files/Raspberry_Pi/Pico_SDK_v1.5.1/pico-sdk/src/rp2_common/pico_double/double_aeabi.S.obj
                0x10003b7c                __wrap___aeabi_dcmpge
 .text.__wrap___aeabi_dcmpgt
                0x10003b8c        0xa CMakeFiles/remote-control-car.dir/C_/Program_Files/Raspberry_Pi/Pico_SDK_v1.5.1/pico-sdk/src/rp2_common/pico_double/double_aeabi.S.obj
                0x10003b8c                __wrap___aeabi_dcmpgt
 .text.__wrap___aeabi_dcmpun
                0x10003b96       0x1c CMakeFiles/remote-control-car.dir/C_/Program_Files/Raspberry_Pi/Pico_SDK_v1.5.1/pico-sdk/src/rp2_common/pico_double/double_aeabi.S.obj
                0x10003b96                __wrap___aeabi_dcmpun
 *fill*         0x10003bb2        0x2 
 .text.__wrap___aeabi_i2d
                0x10003bb4       0x38 CMakeFiles/remote-control-car.dir/C_/Program_Files/Raspberry_Pi/Pico_SDK_v1.5.1/pico-sdk/src/rp2_common/pico_double/double_aeabi.S.obj
                0x10003bb4                __wrap___aeabi_ui2d
                0x10003bbc                __wrap___aeabi_i2d
 .text.__wrap___aeabi_d2iz
                0x10003bec       0x48 CMakeFiles/remote-control-car.dir/C_/Program_Files/Raspberry_Pi/Pico_SDK_v1.5.1/pico-sdk/src/rp2_common/pico_double/double_aeabi.S.obj
                0x10003bec                double2int_z
                0x10003bec                __wrap___aeabi_d2iz
 .text.__wrap___aeabi_d2uiz
                0x10003c34       0x18 CMakeFiles/remote-control-car.dir/C_/Program_Files/Raspberry_Pi/Pico_SDK_v1.5.1/pico-sdk/src/rp2_common/pico_double/double_aeabi.S.obj
                0x10003c34                __wrap___aeabi_d2uiz
                0x10003c34                double2uint
 .text.__wrap___aeabi_d2f
                0x10003c4c       0x18 CMakeFiles/remote-control-car.dir/C_/Program_Files/Raspberry_Pi/Pico_SDK_v1.5.1/pico-sdk/src/rp2_common/pico_double/double_aeabi.S.obj
                0x10003c4c                __wrap___aeabi_d2f
 .text.__aeabi_double_init
                0x10003c64       0xc8 CMakeFiles/remote-control-car.dir/C_/Program_Files/Raspberry_Pi/Pico_SDK_v1.5.1/pico-sdk/src/rp2_common/pico_double/double_init_rom.c.obj
                0x10003c64                __aeabi_double_init
 .text.double_table_shim_on_use_helper
                0x10003d2c       0x34 CMakeFiles/remote-control-car.dir/C_/Program_Files/Raspberry_Pi/Pico_SDK_v1.5.1/pico-sdk/src/rp2_common/pico_double/double_v1_rom_shim.S.obj
                0x10003d2c                double_table_shim_on_use_helper
 .text.__wrap___aeabi_dsub
                0x10003d60       0x10 CMakeFiles/remote-control-car.dir/C_/Program_Files/Raspberry_Pi/Pico_SDK_v1.5.1/pico-sdk/src/rp2_common/pico_double/double_v1_rom_shim.S.obj
                0x10003d60                drsub_shim
                0x10003d66                dsub_shim
 .text.dadd_shim
                0x10003d70      0x15c CMakeFiles/remote-control-car.dir/C_/Program_Files/Raspberry_Pi/Pico_SDK_v1.5.1/pico-sdk/src/rp2_common/pico_double/double_v1_rom_shim.S.obj
                0x10003d70                dadd_shim
 .text.dmul_shim
                0x10003ecc      0x15c CMakeFiles/remote-control-car.dir/C_/Program_Files/Raspberry_Pi/Pico_SDK_v1.5.1/pico-sdk/src/rp2_common/pico_double/double_v1_rom_shim.S.obj
                0x10003ecc                dmul_shim
 .text.ddiv_shim
                0x10004028      0x1b0 CMakeFiles/remote-control-car.dir/C_/Program_Files/Raspberry_Pi/Pico_SDK_v1.5.1/pico-sdk/src/rp2_common/pico_double/double_v1_rom_shim.S.obj
                0x10004028                ddiv_shim
 .text.double2uint_shim
                0x100041d8        0xe CMakeFiles/remote-control-car.dir/C_/Program_Files/Raspberry_Pi/Pico_SDK_v1.5.1/pico-sdk/src/rp2_common/pico_double/double_v1_rom_shim.S.obj
                0x100041d8                double2uint_shim
                0x100041da                double2ufix_shim
 *fill*         0x100041e6        0x2 
 .text.double2uint64_shim
                0x100041e8       0x70 CMakeFiles/remote-control-car.dir/C_/Program_Files/Raspberry_Pi/Pico_SDK_v1.5.1/pico-sdk/src/rp2_common/pico_double/double_v1_rom_shim.S.obj
                0x100041e8                double2uint64_shim
                0x100041ea                double2ufix64_shim
                0x1000420a                d2fix_a
 .text.double2float_shim
                0x10004258       0x5c CMakeFiles/remote-control-car.dir/C_/Program_Files/Raspberry_Pi/Pico_SDK_v1.5.1/pico-sdk/src/rp2_common/pico_double/double_v1_rom_shim.S.obj
                0x10004258                double2float_shim
 .text.dunpacks
                0x100042b4       0x3c CMakeFiles/remote-control-car.dir/C_/Program_Files/Raspberry_Pi/Pico_SDK_v1.5.1/pico-sdk/src/rp2_common/pico_double/double_v1_rom_shim.S.obj
                0x100042b4                dunpacks
 .text.__aeabi_lmul
                0x100042f0       0x32 CMakeFiles/remote-control-car.dir/C_/Program_Files/Raspberry_Pi/Pico_SDK_v1.5.1/pico-sdk/src/rp2_common/pico_int64_ops/pico_int64_ops_aeabi.S.obj
                0x100042f0                __wrap___aeabi_lmul
 *fill*         0x10004322        0x2 
 .text.__wrap___aeabi_farithmetic
                0x10004324       0x58 CMakeFiles/remote-control-car.dir/C_/Program_Files/Raspberry_Pi/Pico_SDK_v1.5.1/pico-sdk/src/rp2_common/pico_float/float_aeabi.S.obj
                0x10004324                __wrap___aeabi_frsub
                0x1000432a                __wrap___aeabi_fsub
                0x10004334                __wrap___aeabi_fadd
                0x1000433e                __wrap___aeabi_fdiv
                0x1000436a                __wrap___aeabi_fmul
 .text.__wrap___aeabi_ui2f
                0x1000437c        0xa CMakeFiles/remote-control-car.dir/C_/Program_Files/Raspberry_Pi/Pico_SDK_v1.5.1/pico-sdk/src/rp2_common/pico_float/float_aeabi.S.obj
                0x1000437c                __wrap___aeabi_ui2f
 *fill*         0x10004386        0x2 
 .text.__wrap___aeabi_i2f
                0x10004388       0x44 CMakeFiles/remote-control-car.dir/C_/Program_Files/Raspberry_Pi/Pico_SDK_v1.5.1/pico-sdk/src/rp2_common/pico_float/float_aeabi.S.obj
                0x10004388                __wrap___aeabi_i2f
 .text.__wrap___aeabi_f2uiz
                0x100043cc       0x10 CMakeFiles/remote-control-car.dir/C_/Program_Files/Raspberry_Pi/Pico_SDK_v1.5.1/pico-sdk/src/rp2_common/pico_float/float_aeabi.S.obj
                0x100043cc                __wrap___aeabi_f2uiz
 .text.__aeabi_float_init
                0x100043dc       0xfc CMakeFiles/remote-control-car.dir/C_/Program_Files/Raspberry_Pi/Pico_SDK_v1.5.1/pico-sdk/src/rp2_common/pico_float/float_init_rom.c.obj
                0x100043dc                __aeabi_float_init
 .text.float_table_shim_on_use_helper
                0x100044d8       0x34 CMakeFiles/remote-control-car.dir/C_/Program_Files/Raspberry_Pi/Pico_SDK_v1.5.1/pico-sdk/src/rp2_common/pico_float/float_v1_rom_shim.S.obj
                0x100044d8                float_table_shim_on_use_helper
 .text          0x1000450c       0x10 CMakeFiles/remote-control-car.dir/C_/Program_Files/Raspberry_Pi/Pico_SDK_v1.5.1/pico-sdk/src/rp2_common/pico_mem_ops/mem_ops_aeabi.S.obj
                0x1000450c                __aeabi_mem_init
 .text.memset   0x1000451c        0xc CMakeFiles/remote-control-car.dir/C_/Program_Files/Raspberry_Pi/Pico_SDK_v1.5.1/pico-sdk/src/rp2_common/pico_mem_ops/mem_ops_aeabi.S.obj
                0x1000451c                __wrap_memset
 .text.memcpy   0x10004528        0xc CMakeFiles/remote-control-car.dir/C_/Program_Files/Raspberry_Pi/Pico_SDK_v1.5.1/pico-sdk/src/rp2_common/pico_mem_ops/mem_ops_aeabi.S.obj
                0x10004528                __wrap_memcpy
                0x10004528                __wrap___aeabi_memcpy
 .text.stdio_out_chars_no_crlf
                0x10004534        0xe CMakeFiles/remote-control-car.dir/C_/Program_Files/Raspberry_Pi/Pico_SDK_v1.5.1/pico-sdk/src/rp2_common/pico_stdio/stdio.c.obj
 *fill*         0x10004542        0x2 
 .text.stdio_out_chars_crlf
                0x10004544       0x80 CMakeFiles/remote-control-car.dir/C_/Program_Files/Raspberry_Pi/Pico_SDK_v1.5.1/pico-sdk/src/rp2_common/pico_stdio/stdio.c.obj
 .text.stdio_stack_buffer_flush
                0x100045c4       0x44 CMakeFiles/remote-control-car.dir/C_/Program_Files/Raspberry_Pi/Pico_SDK_v1.5.1/pico-sdk/src/rp2_common/pico_stdio/stdio.c.obj
 .text.stdio_buffered_printer
                0x10004608       0x20 CMakeFiles/remote-control-car.dir/C_/Program_Files/Raspberry_Pi/Pico_SDK_v1.5.1/pico-sdk/src/rp2_common/pico_stdio/stdio.c.obj
 .text.stdout_serialize_begin
                0x10004628       0x5c CMakeFiles/remote-control-car.dir/C_/Program_Files/Raspberry_Pi/Pico_SDK_v1.5.1/pico-sdk/src/rp2_common/pico_stdio/stdio.c.obj
                0x10004628                stdout_serialize_begin
 .text.stdout_serialize_end
                0x10004684       0x10 CMakeFiles/remote-control-car.dir/C_/Program_Files/Raspberry_Pi/Pico_SDK_v1.5.1/pico-sdk/src/rp2_common/pico_stdio/stdio.c.obj
                0x10004684                stdout_serialize_end
 .text.stdio_put_string
                0x10004694       0x98 CMakeFiles/remote-control-car.dir/C_/Program_Files/Raspberry_Pi/Pico_SDK_v1.5.1/pico-sdk/src/rp2_common/pico_stdio/stdio.c.obj
 .text.stdio_set_driver_enabled
                0x1000472c       0x2c CMakeFiles/remote-control-car.dir/C_/Program_Files/Raspberry_Pi/Pico_SDK_v1.5.1/pico-sdk/src/rp2_common/pico_stdio/stdio.c.obj
                0x1000472c                stdio_set_driver_enabled
 .text.stdio_flush
                0x10004758       0x20 CMakeFiles/remote-control-car.dir/C_/Program_Files/Raspberry_Pi/Pico_SDK_v1.5.1/pico-sdk/src/rp2_common/pico_stdio/stdio.c.obj
                0x10004758                stdio_flush
 .text.__wrap_puts
                0x10004778       0x1e CMakeFiles/remote-control-car.dir/C_/Program_Files/Raspberry_Pi/Pico_SDK_v1.5.1/pico-sdk/src/rp2_common/pico_stdio/stdio.c.obj
                0x10004778                __wrap_puts
 *fill*         0x10004796        0x2 
 .text.__wrap_vprintf
                0x10004798       0x40 CMakeFiles/remote-control-car.dir/C_/Program_Files/Raspberry_Pi/Pico_SDK_v1.5.1/pico-sdk/src/rp2_common/pico_stdio/stdio.c.obj
                0x10004798                __wrap_vprintf
 .text.__wrap_printf
                0x100047d8       0x18 CMakeFiles/remote-control-car.dir/C_/Program_Files/Raspberry_Pi/Pico_SDK_v1.5.1/pico-sdk/src/rp2_common/pico_stdio/stdio.c.obj
                0x100047d8                __wrap_printf
 .text.stdio_init_all
                0x100047f0        0xa CMakeFiles/remote-control-car.dir/C_/Program_Files/Raspberry_Pi/Pico_SDK_v1.5.1/pico-sdk/src/rp2_common/pico_stdio/stdio.c.obj
                0x100047f0                stdio_init_all
 *fill*         0x100047fa        0x2 
 .text.stdio_uart_out_chars
                0x100047fc       0x74 CMakeFiles/remote-control-car.dir/C_/Program_Files/Raspberry_Pi/Pico_SDK_v1.5.1/pico-sdk/src/rp2_common/pico_stdio_uart/stdio_uart.c.obj
 .text.stdio_uart_in_chars
                0x10004870       0x80 CMakeFiles/remote-control-car.dir/C_/Program_Files/Raspberry_Pi/Pico_SDK_v1.5.1/pico-sdk/src/rp2_common/pico_stdio_uart/stdio_uart.c.obj
                0x10004870                stdio_uart_in_chars
 .text.on_uart_rx
                0x100048f0       0x28 CMakeFiles/remote-control-car.dir/C_/Program_Files/Raspberry_Pi/Pico_SDK_v1.5.1/pico-sdk/src/rp2_common/pico_stdio_uart/stdio_uart.c.obj
 .text.stdio_uart_set_chars_available_callback
                0x10004918       0x8c CMakeFiles/remote-control-car.dir/C_/Program_Files/Raspberry_Pi/Pico_SDK_v1.5.1/pico-sdk/src/rp2_common/pico_stdio_uart/stdio_uart.c.obj
 .text.stdio_uart_init_full
                0x100049a4       0x44 CMakeFiles/remote-control-car.dir/C_/Program_Files/Raspberry_Pi/Pico_SDK_v1.5.1/pico-sdk/src/rp2_common/pico_stdio_uart/stdio_uart.c.obj
                0x100049a4                stdio_uart_init_full
 .text.stdio_uart_init
                0x100049e8       0x28 CMakeFiles/remote-control-car.dir/C_/Program_Files/Raspberry_Pi/Pico_SDK_v1.5.1/pico-sdk/src/rp2_common/pico_stdio_uart/stdio_uart.c.obj
                0x100049e8                stdio_uart_init
 .text.i2c_write_blocking_internal
                0x10004a10      0x140 CMakeFiles/remote-control-car.dir/C_/Program_Files/Raspberry_Pi/Pico_SDK_v1.5.1/pico-sdk/src/rp2_common/hardware_i2c/i2c.c.obj
 .text.i2c_set_baudrate
                0x10004b50       0xf0 CMakeFiles/remote-control-car.dir/C_/Program_Files/Raspberry_Pi/Pico_SDK_v1.5.1/pico-sdk/src/rp2_common/hardware_i2c/i2c.c.obj
                0x10004b50                i2c_set_baudrate
 .text.i2c_init
                0x10004c40       0x58 CMakeFiles/remote-control-car.dir/C_/Program_Files/Raspberry_Pi/Pico_SDK_v1.5.1/pico-sdk/src/rp2_common/hardware_i2c/i2c.c.obj
                0x10004c40                i2c_init
 .text.i2c_write_blocking
                0x10004c98       0x18 CMakeFiles/remote-control-car.dir/C_/Program_Files/Raspberry_Pi/Pico_SDK_v1.5.1/pico-sdk/src/rp2_common/hardware_i2c/i2c.c.obj
                0x10004c98                i2c_write_blocking
 .text._pio_can_add_program_at_offset
                0x10004cb0       0x3c CMakeFiles/remote-control-car.dir/C_/Program_Files/Raspberry_Pi/Pico_SDK_v1.5.1/pico-sdk/src/rp2_common/hardware_pio/pio.c.obj
 .text._pio_find_offset_for_program
                0x10004cec       0x7c CMakeFiles/remote-control-car.dir/C_/Program_Files/Raspberry_Pi/Pico_SDK_v1.5.1/pico-sdk/src/rp2_common/hardware_pio/pio.c.obj
 .text._pio_add_program_at_offset
                0x10004d68       0x78 CMakeFiles/remote-control-car.dir/C_/Program_Files/Raspberry_Pi/Pico_SDK_v1.5.1/pico-sdk/src/rp2_common/hardware_pio/pio.c.obj
 .text.pio_claim_unused_sm
                0x10004de0       0x3c CMakeFiles/remote-control-car.dir/C_/Program_Files/Raspberry_Pi/Pico_SDK_v1.5.1/pico-sdk/src/rp2_common/hardware_pio/pio.c.obj
                0x10004de0                pio_claim_unused_sm
 .text.pio_can_add_program
                0x10004e1c       0x26 CMakeFiles/remote-control-car.dir/C_/Program_Files/Raspberry_Pi/Pico_SDK_v1.5.1/pico-sdk/src/rp2_common/hardware_pio/pio.c.obj
                0x10004e1c                pio_can_add_program
 *fill*         0x10004e42        0x2 
 .text.pio_add_program
                0x10004e44       0x38 CMakeFiles/remote-control-car.dir/C_/Program_Files/Raspberry_Pi/Pico_SDK_v1.5.1/pico-sdk/src/rp2_common/hardware_pio/pio.c.obj
                0x10004e44                pio_add_program
 .text.pio_sm_set_consecutive_pindirs
                0x10004e7c       0xa4 CMakeFiles/remote-control-car.dir/C_/Program_Files/Raspberry_Pi/Pico_SDK_v1.5.1/pico-sdk/src/rp2_common/hardware_pio/pio.c.obj
                0x10004e7c                pio_sm_set_consecutive_pindirs
 .text.pio_sm_init
                0x10004f20       0xe4 CMakeFiles/remote-control-car.dir/C_/Program_Files/Raspberry_Pi/Pico_SDK_v1.5.1/pico-sdk/src/rp2_common/hardware_pio/pio.c.obj
                0x10004f20                pio_sm_init
 .text.prvHeapInit
                0x10005004       0x58 CMakeFiles/remote-control-car.dir/C_/VSARM/FreeRTOS-Kernel/portable/MemMang/heap_4.c.obj
 .text.prvInsertBlockIntoFreeList
                0x1000505c       0x88 CMakeFiles/remote-control-car.dir/C_/VSARM/FreeRTOS-Kernel/portable/MemMang/heap_4.c.obj
 .text.pvPortMalloc
                0x100050e4      0x188 CMakeFiles/remote-control-car.dir/C_/VSARM/FreeRTOS-Kernel/portable/MemMang/heap_4.c.obj
                0x100050e4                pvPortMalloc
 .text.vPortFree
                0x1000526c       0xa8 CMakeFiles/remote-control-car.dir/C_/VSARM/FreeRTOS-Kernel/portable/MemMang/heap_4.c.obj
                0x1000526c                vPortFree
 .text.vPortSVCHandler
                0x10005314        0x2 CMakeFiles/remote-control-car.dir/C_/VSARM/FreeRTOS-Kernel/portable/ThirdParty/GCC/RP2040/port.c.obj
                0x10005314                vPortSVCHandler
 *fill*         0x10005316        0xa 
 .text.vPortStartFirstTask
                0x10005320       0x34 CMakeFiles/remote-control-car.dir/C_/VSARM/FreeRTOS-Kernel/portable/ThirdParty/GCC/RP2040/port.c.obj
 *fill*         0x10005354        0xc 
 .text.xPortPendSVHandler
                0x10005360       0x64 CMakeFiles/remote-control-car.dir/C_/VSARM/FreeRTOS-Kernel/portable/ThirdParty/GCC/RP2040/port.c.obj
                0x10005360                xPortPendSVHandler
 .text.prvTaskExitError
                0x100053c4        0x6 CMakeFiles/remote-control-car.dir/C_/VSARM/FreeRTOS-Kernel/portable/ThirdParty/GCC/RP2040/port.c.obj
 *fill*         0x100053ca        0x2 
 .text.prvFIFOInterruptHandler
                0x100053cc       0x78 CMakeFiles/remote-control-car.dir/C_/VSARM/FreeRTOS-Kernel/portable/ThirdParty/GCC/RP2040/port.c.obj
 .text.prvGetTicksToWaitBefore
                0x10005444       0x58 CMakeFiles/remote-control-car.dir/C_/VSARM/FreeRTOS-Kernel/portable/ThirdParty/GCC/RP2040/port.c.obj
 .text.pxPortInitialiseStack
                0x1000549c       0x20 CMakeFiles/remote-control-car.dir/C_/VSARM/FreeRTOS-Kernel/portable/ThirdParty/GCC/RP2040/port.c.obj
                0x1000549c                pxPortInitialiseStack
 .text.vPortYield
                0x100054bc       0x18 CMakeFiles/remote-control-car.dir/C_/VSARM/FreeRTOS-Kernel/portable/ThirdParty/GCC/RP2040/port.c.obj
                0x100054bc                vPortYield
 .text.vPortEnterCritical
                0x100054d4       0x18 CMakeFiles/remote-control-car.dir/C_/VSARM/FreeRTOS-Kernel/portable/ThirdParty/GCC/RP2040/port.c.obj
                0x100054d4                vPortEnterCritical
 .text.vPortExitCritical
                0x100054ec       0x38 CMakeFiles/remote-control-car.dir/C_/VSARM/FreeRTOS-Kernel/portable/ThirdParty/GCC/RP2040/port.c.obj
                0x100054ec                vPortExitCritical
 .text.ulSetInterruptMaskFromISR
                0x10005524        0x8 CMakeFiles/remote-control-car.dir/C_/VSARM/FreeRTOS-Kernel/portable/ThirdParty/GCC/RP2040/port.c.obj
                0x10005524                ulSetInterruptMaskFromISR
 .text.vClearInterruptMaskFromISR
                0x1000552c        0x6 CMakeFiles/remote-control-car.dir/C_/VSARM/FreeRTOS-Kernel/portable/ThirdParty/GCC/RP2040/port.c.obj
                0x1000552c                vClearInterruptMaskFromISR
 *fill*         0x10005532        0x2 
 .text.xPortSysTickHandler
                0x10005534       0x24 CMakeFiles/remote-control-car.dir/C_/VSARM/FreeRTOS-Kernel/portable/ThirdParty/GCC/RP2040/port.c.obj
                0x10005534                xPortSysTickHandler
 .text.vPortSetupTimerInterrupt
                0x10005558       0x34 CMakeFiles/remote-control-car.dir/C_/VSARM/FreeRTOS-Kernel/portable/ThirdParty/GCC/RP2040/port.c.obj
                0x10005558                vPortSetupTimerInterrupt
 .text.xPortStartScheduler
                0x1000558c       0xa8 CMakeFiles/remote-control-car.dir/C_/VSARM/FreeRTOS-Kernel/portable/ThirdParty/GCC/RP2040/port.c.obj
                0x1000558c                xPortStartScheduler
 .text.ulPortLockGetCurrentOwnerId
                0x10005634       0x2c CMakeFiles/remote-control-car.dir/C_/VSARM/FreeRTOS-Kernel/portable/ThirdParty/GCC/RP2040/port.c.obj
                0x10005634                ulPortLockGetCurrentOwnerId
 .text.vPortLockInternalSpinUnlockWithWait
                0x10005660       0xa8 CMakeFiles/remote-control-car.dir/C_/VSARM/FreeRTOS-Kernel/portable/ThirdParty/GCC/RP2040/port.c.obj
                0x10005660                vPortLockInternalSpinUnlockWithWait
 .text.vPortLockInternalSpinUnlockWithNotify
                0x10005708       0xd4 CMakeFiles/remote-control-car.dir/C_/VSARM/FreeRTOS-Kernel/portable/ThirdParty/GCC/RP2040/port.c.obj
                0x10005708                vPortLockInternalSpinUnlockWithNotify
 .text.xPortLockInternalSpinUnlockWithBestEffortWaitOrTimeout
                0x100057dc      0x104 CMakeFiles/remote-control-car.dir/C_/VSARM/FreeRTOS-Kernel/portable/ThirdParty/GCC/RP2040/port.c.obj
                0x100057dc                xPortLockInternalSpinUnlockWithBestEffortWaitOrTimeout
 .text.prvRuntimeInitializer
                0x100058e0       0x28 CMakeFiles/remote-control-car.dir/C_/VSARM/FreeRTOS-Kernel/portable/ThirdParty/GCC/RP2040/port.c.obj
 .text.prvTestWaitCondition
                0x10005908       0x1e CMakeFiles/remote-control-car.dir/C_/VSARM/FreeRTOS-Kernel/event_groups.c.obj
 .text.xEventGroupCreate
                0x10005926       0x18 CMakeFiles/remote-control-car.dir/C_/VSARM/FreeRTOS-Kernel/event_groups.c.obj
                0x10005926                xEventGroupCreate
 *fill*         0x1000593e        0x2 
 .text.xEventGroupWaitBits
                0x10005940      0x124 CMakeFiles/remote-control-car.dir/C_/VSARM/FreeRTOS-Kernel/event_groups.c.obj
                0x10005940                xEventGroupWaitBits
 .text.xEventGroupSetBits
                0x10005a64       0x98 CMakeFiles/remote-control-car.dir/C_/VSARM/FreeRTOS-Kernel/event_groups.c.obj
                0x10005a64                xEventGroupSetBits
 .text.vEventGroupSetBitsCallback
                0x10005afc        0x8 CMakeFiles/remote-control-car.dir/C_/VSARM/FreeRTOS-Kernel/event_groups.c.obj
                0x10005afc                vEventGroupSetBitsCallback
 .text.xEventGroupSetBitsFromISR
                0x10005b04       0x14 CMakeFiles/remote-control-car.dir/C_/VSARM/FreeRTOS-Kernel/event_groups.c.obj
                0x10005b04                xEventGroupSetBitsFromISR
 .text.vListInitialise
                0x10005b18       0x16 CMakeFiles/remote-control-car.dir/C_/VSARM/FreeRTOS-Kernel/list.c.obj
                0x10005b18                vListInitialise
 .text.vListInitialiseItem
                0x10005b2e        0x6 CMakeFiles/remote-control-car.dir/C_/VSARM/FreeRTOS-Kernel/list.c.obj
                0x10005b2e                vListInitialiseItem
 .text.vListInsert
                0x10005b34       0x2e CMakeFiles/remote-control-car.dir/C_/VSARM/FreeRTOS-Kernel/list.c.obj
                0x10005b34                vListInsert
 .text.uxListRemove
                0x10005b62       0x24 CMakeFiles/remote-control-car.dir/C_/VSARM/FreeRTOS-Kernel/list.c.obj
                0x10005b62                uxListRemove
 .text.prvIsQueueEmpty
                0x10005b86       0x1c CMakeFiles/remote-control-car.dir/C_/VSARM/FreeRTOS-Kernel/queue.c.obj
 .text.prvCopyDataToQueue
                0x10005ba2       0x82 CMakeFiles/remote-control-car.dir/C_/VSARM/FreeRTOS-Kernel/queue.c.obj
 .text.prvCopyDataFromQueue
                0x10005c24       0x24 CMakeFiles/remote-control-car.dir/C_/VSARM/FreeRTOS-Kernel/queue.c.obj
 .text.prvNotifyQueueSetContainer
                0x10005c48       0xa8 CMakeFiles/remote-control-car.dir/C_/VSARM/FreeRTOS-Kernel/queue.c.obj
 .text.prvUnlockQueue
                0x10005cf0       0x88 CMakeFiles/remote-control-car.dir/C_/VSARM/FreeRTOS-Kernel/queue.c.obj
 .text.xQueueGenericReset
                0x10005d78       0xd8 CMakeFiles/remote-control-car.dir/C_/VSARM/FreeRTOS-Kernel/queue.c.obj
                0x10005d78                xQueueGenericReset
 .text.prvInitialiseNewQueue
                0x10005e50       0x26 CMakeFiles/remote-control-car.dir/C_/VSARM/FreeRTOS-Kernel/queue.c.obj
 *fill*         0x10005e76        0x2 
 .text.xQueueGenericCreate
                0x10005e78       0x90 CMakeFiles/remote-control-car.dir/C_/VSARM/FreeRTOS-Kernel/queue.c.obj
                0x10005e78                xQueueGenericCreate
 .text.xQueueGenericSendFromISR
                0x10005f08      0x13c CMakeFiles/remote-control-car.dir/C_/VSARM/FreeRTOS-Kernel/queue.c.obj
                0x10005f08                xQueueGenericSendFromISR
 .text.xQueueReceive
                0x10006044      0x150 CMakeFiles/remote-control-car.dir/C_/VSARM/FreeRTOS-Kernel/queue.c.obj
                0x10006044                xQueueReceive
 .text.vQueueAddToRegistry
                0x10006194       0x64 CMakeFiles/remote-control-car.dir/C_/VSARM/FreeRTOS-Kernel/queue.c.obj
                0x10006194                vQueueAddToRegistry
 .text.vQueueWaitForMessageRestricted
                0x100061f8       0x50 CMakeFiles/remote-control-car.dir/C_/VSARM/FreeRTOS-Kernel/queue.c.obj
                0x100061f8                vQueueWaitForMessageRestricted
 .text.prvResetNextTaskUnblockTime
                0x10006248       0x2c CMakeFiles/remote-control-car.dir/C_/VSARM/FreeRTOS-Kernel/tasks.c.obj
 .text.prvDeleteTCB
                0x10006274       0x12 CMakeFiles/remote-control-car.dir/C_/VSARM/FreeRTOS-Kernel/tasks.c.obj
 *fill*         0x10006286        0x2 
 .text.prvInitialiseNewTask
                0x10006288       0xb4 CMakeFiles/remote-control-car.dir/C_/VSARM/FreeRTOS-Kernel/tasks.c.obj
 .text.prvCreateTask
                0x1000633c       0x5a CMakeFiles/remote-control-car.dir/C_/VSARM/FreeRTOS-Kernel/tasks.c.obj
 *fill*         0x10006396        0x2 
 .text.prvInitialiseTaskLists
                0x10006398       0x68 CMakeFiles/remote-control-car.dir/C_/VSARM/FreeRTOS-Kernel/tasks.c.obj
 .text.prvAddNewTaskToReadyList
                0x10006400       0xc4 CMakeFiles/remote-control-car.dir/C_/VSARM/FreeRTOS-Kernel/tasks.c.obj
 .text.prvCheckTasksWaitingTermination
                0x100064c4       0x44 CMakeFiles/remote-control-car.dir/C_/VSARM/FreeRTOS-Kernel/tasks.c.obj
 .text.prvIdleTask
                0x10006508       0x18 CMakeFiles/remote-control-car.dir/C_/VSARM/FreeRTOS-Kernel/tasks.c.obj
 .text.prvAddCurrentTaskToDelayedList
                0x10006520       0xa8 CMakeFiles/remote-control-car.dir/C_/VSARM/FreeRTOS-Kernel/tasks.c.obj
 .text.xTaskCreate
                0x100065c8       0x24 CMakeFiles/remote-control-car.dir/C_/VSARM/FreeRTOS-Kernel/tasks.c.obj
                0x100065c8                xTaskCreate
 .text.prvCreateIdleTasks
                0x100065ec       0x68 CMakeFiles/remote-control-car.dir/C_/VSARM/FreeRTOS-Kernel/tasks.c.obj
 .text.vTaskStartScheduler
                0x10006654       0x68 CMakeFiles/remote-control-car.dir/C_/VSARM/FreeRTOS-Kernel/tasks.c.obj
                0x10006654                vTaskStartScheduler
 .text.vTaskSuspendAll
                0x100066bc       0x10 CMakeFiles/remote-control-car.dir/C_/VSARM/FreeRTOS-Kernel/tasks.c.obj
                0x100066bc                vTaskSuspendAll
 .text.xTaskGetTickCount
                0x100066cc        0xc CMakeFiles/remote-control-car.dir/C_/VSARM/FreeRTOS-Kernel/tasks.c.obj
                0x100066cc                xTaskGetTickCount
 .text.uxTaskGetNumberOfTasks
                0x100066d8        0xc CMakeFiles/remote-control-car.dir/C_/VSARM/FreeRTOS-Kernel/tasks.c.obj
                0x100066d8                uxTaskGetNumberOfTasks
 .text.xTaskIncrementTick
                0x100066e4      0x17c CMakeFiles/remote-control-car.dir/C_/VSARM/FreeRTOS-Kernel/tasks.c.obj
                0x100066e4                xTaskIncrementTick
 .text.xTaskResumeAll
                0x10006860      0x160 CMakeFiles/remote-control-car.dir/C_/VSARM/FreeRTOS-Kernel/tasks.c.obj
                0x10006860                xTaskResumeAll
 .text.vTaskDelay
                0x100069c0       0x48 CMakeFiles/remote-control-car.dir/C_/VSARM/FreeRTOS-Kernel/tasks.c.obj
                0x100069c0                vTaskDelay
 .text.vTaskSwitchContext
                0x10006a08       0xa8 CMakeFiles/remote-control-car.dir/C_/VSARM/FreeRTOS-Kernel/tasks.c.obj
                0x10006a08                vTaskSwitchContext
 .text.vTaskPlaceOnEventList
                0x10006ab0       0x3c CMakeFiles/remote-control-car.dir/C_/VSARM/FreeRTOS-Kernel/tasks.c.obj
                0x10006ab0                vTaskPlaceOnEventList
 .text.vTaskPlaceOnUnorderedEventList
                0x10006aec       0x80 CMakeFiles/remote-control-car.dir/C_/VSARM/FreeRTOS-Kernel/tasks.c.obj
                0x10006aec                vTaskPlaceOnUnorderedEventList
 .text.vTaskPlaceOnEventListRestricted
                0x10006b6c       0x60 CMakeFiles/remote-control-car.dir/C_/VSARM/FreeRTOS-Kernel/tasks.c.obj
                0x10006b6c                vTaskPlaceOnEventListRestricted
 .text.xTaskRemoveFromEventList
                0x10006bcc      0x100 CMakeFiles/remote-control-car.dir/C_/VSARM/FreeRTOS-Kernel/tasks.c.obj
                0x10006bcc                xTaskRemoveFromEventList
 .text.vTaskRemoveFromUnorderedEventList
                0x10006ccc       0xf8 CMakeFiles/remote-control-car.dir/C_/VSARM/FreeRTOS-Kernel/tasks.c.obj
                0x10006ccc                vTaskRemoveFromUnorderedEventList
 .text.vTaskInternalSetTimeOutState
                0x10006dc4       0x18 CMakeFiles/remote-control-car.dir/C_/VSARM/FreeRTOS-Kernel/tasks.c.obj
                0x10006dc4                vTaskInternalSetTimeOutState
 .text.xTaskCheckForTimeOut
                0x10006ddc       0xb4 CMakeFiles/remote-control-car.dir/C_/VSARM/FreeRTOS-Kernel/tasks.c.obj
                0x10006ddc                xTaskCheckForTimeOut
 .text.vTaskMissedYield
                0x10006e90        0xc CMakeFiles/remote-control-car.dir/C_/VSARM/FreeRTOS-Kernel/tasks.c.obj
                0x10006e90                vTaskMissedYield
 .text.xTaskGetCurrentTaskHandle
                0x10006e9c        0xc CMakeFiles/remote-control-car.dir/C_/VSARM/FreeRTOS-Kernel/tasks.c.obj
                0x10006e9c                xTaskGetCurrentTaskHandle
 .text.xTaskGetSchedulerState
                0x10006ea8       0x24 CMakeFiles/remote-control-car.dir/C_/VSARM/FreeRTOS-Kernel/tasks.c.obj
                0x10006ea8                xTaskGetSchedulerState
 .text.xTaskPriorityDisinherit
                0x10006ecc       0xc0 CMakeFiles/remote-control-car.dir/C_/VSARM/FreeRTOS-Kernel/tasks.c.obj
                0x10006ecc                xTaskPriorityDisinherit
 .text.uxTaskResetEventItemValue
                0x10006f8c       0x18 CMakeFiles/remote-control-car.dir/C_/VSARM/FreeRTOS-Kernel/tasks.c.obj
                0x10006f8c                uxTaskResetEventItemValue
 .text.prvGetNextExpireTime
                0x10006fa4       0x24 CMakeFiles/remote-control-car.dir/C_/VSARM/FreeRTOS-Kernel/timers.c.obj
 .text.prvInsertTimerInActiveList
                0x10006fc8       0x48 CMakeFiles/remote-control-car.dir/C_/VSARM/FreeRTOS-Kernel/timers.c.obj
 .text.prvReloadTimer
                0x10007010       0x2a CMakeFiles/remote-control-car.dir/C_/VSARM/FreeRTOS-Kernel/timers.c.obj
 *fill*         0x1000703a        0x2 
 .text.prvProcessExpiredTimer
                0x1000703c       0x3c CMakeFiles/remote-control-car.dir/C_/VSARM/FreeRTOS-Kernel/timers.c.obj
 .text.prvSwitchTimerLists
                0x10007078       0x30 CMakeFiles/remote-control-car.dir/C_/VSARM/FreeRTOS-Kernel/timers.c.obj
 .text.prvSampleTimeNow
                0x100070a8       0x2c CMakeFiles/remote-control-car.dir/C_/VSARM/FreeRTOS-Kernel/timers.c.obj
 .text.prvProcessTimerOrBlockTask
                0x100070d4       0x70 CMakeFiles/remote-control-car.dir/C_/VSARM/FreeRTOS-Kernel/timers.c.obj
 .text.prvProcessReceivedCommands
                0x10007144      0x114 CMakeFiles/remote-control-car.dir/C_/VSARM/FreeRTOS-Kernel/timers.c.obj
 .text.prvTimerTask
                0x10007258       0x16 CMakeFiles/remote-control-car.dir/C_/VSARM/FreeRTOS-Kernel/timers.c.obj
 *fill*         0x1000726e        0x2 
 .text.prvCheckForValidListAndQueue
                0x10007270       0x60 CMakeFiles/remote-control-car.dir/C_/VSARM/FreeRTOS-Kernel/timers.c.obj
 .text.xTimerCreateTimerTask
                0x100072d0       0x58 CMakeFiles/remote-control-car.dir/C_/VSARM/FreeRTOS-Kernel/timers.c.obj
                0x100072d0                xTimerCreateTimerTask
 .text.xTimerPendFunctionCallFromISR
                0x10007328       0x28 CMakeFiles/remote-control-car.dir/C_/VSARM/FreeRTOS-Kernel/timers.c.obj
                0x10007328                xTimerPendFunctionCallFromISR
 .text.exception_is_compile_time_default
                0x10007350       0x20 CMakeFiles/remote-control-car.dir/C_/Program_Files/Raspberry_Pi/Pico_SDK_v1.5.1/pico-sdk/src/rp2_common/hardware_exception/exception.c.obj
 .text.set_raw_exception_handler_and_restore_interrupts
                0x10007370       0x18 CMakeFiles/remote-control-car.dir/C_/Program_Files/Raspberry_Pi/Pico_SDK_v1.5.1/pico-sdk/src/rp2_common/hardware_exception/exception.c.obj
 .text.exception_get_vtable_handler
                0x10007388       0x10 CMakeFiles/remote-control-car.dir/C_/Program_Files/Raspberry_Pi/Pico_SDK_v1.5.1/pico-sdk/src/rp2_common/hardware_exception/exception.c.obj
                0x10007388                exception_get_vtable_handler
 .text.exception_set_exclusive_handler
                0x10007398       0x44 CMakeFiles/remote-control-car.dir/C_/Program_Files/Raspberry_Pi/Pico_SDK_v1.5.1/pico-sdk/src/rp2_common/hardware_exception/exception.c.obj
                0x10007398                exception_set_exclusive_handler
 .text.nec_receive_program_init
                0x100073dc      0x144 nec_receive\libnec_receive.a(nec_receive.c.obj)
 .text.nec_rx_init
                0x10007520       0x50 nec_receive\libnec_receive.a(nec_receive.c.obj)
                0x10007520                nec_rx_init
 .text.nec_decode_frame
                0x10007570       0x2e nec_receive\libnec_receive.a(nec_receive.c.obj)
                0x10007570                nec_decode_frame
 *fill*         0x1000759e        0x2 
 .text.strlen   0x100075a0       0x5c c:/progra~1/raspbe~1/picosd~1.1/gcc-ar~1/bin/../lib/gcc/arm-none-eabi/10.3.1/../../../../arm-none-eabi/lib/thumb/v6-m/nofp\libg.a(lib_a-strlen-stub.o)
                0x100075a0                strlen
 *(.fini)
 .fini          0x100075fc        0x4 c:/progra~1/raspbe~1/picosd~1.1/gcc-ar~1/bin/../lib/gcc/arm-none-eabi/10.3.1/thumb/v6-m/nofp/crti.o
                0x100075fc                _fini
 .fini.__stub   0x10007600       0x40 linker stubs
 *crtbegin.o(.ctors)
 *crtbegin?.o(.ctors)
 *(EXCLUDE_FILE(*crtend.o *crtend?.o) .ctors)
 *(SORT_BY_NAME(.ctors.*))
 *(.ctors)
 *crtbegin.o(.dtors)
 *crtbegin?.o(.dtors)
 *(EXCLUDE_FILE(*crtend.o *crtend?.o) .dtors)
 *(SORT_BY_NAME(.dtors.*))
 *(.dtors)
 *(.eh_frame*)
 .eh_frame      0x10007640        0x0 c:/progra~1/raspbe~1/picosd~1.1/gcc-ar~1/bin/../lib/gcc/arm-none-eabi/10.3.1/thumb/v6-m/nofp/crtbegin.o
                0x10007640                . = ALIGN (0x4)

.glue_7         0x10007640        0x0
 .glue_7        0x10007640        0x0 linker stubs

.glue_7t        0x10007640        0x0
 .glue_7t       0x10007640        0x0 linker stubs

.vfp11_veneer   0x10007640        0x0
 .vfp11_veneer  0x10007640        0x0 linker stubs

.v4_bx          0x10007640        0x0
 .v4_bx         0x10007640        0x0 linker stubs

.iplt           0x10007640        0x0
 .iplt          0x10007640        0x0 c:/progra~1/raspbe~1/picosd~1.1/gcc-ar~1/bin/../lib/gcc/arm-none-eabi/10.3.1/thumb/v6-m/nofp/crtbegin.o

.rodata         0x10007640     0x1f68
 *(EXCLUDE_FILE(*libm.a: *libc.a:*lib_a-mem*.o *libgcc.a:) .rodata*)
 .rodata.main.str1.4
                0x10007640       0x15 CMakeFiles/remote-control-car.dir/src/main.c.obj
 *fill*         0x10007655        0x3 
 .rodata.make_branch.str1.4
                0x10007658       0x89 CMakeFiles/remote-control-car.dir/C_/Program_Files/Raspberry_Pi/Pico_SDK_v1.5.1/pico-sdk/src/rp2_common/hardware_irq/irq.c.obj
 *fill*         0x100076e1        0x3 
 .rodata.insert_branch_and_link.str1.4
                0x100076e4       0x10 CMakeFiles/remote-control-car.dir/C_/Program_Files/Raspberry_Pi/Pico_SDK_v1.5.1/pico-sdk/src/rp2_common/hardware_irq/irq.c.obj
 .rodata.irq_set_exclusive_handler.str1.4
                0x100076f4       0x36 CMakeFiles/remote-control-car.dir/C_/Program_Files/Raspberry_Pi/Pico_SDK_v1.5.1/pico-sdk/src/rp2_common/hardware_irq/irq.c.obj
 *fill*         0x1000772a        0x2 
 .rodata.irq_add_shared_handler.str1.4
                0x1000772c       0xd9 CMakeFiles/remote-control-car.dir/C_/Program_Files/Raspberry_Pi/Pico_SDK_v1.5.1/pico-sdk/src/rp2_common/hardware_irq/irq.c.obj
 *fill*         0x10007805        0x3 
 .rodata.irq_remove_handler.str1.4
                0x10007808       0x3a CMakeFiles/remote-control-car.dir/C_/Program_Files/Raspberry_Pi/Pico_SDK_v1.5.1/pico-sdk/src/rp2_common/hardware_irq/irq.c.obj
 *fill*         0x10007842        0x2 
 .rodata.irq_add_tail_to_free_list.str1.4
                0x10007844       0x3a CMakeFiles/remote-control-car.dir/C_/Program_Files/Raspberry_Pi/Pico_SDK_v1.5.1/pico-sdk/src/rp2_common/hardware_irq/irq.c.obj
 *fill*         0x1000787e        0x2 
 .rodata.__func__.0
                0x10007880       0x1a CMakeFiles/remote-control-car.dir/C_/Program_Files/Raspberry_Pi/Pico_SDK_v1.5.1/pico-sdk/src/rp2_common/hardware_irq/irq.c.obj
 *fill*         0x1000789a        0x2 
 .rodata.__func__.1
                0x1000789c       0x17 CMakeFiles/remote-control-car.dir/C_/Program_Files/Raspberry_Pi/Pico_SDK_v1.5.1/pico-sdk/src/rp2_common/hardware_irq/irq.c.obj
 *fill*         0x100078b3        0x1 
 .rodata.__func__.2
                0x100078b4       0x13 CMakeFiles/remote-control-car.dir/C_/Program_Files/Raspberry_Pi/Pico_SDK_v1.5.1/pico-sdk/src/rp2_common/hardware_irq/irq.c.obj
 *fill*         0x100078c7        0x1 
 .rodata.__func__.3
                0x100078c8        0xc CMakeFiles/remote-control-car.dir/C_/Program_Files/Raspberry_Pi/Pico_SDK_v1.5.1/pico-sdk/src/rp2_common/hardware_irq/irq.c.obj
 .rodata.__func__.4
                0x100078d4        0xf CMakeFiles/remote-control-car.dir/C_/Program_Files/Raspberry_Pi/Pico_SDK_v1.5.1/pico-sdk/src/rp2_common/hardware_irq/irq.c.obj
 *fill*         0x100078e3        0x1 
 .rodata.__func__.6
                0x100078e4       0x1a CMakeFiles/remote-control-car.dir/C_/Program_Files/Raspberry_Pi/Pico_SDK_v1.5.1/pico-sdk/src/rp2_common/hardware_irq/irq.c.obj
 *fill*         0x100078fe        0x2 
 .rodata.str1.4
                0x10007900      0x115 CMakeFiles/remote-control-car.dir/C_/Program_Files/Raspberry_Pi/Pico_SDK_v1.5.1/pico-sdk/src/common/pico_sync/mutex.c.obj
 *fill*         0x10007a15        0x3 
 .rodata.__func__.1
                0x10007a18        0xb CMakeFiles/remote-control-car.dir/C_/Program_Files/Raspberry_Pi/Pico_SDK_v1.5.1/pico-sdk/src/common/pico_sync/mutex.c.obj
 *fill*         0x10007a23        0x1 
 .rodata.__func__.3
                0x10007a24       0x18 CMakeFiles/remote-control-car.dir/C_/Program_Files/Raspberry_Pi/Pico_SDK_v1.5.1/pico-sdk/src/common/pico_sync/mutex.c.obj
 .rodata.repeating_timer_callback.str1.4
                0x10007a3c       0x67 CMakeFiles/remote-control-car.dir/C_/Program_Files/Raspberry_Pi/Pico_SDK_v1.5.1/pico-sdk/src/common/pico_time/time.c.obj
 *fill*         0x10007aa3        0x1 
 .rodata.timer_pool_entry_comparator.str1.4
                0x10007aa4       0x22 CMakeFiles/remote-control-car.dir/C_/Program_Files/Raspberry_Pi/Pico_SDK_v1.5.1/pico-sdk/src/common/pico_time/time.c.obj
 *fill*         0x10007ac6        0x2 
 .rodata.ph_add_child_node.str1.4
                0x10007ac8       0xa2 CMakeFiles/remote-control-car.dir/C_/Program_Files/Raspberry_Pi/Pico_SDK_v1.5.1/pico-sdk/src/common/pico_time/time.c.obj
 *fill*         0x10007b6a        0x2 
 .rodata.add_alarm_under_lock.str1.4
                0x10007b6c       0x28 CMakeFiles/remote-control-car.dir/C_/Program_Files/Raspberry_Pi/Pico_SDK_v1.5.1/pico-sdk/src/common/pico_time/time.c.obj
                                 0x2b (size before relaxing)
 .rodata.alarm_pool_alarm_callback.str1.4
                0x10007b94       0x98 CMakeFiles/remote-control-car.dir/C_/Program_Files/Raspberry_Pi/Pico_SDK_v1.5.1/pico-sdk/src/common/pico_time/time.c.obj
                                0x108 (size before relaxing)
 .rodata.alarm_pool_get_default.str1.4
                0x10007c2c       0x21 CMakeFiles/remote-control-car.dir/C_/Program_Files/Raspberry_Pi/Pico_SDK_v1.5.1/pico-sdk/src/common/pico_time/time.c.obj
 *fill*         0x10007c4d        0x3 
 .rodata.alarm_pool_cancel_alarm.str1.4
                0x10007c50       0x27 CMakeFiles/remote-control-car.dir/C_/Program_Files/Raspberry_Pi/Pico_SDK_v1.5.1/pico-sdk/src/common/pico_time/time.c.obj
 *fill*         0x10007c77        0x1 
 .rodata.sleep_until.str1.4
                0x10007c78       0x4d CMakeFiles/remote-control-car.dir/C_/Program_Files/Raspberry_Pi/Pico_SDK_v1.5.1/pico-sdk/src/common/pico_time/time.c.obj
 *fill*         0x10007cc5        0x3 
 .rodata.__func__.1
                0x10007cc8       0x18 CMakeFiles/remote-control-car.dir/C_/Program_Files/Raspberry_Pi/Pico_SDK_v1.5.1/pico-sdk/src/common/pico_time/time.c.obj
 .rodata.__func__.10
                0x10007ce0       0x15 CMakeFiles/remote-control-car.dir/C_/Program_Files/Raspberry_Pi/Pico_SDK_v1.5.1/pico-sdk/src/common/pico_time/time.c.obj
 *fill*         0x10007cf5        0x3 
 .rodata.__func__.11
                0x10007cf8       0x1a CMakeFiles/remote-control-car.dir/C_/Program_Files/Raspberry_Pi/Pico_SDK_v1.5.1/pico-sdk/src/common/pico_time/time.c.obj
 *fill*         0x10007d12        0x2 
 .rodata.__func__.12
                0x10007d14        0xa CMakeFiles/remote-control-car.dir/C_/Program_Files/Raspberry_Pi/Pico_SDK_v1.5.1/pico-sdk/src/common/pico_time/time.c.obj
 *fill*         0x10007d1e        0x2 
 .rodata.__func__.3
                0x10007d20       0x17 CMakeFiles/remote-control-car.dir/C_/Program_Files/Raspberry_Pi/Pico_SDK_v1.5.1/pico-sdk/src/common/pico_time/time.c.obj
 *fill*         0x10007d37        0x1 
 .rodata.__func__.4
                0x10007d38       0x12 CMakeFiles/remote-control-car.dir/C_/Program_Files/Raspberry_Pi/Pico_SDK_v1.5.1/pico-sdk/src/common/pico_time/time.c.obj
 *fill*         0x10007d4a        0x2 
 .rodata.__func__.5
                0x10007d4c        0xd CMakeFiles/remote-control-car.dir/C_/Program_Files/Raspberry_Pi/Pico_SDK_v1.5.1/pico-sdk/src/common/pico_time/time.c.obj
 *fill*         0x10007d59        0x3 
 .rodata.__func__.6
                0x10007d5c       0x12 CMakeFiles/remote-control-car.dir/C_/Program_Files/Raspberry_Pi/Pico_SDK_v1.5.1/pico-sdk/src/common/pico_time/time.c.obj
 *fill*         0x10007d6e        0x2 
 .rodata.__func__.7
                0x10007d70        0xf CMakeFiles/remote-control-car.dir/C_/Program_Files/Raspberry_Pi/Pico_SDK_v1.5.1/pico-sdk/src/common/pico_time/time.c.obj
 *fill*         0x10007d7f        0x1 
 .rodata.__func__.8
                0x10007d80        0xc CMakeFiles/remote-control-car.dir/C_/Program_Files/Raspberry_Pi/Pico_SDK_v1.5.1/pico-sdk/src/common/pico_time/time.c.obj
 .rodata.__func__.9
                0x10007d8c       0x15 CMakeFiles/remote-control-car.dir/C_/Program_Files/Raspberry_Pi/Pico_SDK_v1.5.1/pico-sdk/src/common/pico_time/time.c.obj
 *fill*         0x10007da1        0x3 
 .rodata.hardware_alarm_claim.str1.4
                0x10007da4       0x22 CMakeFiles/remote-control-car.dir/C_/Program_Files/Raspberry_Pi/Pico_SDK_v1.5.1/pico-sdk/src/rp2_common/hardware_timer/timer.c.obj
 .rodata.busy_wait_us.str1.4
                0x10007dc6       0x6e CMakeFiles/remote-control-car.dir/C_/Program_Files/Raspberry_Pi/Pico_SDK_v1.5.1/pico-sdk/src/rp2_common/hardware_timer/timer.c.obj
 *fill*         0x10007dc6        0x2 
 .rodata.hardware_alarm_set_target.str1.4
                0x10007dc8       0x81 CMakeFiles/remote-control-car.dir/C_/Program_Files/Raspberry_Pi/Pico_SDK_v1.5.1/pico-sdk/src/rp2_common/hardware_timer/timer.c.obj
 *fill*         0x10007e49        0x3 
 .rodata.__func__.0
                0x10007e4c       0x1a CMakeFiles/remote-control-car.dir/C_/Program_Files/Raspberry_Pi/Pico_SDK_v1.5.1/pico-sdk/src/rp2_common/hardware_timer/timer.c.obj
 *fill*         0x10007e66        0x2 
 .rodata.__func__.1
                0x10007e68       0x15 CMakeFiles/remote-control-car.dir/C_/Program_Files/Raspberry_Pi/Pico_SDK_v1.5.1/pico-sdk/src/rp2_common/hardware_timer/timer.c.obj
 .rodata.ph_add_child_node.str1.4
                0x10007e7d       0xa2 CMakeFiles/remote-control-car.dir/C_/Program_Files/Raspberry_Pi/Pico_SDK_v1.5.1/pico-sdk/src/common/pico_util/pheap.c.obj
 *fill*         0x10007e7d        0x3 
 .rodata.ph_remove_any_head.str1.4
                0x10007e80       0xa8 CMakeFiles/remote-control-car.dir/C_/Program_Files/Raspberry_Pi/Pico_SDK_v1.5.1/pico-sdk/src/common/pico_util/pheap.c.obj
                                 0xbc (size before relaxing)
 .rodata.ph_remove_and_free_node.str1.4
                0x10007f28       0x1e CMakeFiles/remote-control-car.dir/C_/Program_Files/Raspberry_Pi/Pico_SDK_v1.5.1/pico-sdk/src/common/pico_util/pheap.c.obj
                                 0x26 (size before relaxing)
 *fill*         0x10007f46        0x2 
 .rodata.__func__.0
                0x10007f48       0x18 CMakeFiles/remote-control-car.dir/C_/Program_Files/Raspberry_Pi/Pico_SDK_v1.5.1/pico-sdk/src/common/pico_util/pheap.c.obj
 .rodata.__func__.1
                0x10007f60       0x13 CMakeFiles/remote-control-car.dir/C_/Program_Files/Raspberry_Pi/Pico_SDK_v1.5.1/pico-sdk/src/common/pico_util/pheap.c.obj
 *fill*         0x10007f73        0x1 
 .rodata.__func__.2
                0x10007f74       0x12 CMakeFiles/remote-control-car.dir/C_/Program_Files/Raspberry_Pi/Pico_SDK_v1.5.1/pico-sdk/src/common/pico_util/pheap.c.obj
 *fill*         0x10007f86        0x2 
 .rodata.__func__.3
                0x10007f88        0xc CMakeFiles/remote-control-car.dir/C_/Program_Files/Raspberry_Pi/Pico_SDK_v1.5.1/pico-sdk/src/common/pico_util/pheap.c.obj
 .rodata.clock_configure.str1.4
                0x10007f94       0x73 CMakeFiles/remote-control-car.dir/C_/Program_Files/Raspberry_Pi/Pico_SDK_v1.5.1/pico-sdk/src/rp2_common/hardware_clocks/clocks.c.obj
 *fill*         0x10008007        0x1 
 .rodata.__func__.1
                0x10008008       0x10 CMakeFiles/remote-control-car.dir/C_/Program_Files/Raspberry_Pi/Pico_SDK_v1.5.1/pico-sdk/src/rp2_common/hardware_clocks/clocks.c.obj
 .rodata.pll_init.str1.4
                0x10008018      0x140 CMakeFiles/remote-control-car.dir/C_/Program_Files/Raspberry_Pi/Pico_SDK_v1.5.1/pico-sdk/src/rp2_common/hardware_pll/pll.c.obj
 .rodata.__func__.0
                0x10008158        0x9 CMakeFiles/remote-control-car.dir/C_/Program_Files/Raspberry_Pi/Pico_SDK_v1.5.1/pico-sdk/src/rp2_common/hardware_pll/pll.c.obj
 *fill*         0x10008161        0x3 
 .rodata.__assert_func.str1.4
                0x10008164       0x3f CMakeFiles/remote-control-car.dir/C_/Program_Files/Raspberry_Pi/Pico_SDK_v1.5.1/pico-sdk/src/rp2_common/pico_runtime/runtime.c.obj
                                 0x43 (size before relaxing)
 *fill*         0x100081a3        0x1 
 .rodata.runtime_init.str1.4
                0x100081a4       0x7d CMakeFiles/remote-control-car.dir/C_/Program_Files/Raspberry_Pi/Pico_SDK_v1.5.1/pico-sdk/src/rp2_common/pico_runtime/runtime.c.obj
 *fill*         0x10008221        0x3 
 .rodata.panic.str1.4
                0x10008224       0x12 CMakeFiles/remote-control-car.dir/C_/Program_Files/Raspberry_Pi/Pico_SDK_v1.5.1/pico-sdk/src/rp2_common/pico_runtime/runtime.c.obj
 *fill*         0x10008236        0x2 
 .rodata.panic_unsupported.str1.4
                0x10008238        0xe CMakeFiles/remote-control-car.dir/C_/Program_Files/Raspberry_Pi/Pico_SDK_v1.5.1/pico-sdk/src/rp2_common/pico_runtime/runtime.c.obj
 *fill*         0x10008246        0x2 
 .rodata.__func__.2
                0x10008248        0xd CMakeFiles/remote-control-car.dir/C_/Program_Files/Raspberry_Pi/Pico_SDK_v1.5.1/pico-sdk/src/rp2_common/pico_runtime/runtime.c.obj
 *fill*         0x10008255        0x3 
 .rodata._ftoa.str1.4
                0x10008258       0x15 CMakeFiles/remote-control-car.dir/C_/Program_Files/Raspberry_Pi/Pico_SDK_v1.5.1/pico-sdk/src/rp2_common/pico_printf/printf.c.obj
 *fill*         0x1000826d        0x3 
 .rodata._vsnprintf
                0x10008270      0x1e0 CMakeFiles/remote-control-car.dir/C_/Program_Files/Raspberry_Pi/Pico_SDK_v1.5.1/pico-sdk/src/rp2_common/pico_printf/printf.c.obj
 .rodata.pow10.0
                0x10008450       0x50 CMakeFiles/remote-control-car.dir/C_/Program_Files/Raspberry_Pi/Pico_SDK_v1.5.1/pico-sdk/src/rp2_common/pico_printf/printf.c.obj
 .rodata.__aeabi_double_init.str1.4
                0x100084a0       0xb8 CMakeFiles/remote-control-car.dir/C_/Program_Files/Raspberry_Pi/Pico_SDK_v1.5.1/pico-sdk/src/rp2_common/pico_double/double_init_rom.c.obj
 .rodata.__func__.0
                0x10008558       0x14 CMakeFiles/remote-control-car.dir/C_/Program_Files/Raspberry_Pi/Pico_SDK_v1.5.1/pico-sdk/src/rp2_common/pico_double/double_init_rom.c.obj
 .rodata.__aeabi_float_init.str1.4
                0x1000856c       0x96 CMakeFiles/remote-control-car.dir/C_/Program_Files/Raspberry_Pi/Pico_SDK_v1.5.1/pico-sdk/src/rp2_common/pico_float/float_init_rom.c.obj
                                 0x9a (size before relaxing)
 *fill*         0x10008602        0x2 
 .rodata.__func__.0
                0x10008604       0x13 CMakeFiles/remote-control-car.dir/C_/Program_Files/Raspberry_Pi/Pico_SDK_v1.5.1/pico-sdk/src/rp2_common/pico_float/float_init_rom.c.obj
 *fill*         0x10008617        0x1 
 .rodata.str1.4
                0x10008618       0x48 CMakeFiles/remote-control-car.dir/C_/Program_Files/Raspberry_Pi/Pico_SDK_v1.5.1/pico-sdk/src/rp2_common/pico_standard_link/binary_info.c.obj
 .rodata.__bi_44
                0x10008660        0xc CMakeFiles/remote-control-car.dir/C_/Program_Files/Raspberry_Pi/Pico_SDK_v1.5.1/pico-sdk/src/rp2_common/pico_standard_link/binary_info.c.obj
 .rodata.__bi_75
                0x1000866c        0xc CMakeFiles/remote-control-car.dir/C_/Program_Files/Raspberry_Pi/Pico_SDK_v1.5.1/pico-sdk/src/rp2_common/pico_standard_link/binary_info.c.obj
 .rodata.__bi_81
                0x10008678        0xc CMakeFiles/remote-control-car.dir/C_/Program_Files/Raspberry_Pi/Pico_SDK_v1.5.1/pico-sdk/src/rp2_common/pico_standard_link/binary_info.c.obj
 .rodata.stdout_serialize_begin.str1.4
                0x10008684       0x6e CMakeFiles/remote-control-car.dir/C_/Program_Files/Raspberry_Pi/Pico_SDK_v1.5.1/pico-sdk/src/rp2_common/pico_stdio/stdio.c.obj
 .rodata.__func__.3
                0x10008684       0x15 CMakeFiles/remote-control-car.dir/C_/Program_Files/Raspberry_Pi/Pico_SDK_v1.5.1/pico-sdk/src/rp2_common/pico_stdio/stdio.c.obj
 *fill*         0x10008699        0x3 
 .rodata.crlf_str.2
                0x1000869c        0x2 CMakeFiles/remote-control-car.dir/C_/Program_Files/Raspberry_Pi/Pico_SDK_v1.5.1/pico-sdk/src/rp2_common/pico_stdio/stdio.c.obj
 *fill*         0x1000869e        0x2 
 .rodata.str1.4
                0x100086a0       0x2c CMakeFiles/remote-control-car.dir/C_/Program_Files/Raspberry_Pi/Pico_SDK_v1.5.1/pico-sdk/src/rp2_common/pico_stdio_uart/stdio_uart.c.obj
 .rodata.__bi_33.4
                0x100086cc        0xc CMakeFiles/remote-control-car.dir/C_/Program_Files/Raspberry_Pi/Pico_SDK_v1.5.1/pico-sdk/src/rp2_common/pico_stdio_uart/stdio_uart.c.obj
 .rodata.__bi_34.5
                0x100086d8        0x8 CMakeFiles/remote-control-car.dir/C_/Program_Files/Raspberry_Pi/Pico_SDK_v1.5.1/pico-sdk/src/rp2_common/pico_stdio_uart/stdio_uart.c.obj
 .rodata.i2c_set_baudrate.str1.4
                0x100086e0       0x79 CMakeFiles/remote-control-car.dir/C_/Program_Files/Raspberry_Pi/Pico_SDK_v1.5.1/pico-sdk/src/rp2_common/hardware_i2c/i2c.c.obj
 *fill*         0x10008759        0x3 
 .rodata.__func__.0
                0x1000875c       0x11 CMakeFiles/remote-control-car.dir/C_/Program_Files/Raspberry_Pi/Pico_SDK_v1.5.1/pico-sdk/src/rp2_common/hardware_i2c/i2c.c.obj
 *fill*         0x1000876d        0x3 
 .rodata._pio_find_offset_for_program.str1.4
                0x10008770       0x85 CMakeFiles/remote-control-car.dir/C_/Program_Files/Raspberry_Pi/Pico_SDK_v1.5.1/pico-sdk/src/rp2_common/hardware_pio/pio.c.obj
 *fill*         0x100087f5        0x3 
 .rodata._pio_add_program_at_offset.str1.4
                0x100087f8       0x11 CMakeFiles/remote-control-car.dir/C_/Program_Files/Raspberry_Pi/Pico_SDK_v1.5.1/pico-sdk/src/rp2_common/hardware_pio/pio.c.obj
 *fill*         0x10008809        0x3 
 .rodata.pio_claim_unused_sm.str1.4
                0x1000880c       0x24 CMakeFiles/remote-control-car.dir/C_/Program_Files/Raspberry_Pi/Pico_SDK_v1.5.1/pico-sdk/src/rp2_common/hardware_pio/pio.c.obj
 .rodata.__func__.1
                0x10008830       0x1d CMakeFiles/remote-control-car.dir/C_/Program_Files/Raspberry_Pi/Pico_SDK_v1.5.1/pico-sdk/src/rp2_common/hardware_pio/pio.c.obj
 *fill*         0x1000884d        0x3 
 .rodata.prvInsertBlockIntoFreeList.str1.4
                0x10008850       0xaf CMakeFiles/remote-control-car.dir/C_/VSARM/FreeRTOS-Kernel/portable/MemMang/heap_4.c.obj
 *fill*         0x100088ff        0x1 
 .rodata.pvPortMalloc.str1.4
                0x10008900      0x18d CMakeFiles/remote-control-car.dir/C_/VSARM/FreeRTOS-Kernel/portable/MemMang/heap_4.c.obj
 *fill*         0x10008a8d        0x3 
 .rodata.vPortFree.str1.4
                0x10008a90      0x113 CMakeFiles/remote-control-car.dir/C_/VSARM/FreeRTOS-Kernel/portable/MemMang/heap_4.c.obj
 *fill*         0x10008ba3        0x1 
 .rodata.__func__.0
                0x10008ba4       0x1b CMakeFiles/remote-control-car.dir/C_/VSARM/FreeRTOS-Kernel/portable/MemMang/heap_4.c.obj
 *fill*         0x10008bbf        0x1 
 .rodata.__func__.1
                0x10008bc0        0xa CMakeFiles/remote-control-car.dir/C_/VSARM/FreeRTOS-Kernel/portable/MemMang/heap_4.c.obj
 *fill*         0x10008bca        0x2 
 .rodata.__func__.2
                0x10008bcc        0xd CMakeFiles/remote-control-car.dir/C_/VSARM/FreeRTOS-Kernel/portable/MemMang/heap_4.c.obj
 .rodata.prvGetTicksToWaitBefore.str1.4
                0x10008bd9       0x6e CMakeFiles/remote-control-car.dir/C_/VSARM/FreeRTOS-Kernel/portable/ThirdParty/GCC/RP2040/port.c.obj
 *fill*         0x10008bd9        0x3 
 .rodata.vPortEndScheduler.str1.4
                0x10008bdc       0x4b CMakeFiles/remote-control-car.dir/C_/VSARM/FreeRTOS-Kernel/portable/ThirdParty/GCC/RP2040/port.c.obj
 *fill*         0x10008c27        0x1 
 .rodata.vPortExitCritical.str1.4
                0x10008c28       0x12 CMakeFiles/remote-control-car.dir/C_/VSARM/FreeRTOS-Kernel/portable/ThirdParty/GCC/RP2040/port.c.obj
 *fill*         0x10008c3a        0x2 
 .rodata.vPortLockInternalSpinUnlockWithWait.str1.4
                0x10008c3c       0x7e CMakeFiles/remote-control-car.dir/C_/VSARM/FreeRTOS-Kernel/portable/ThirdParty/GCC/RP2040/port.c.obj
 *fill*         0x10008cba        0x2 
 .rodata.__func__.0
                0x10008cbc       0x15 CMakeFiles/remote-control-car.dir/C_/VSARM/FreeRTOS-Kernel/portable/ThirdParty/GCC/RP2040/port.c.obj
 *fill*         0x10008cd1        0x3 
 .rodata.__func__.1
                0x10008cd4       0x37 CMakeFiles/remote-control-car.dir/C_/VSARM/FreeRTOS-Kernel/portable/ThirdParty/GCC/RP2040/port.c.obj
 *fill*         0x10008d0b        0x1 
 .rodata.__func__.2
                0x10008d0c       0x24 CMakeFiles/remote-control-car.dir/C_/VSARM/FreeRTOS-Kernel/portable/ThirdParty/GCC/RP2040/port.c.obj
 .rodata.__func__.4
                0x10008d30       0x12 CMakeFiles/remote-control-car.dir/C_/VSARM/FreeRTOS-Kernel/portable/ThirdParty/GCC/RP2040/port.c.obj
 *fill*         0x10008d42        0x2 
 .rodata.xEventGroupWaitBits.str1.4
                0x10008d44       0xd7 CMakeFiles/remote-control-car.dir/C_/VSARM/FreeRTOS-Kernel/event_groups.c.obj
 *fill*         0x10008e1b        0x1 
 .rodata.xEventGroupSetBits.str1.4
                0x10008e1c       0x34 CMakeFiles/remote-control-car.dir/C_/VSARM/FreeRTOS-Kernel/event_groups.c.obj
 .rodata.__func__.1
                0x10008e50       0x13 CMakeFiles/remote-control-car.dir/C_/VSARM/FreeRTOS-Kernel/event_groups.c.obj
 *fill*         0x10008e63        0x1 
 .rodata.__func__.3
                0x10008e64       0x14 CMakeFiles/remote-control-car.dir/C_/VSARM/FreeRTOS-Kernel/event_groups.c.obj
 .rodata.prvNotifyQueueSetContainer.str1.4
                0x10008e78       0xa2 CMakeFiles/remote-control-car.dir/C_/VSARM/FreeRTOS-Kernel/queue.c.obj
 *fill*         0x10008f1a        0x2 
 .rodata.xQueueGenericReset.str1.4
                0x10008f1c       0x2c CMakeFiles/remote-control-car.dir/C_/VSARM/FreeRTOS-Kernel/queue.c.obj
 .rodata.xQueueGenericCreate.str1.4
                0x10008f48        0xb CMakeFiles/remote-control-car.dir/C_/VSARM/FreeRTOS-Kernel/queue.c.obj
 *fill*         0x10008f53        0x1 
 .rodata.xQueueGenericSend.str1.4
                0x10008f54       0xa5 CMakeFiles/remote-control-car.dir/C_/VSARM/FreeRTOS-Kernel/queue.c.obj
                                 0xfb (size before relaxing)
 *fill*         0x10008ff9        0x3 
 .rodata.xQueueReceive.str1.4
                0x10008ffc       0x66 CMakeFiles/remote-control-car.dir/C_/VSARM/FreeRTOS-Kernel/queue.c.obj
 *fill*         0x10009062        0x2 
 .rodata.uxQueueMessagesWaiting.str1.4
                0x10009064        0x7 CMakeFiles/remote-control-car.dir/C_/VSARM/FreeRTOS-Kernel/queue.c.obj
 *fill*         0x1000906b        0x1 
 .rodata.__func__.13
                0x1000906c        0xe CMakeFiles/remote-control-car.dir/C_/VSARM/FreeRTOS-Kernel/queue.c.obj
 *fill*         0x1000907a        0x2 
 .rodata.__func__.15
                0x1000907c       0x19 CMakeFiles/remote-control-car.dir/C_/VSARM/FreeRTOS-Kernel/queue.c.obj
 *fill*         0x10009095        0x3 
 .rodata.__func__.16
                0x10009098       0x1b CMakeFiles/remote-control-car.dir/C_/VSARM/FreeRTOS-Kernel/queue.c.obj
 *fill*         0x100090b3        0x1 
 .rodata.__func__.2
                0x100090b4       0x14 CMakeFiles/remote-control-car.dir/C_/VSARM/FreeRTOS-Kernel/queue.c.obj
 .rodata.__func__.23
                0x100090c8       0x14 CMakeFiles/remote-control-car.dir/C_/VSARM/FreeRTOS-Kernel/queue.c.obj
 .rodata.__func__.24
                0x100090dc       0x13 CMakeFiles/remote-control-car.dir/C_/VSARM/FreeRTOS-Kernel/queue.c.obj
 *fill*         0x100090ef        0x1 
 .rodata.prvTaskIsTaskSuspended.str1.4
                0x100090f0       0x29 CMakeFiles/remote-control-car.dir/C_/VSARM/FreeRTOS-Kernel/tasks.c.obj
 *fill*         0x10009119        0x3 
 .rodata.prvInitialiseNewTask.str1.4
                0x1000911c       0x10 CMakeFiles/remote-control-car.dir/C_/VSARM/FreeRTOS-Kernel/tasks.c.obj
 .rodata.prvCreateIdleTasks.str1.4
                0x1000912c        0x5 CMakeFiles/remote-control-car.dir/C_/VSARM/FreeRTOS-Kernel/tasks.c.obj
 *fill*         0x10009131        0x3 
 .rodata.vTaskStartScheduler.str1.4
                0x10009134       0x12 CMakeFiles/remote-control-car.dir/C_/VSARM/FreeRTOS-Kernel/tasks.c.obj
 *fill*         0x10009146        0x2 
 .rodata.xTaskIncrementTick.str1.4
                0x10009148       0x76 CMakeFiles/remote-control-car.dir/C_/VSARM/FreeRTOS-Kernel/tasks.c.obj
 *fill*         0x100091be        0x2 
 .rodata.xTaskResumeAll.str1.4
                0x100091c0       0x1b CMakeFiles/remote-control-car.dir/C_/VSARM/FreeRTOS-Kernel/tasks.c.obj
 *fill*         0x100091db        0x1 
 .rodata.xTaskDelayUntil.str1.4
                0x100091dc       0x47 CMakeFiles/remote-control-car.dir/C_/VSARM/FreeRTOS-Kernel/tasks.c.obj
 *fill*         0x10009223        0x1 
 .rodata.vTaskSwitchContext.str1.4
                0x10009224        0xe CMakeFiles/remote-control-car.dir/C_/VSARM/FreeRTOS-Kernel/tasks.c.obj
 *fill*         0x10009232        0x2 
 .rodata.vTaskPlaceOnEventList.str1.4
                0x10009234        0xc CMakeFiles/remote-control-car.dir/C_/VSARM/FreeRTOS-Kernel/tasks.c.obj
 .rodata.vTaskPlaceOnUnorderedEventList.str1.4
                0x10009240       0x2b CMakeFiles/remote-control-car.dir/C_/VSARM/FreeRTOS-Kernel/tasks.c.obj
 *fill*         0x1000926b        0x1 
 .rodata.xTaskRemoveFromEventList.str1.4
                0x1000926c        0xf CMakeFiles/remote-control-car.dir/C_/VSARM/FreeRTOS-Kernel/tasks.c.obj
 *fill*         0x1000927b        0x1 
 .rodata.vTaskSetTimeOutState.str1.4
                0x1000927c        0xa CMakeFiles/remote-control-car.dir/C_/VSARM/FreeRTOS-Kernel/tasks.c.obj
 *fill*         0x10009286        0x2 
 .rodata.xTaskCheckForTimeOut.str1.4
                0x10009288        0xe CMakeFiles/remote-control-car.dir/C_/VSARM/FreeRTOS-Kernel/tasks.c.obj
 *fill*         0x10009296        0x2 
 .rodata.xTaskPriorityDisinherit.str1.4
                0x10009298       0x2d CMakeFiles/remote-control-car.dir/C_/VSARM/FreeRTOS-Kernel/tasks.c.obj
 *fill*         0x100092c5        0x3 
 .rodata.__func__.13
                0x100092c8       0x15 CMakeFiles/remote-control-car.dir/C_/VSARM/FreeRTOS-Kernel/tasks.c.obj
 *fill*         0x100092dd        0x3 
 .rodata.__func__.15
                0x100092e0       0x22 CMakeFiles/remote-control-car.dir/C_/VSARM/FreeRTOS-Kernel/tasks.c.obj
 *fill*         0x10009302        0x2 
 .rodata.__func__.16
                0x10009304       0x19 CMakeFiles/remote-control-car.dir/C_/VSARM/FreeRTOS-Kernel/tasks.c.obj
 *fill*         0x1000931d        0x3 
 .rodata.__func__.17
                0x10009320       0x20 CMakeFiles/remote-control-car.dir/C_/VSARM/FreeRTOS-Kernel/tasks.c.obj
 .rodata.__func__.18
                0x10009340       0x1f CMakeFiles/remote-control-car.dir/C_/VSARM/FreeRTOS-Kernel/tasks.c.obj
 *fill*         0x1000935f        0x1 
 .rodata.__func__.19
                0x10009360       0x16 CMakeFiles/remote-control-car.dir/C_/VSARM/FreeRTOS-Kernel/tasks.c.obj
 *fill*         0x10009376        0x2 
 .rodata.__func__.20
                0x10009378       0x13 CMakeFiles/remote-control-car.dir/C_/VSARM/FreeRTOS-Kernel/tasks.c.obj
 *fill*         0x1000938b        0x1 
 .rodata.__func__.21
                0x1000938c       0x13 CMakeFiles/remote-control-car.dir/C_/VSARM/FreeRTOS-Kernel/tasks.c.obj
 *fill*         0x1000939f        0x1 
 .rodata.__func__.28
                0x100093a0        0xf CMakeFiles/remote-control-car.dir/C_/VSARM/FreeRTOS-Kernel/tasks.c.obj
 *fill*         0x100093af        0x1 
 .rodata.__func__.29
                0x100093b0       0x14 CMakeFiles/remote-control-car.dir/C_/VSARM/FreeRTOS-Kernel/tasks.c.obj
 .rodata.__func__.40
                0x100093c4        0xb CMakeFiles/remote-control-car.dir/C_/VSARM/FreeRTOS-Kernel/tasks.c.obj
 *fill*         0x100093cf        0x1 
 .rodata.__func__.43
                0x100093d0       0x15 CMakeFiles/remote-control-car.dir/C_/VSARM/FreeRTOS-Kernel/tasks.c.obj
 *fill*         0x100093e5        0x3 
 .rodata.__func__.8
                0x100093e8       0x18 CMakeFiles/remote-control-car.dir/C_/VSARM/FreeRTOS-Kernel/tasks.c.obj
 .rodata.prvProcessReceivedCommands.str1.4
                0x10009400       0x4a CMakeFiles/remote-control-car.dir/C_/VSARM/FreeRTOS-Kernel/timers.c.obj
 *fill*         0x1000944a        0x2 
 .rodata.prvProcessReceivedCommands
                0x1000944c       0x28 CMakeFiles/remote-control-car.dir/C_/VSARM/FreeRTOS-Kernel/timers.c.obj
 .rodata.prvCheckForValidListAndQueue.str1.4
                0x10009474        0x5 CMakeFiles/remote-control-car.dir/C_/VSARM/FreeRTOS-Kernel/timers.c.obj
 *fill*         0x10009479        0x3 
 .rodata.xTimerCreateTimerTask.str1.4
                0x1000947c       0x10 CMakeFiles/remote-control-car.dir/C_/VSARM/FreeRTOS-Kernel/timers.c.obj
 .rodata.__func__.13
                0x1000948c       0x1b CMakeFiles/remote-control-car.dir/C_/VSARM/FreeRTOS-Kernel/timers.c.obj
 *fill*         0x100094a7        0x1 
 .rodata.__func__.15
                0x100094a8       0x16 CMakeFiles/remote-control-car.dir/C_/VSARM/FreeRTOS-Kernel/timers.c.obj
 *fill*         0x100094be        0x2 
 .rodata.exception_set_exclusive_handler.str1.4
                0x100094c0       0xa9 CMakeFiles/remote-control-car.dir/C_/Program_Files/Raspberry_Pi/Pico_SDK_v1.5.1/pico-sdk/src/rp2_common/hardware_exception/exception.c.obj
 *fill*         0x10009569        0x3 
 .rodata.__func__.1
                0x1000956c       0x20 CMakeFiles/remote-control-car.dir/C_/Program_Files/Raspberry_Pi/Pico_SDK_v1.5.1/pico-sdk/src/rp2_common/hardware_exception/exception.c.obj
 .rodata.nec_receive_program
                0x1000958c        0x6 nec_receive\libnec_receive.a(nec_receive.c.obj)