Archive member included to satisfy reference by file (symbol)

c:/progra~1/raspbe~1/picosd~1.1/gcc-ar~1/bin/../lib/gcc/arm-none-eabi/10.3.1/thumb/v6-m/nofp\libgcc.a(_dvmd_tls.o)
                              CMakeFiles/remote-control-car.dir/C_/Program_Files/Raspberry_Pi/Pico_SDK_v1.5.1/pico-sdk/src/rp2_common/pico_divider/divider.S.obj (__aeabi_idiv0)
c:/progra~1/raspbe~1/picosd~1.1/gcc-ar~1/bin/../lib/gcc/arm-none-eabi/10.3.1/../../../../arm-none-eabi/lib/thumb/v6-m/nofp\libg.a(lib_a-calloc.o)
                              CMakeFiles/remote-control-car.dir/C_/Program_Files/Raspberry_Pi/Pico_SDK_v1.5.1/pico-sdk/src/rp2_common/pico_malloc/pico_malloc.c.obj (calloc)
c:/progra~1/raspbe~1/picosd~1.1/gcc-ar~1/bin/../lib/gcc/arm-none-eabi/10.3.1/../../../../arm-none-eabi/lib/thumb/v6-m/nofp\libg.a(lib_a-callocr.o)
                              c:/progra~1/raspbe~1/picosd~1.1/gcc-ar~1/bin/../lib/gcc/arm-none-eabi/10.3.1/../../../../arm-none-eabi/lib/thumb/v6-m/nofp\libg.a(lib_a-calloc.o) (_calloc_r)
c:/progra~1/raspbe~1/picosd~1.1/gcc-ar~1/bin/../lib/gcc/arm-none-eabi/10.3.1/../../../../arm-none-eabi/lib/thumb/v6-m/nofp\libg.a(lib_a-errno.o)
                              c:/progra~1/raspbe~1/picosd~1.1/gcc-ar~1/bin/../lib/gcc/arm-none-eabi/10.3.1/../../../../arm-none-eabi/lib/thumb/v6-m/nofp\libg.a(lib_a-callocr.o) (__errno)
c:/progra~1/raspbe~1/picosd~1.1/gcc-ar~1/bin/../lib/gcc/arm-none-eabi/10.3.1/../../../../arm-none-eabi/lib/thumb/v6-m/nofp\libg.a(lib_a-impure.o)
                              c:/progra~1/raspbe~1/picosd~1.1/gcc-ar~1/bin/../lib/gcc/arm-none-eabi/10.3.1/../../../../arm-none-eabi/lib/thumb/v6-m/nofp\libg.a(lib_a-calloc.o) (_impure_ptr)
c:/progra~1/raspbe~1/picosd~1.1/gcc-ar~1/bin/../lib/gcc/arm-none-eabi/10.3.1/../../../../arm-none-eabi/lib/thumb/v6-m/nofp\libg.a(lib_a-init.o)
                              c:/progra~1/raspbe~1/picosd~1.1/gcc-ar~1/bin/../lib/gcc/arm-none-eabi/10.3.1/../../../../arm-none-eabi/lib/thumb/v6-m/nofp/crt0.o (__libc_init_array)
c:/progra~1/raspbe~1/picosd~1.1/gcc-ar~1/bin/../lib/gcc/arm-none-eabi/10.3.1/../../../../arm-none-eabi/lib/thumb/v6-m/nofp\libg.a(lib_a-malloc.o)
                              CMakeFiles/remote-control-car.dir/C_/Program_Files/Raspberry_Pi/Pico_SDK_v1.5.1/pico-sdk/src/rp2_common/pico_malloc/pico_malloc.c.obj (malloc)
c:/progra~1/raspbe~1/picosd~1.1/gcc-ar~1/bin/../lib/gcc/arm-none-eabi/10.3.1/../../../../arm-none-eabi/lib/thumb/v6-m/nofp\libg.a(lib_a-mallocr.o)
                              c:/progra~1/raspbe~1/picosd~1.1/gcc-ar~1/bin/../lib/gcc/arm-none-eabi/10.3.1/../../../../arm-none-eabi/lib/thumb/v6-m/nofp\libg.a(lib_a-callocr.o) (_malloc_r)
c:/progra~1/raspbe~1/picosd~1.1/gcc-ar~1/bin/../lib/gcc/arm-none-eabi/10.3.1/../../../../arm-none-eabi/lib/thumb/v6-m/nofp\libg.a(lib_a-mlock.o)
                              c:/progra~1/raspbe~1/picosd~1.1/gcc-ar~1/bin/../lib/gcc/arm-none-eabi/10.3.1/../../../../arm-none-eabi/lib/thumb/v6-m/nofp\libg.a(lib_a-mallocr.o) (__malloc_lock)
c:/progra~1/raspbe~1/picosd~1.1/gcc-ar~1/bin/../lib/gcc/arm-none-eabi/10.3.1/../../../../arm-none-eabi/lib/thumb/v6-m/nofp\libg.a(lib_a-realloc.o)
                              CMakeFiles/remote-control-car.dir/C_/Program_Files/Raspberry_Pi/Pico_SDK_v1.5.1/pico-sdk/src/rp2_common/pico_malloc/pico_malloc.c.obj (realloc)
c:/progra~1/raspbe~1/picosd~1.1/gcc-ar~1/bin/../lib/gcc/arm-none-eabi/10.3.1/../../../../arm-none-eabi/lib/thumb/v6-m/nofp\libg.a(lib_a-reallocr.o)
                              c:/progra~1/raspbe~1/picosd~1.1/gcc-ar~1/bin/../lib/gcc/arm-none-eabi/10.3.1/../../../../arm-none-eabi/lib/thumb/v6-m/nofp\libg.a(lib_a-realloc.o) (_realloc_r)
c:/progra~1/raspbe~1/picosd~1.1/gcc-ar~1/bin/../lib/gcc/arm-none-eabi/10.3.1/../../../../arm-none-eabi/lib/thumb/v6-m/nofp\libg.a(lib_a-sbrkr.o)
                              c:/progra~1/raspbe~1/picosd~1.1/gcc-ar~1/bin/../lib/gcc/arm-none-eabi/10.3.1/../../../../arm-none-eabi/lib/thumb/v6-m/nofp\libg.a(lib_a-mallocr.o) (_sbrk_r)
c:/progra~1/raspbe~1/picosd~1.1/gcc-ar~1/bin/../lib/gcc/arm-none-eabi/10.3.1/../../../../arm-none-eabi/lib/thumb/v6-m/nofp\libg.a(lib_a-strlen-stub.o)
                              CMakeFiles/remote-control-car.dir/C_/Program_Files/Raspberry_Pi/Pico_SDK_v1.5.1/pico-sdk/src/rp2_common/pico_stdio/stdio.c.obj (strlen)
c:/progra~1/raspbe~1/picosd~1.1/gcc-ar~1/bin/../lib/gcc/arm-none-eabi/10.3.1/../../../../arm-none-eabi/lib/thumb/v6-m/nofp\libg.a(lib_a-freer.o)
                              c:/progra~1/raspbe~1/picosd~1.1/gcc-ar~1/bin/../lib/gcc/arm-none-eabi/10.3.1/../../../../arm-none-eabi/lib/thumb/v6-m/nofp\libg.a(lib_a-malloc.o) (_free_r)
c:/progra~1/raspbe~1/picosd~1.1/gcc-ar~1/bin/../lib/gcc/arm-none-eabi/10.3.1/../../../../arm-none-eabi/lib/thumb/v6-m/nofp\libg.a(lib_a-lock.o)
                              c:/progra~1/raspbe~1/picosd~1.1/gcc-ar~1/bin/../lib/gcc/arm-none-eabi/10.3.1/../../../../arm-none-eabi/lib/thumb/v6-m/nofp\libg.a(lib_a-mlock.o) (__retarget_lock_acquire_recursive)
[...]
Memory Configuration

Name             Origin             Length             Attributes
FLASH            0x10000000         0x00200000         xr
RAM              0x20000000         0x00040000         xrw
SCRATCH_X        0x20040000         0x00001000         xrw
SCRATCH_Y        0x20041000         0x00001000         xrw
*default*        0x00000000         0xffffffff

Linker script and memory map

LOAD c:/progra~1/raspbe~1/picosd~1.1/gcc-ar~1/bin/../lib/gcc/arm-none-eabi/10.3.1/thumb/v6-m/nofp/crti.o
LOAD c:/progra~1/raspbe~1/picosd~1.1/gcc-ar~1/bin/../lib/gcc/arm-none-eabi/10.3.1/thumb/v6-m/nofp/crtbegin.o
LOAD c:/progra~1/raspbe~1/picosd~1.1/gcc-ar~1/bin/../lib/gcc/arm-none-eabi/10.3.1/../../../../arm-none-eabi/lib/thumb/v6-m/nofp/crt0.o

.flash_begin    0x10000000        0x0
                0x10000000                __flash_binary_start = .

.boot2          0x10000000      0x100
                0x10000000                __boot2_start__ = .
 *(.boot2)
 .boot2         0x10000000      0x100 C:\Users\jacob\AppData\Local\Temp\cc7UWYAk.o
                0x10000100                __boot2_end__ = .
                0x00000001                ASSERT (((__boot2_end__ - __boot2_start__) == 0x100), ERROR: Pico second stage bootloader must be 256 bytes in size)

.text           0x10000100     0x6838
                0x10000100                __logical_binary_start = .
 *(.vectors)
 .vectors       0x10000100       0xd4 CMakeFiles/remote-control-car.dir/C_/Program_Files/Raspberry_Pi/Pico_SDK_v1.5.1/pico-sdk/src/rp2_common/pico_standard_link/crt0.S.obj
                0x10000100                __VECTOR_TABLE
                0x10000100                __vectors
                0x100001c0                isr_invalid
                0x100001c0                __default_isrs_start
                0x100001c2                isr_nmi
                0x100001c4                isr_hardfault
                0x100001c6                isr_svcall
                0x100001c8                isr_pendsv
                0x100001ca                isr_systick
                0x100001cc                isr_irq23
                0x100001cc                isr_irq18
                0x100001cc                isr_irq11
                0x100001cc                isr_irq28
                0x100001cc                isr_irq19
                0x100001cc                isr_irq0
                0x100001cc                isr_irq6
                0x100001cc                isr_irq5
                0x100001cc                isr_irq12
                0x100001cc                isr_irq22
                0x100001cc                isr_irq31
                0x100001cc                isr_irq17
                0x100001cc                isr_irq27
                0x100001cc                isr_irq30
                0x100001cc                isr_irq2
                0x100001cc                isr_irq10
                0x100001cc                isr_irq8
                0x100001cc                isr_irq24
                0x100001cc                isr_irq1
                0x100001cc                isr_irq7
                0x100001cc                isr_irq21
                0x100001cc                isr_irq20
                0x100001cc                isr_irq15
                0x100001cc                isr_irq25
                0x100001cc                isr_irq13
                0x100001cc                __unhandled_user_irq
                0x100001cc                isr_irq4
                0x100001cc                isr_irq16
                0x100001cc                isr_irq29
                0x100001cc                isr_irq26
                0x100001cc                __default_isrs_end
                0x100001cc                isr_irq3
                0x100001cc                isr_irq14
                0x100001cc                isr_irq9
                0x100001d2                unhandled_user_irq_num_in_r0
 *(.binary_info_header)
 .binary_info_header
                0x100001d4       0x14 CMakeFiles/remote-control-car.dir/C_/Program_Files/Raspberry_Pi/Pico_SDK_v1.5.1/pico-sdk/src/rp2_common/pico_standard_link/crt0.S.obj
                0x100001e8                __binary_info_header_end = .
 *(.reset)
 .reset         0x100001e8       0xa0 CMakeFiles/remote-control-car.dir/C_/Program_Files/Raspberry_Pi/Pico_SDK_v1.5.1/pico-sdk/src/rp2_common/pico_standard_link/crt0.S.obj
                0x100001e8                _entry_point
 .reset         0x10000288       0x30 CMakeFiles/remote-control-car.dir/C_/Program_Files/Raspberry_Pi/Pico_SDK_v1.5.1/pico-sdk/src/rp2_common/pico_standard_link/binary_info.c.obj
 *(.init)
 .init          0x100002b8        0x4 c:/progra~1/raspbe~1/picosd~1.1/gcc-ar~1/bin/../lib/gcc/arm-none-eabi/10.3.1/thumb/v6-m/nofp/crti.o
                0x100002b8                _init
 *(EXCLUDE_FILE(*libm.a: *libc.a:*lib_a-mem*.o *libgcc.a:) .text*)
 .text          0x100002bc       0x48 c:/progra~1/raspbe~1/picosd~1.1/gcc-ar~1/bin/../lib/gcc/arm-none-eabi/10.3.1/thumb/v6-m/nofp/crtbegin.o
 .text.RedLEDTask
                0x10000304       0x1e CMakeFiles/remote-control-car.dir/src/main.c.obj
                0x10000304                RedLEDTask
 .text.GreenLEDTask
                0x10000322       0x20 CMakeFiles/remote-control-car.dir/src/main.c.obj
                0x10000322                GreenLEDTask
 *fill*         0x10000342        0x2 
 .text.main     0x10000344       0x68 CMakeFiles/remote-control-car.dir/src/main.c.obj
                0x10000344                main
 .text.gpio_set_function
                0x100003ac       0x30 CMakeFiles/remote-control-car.dir/C_/Program_Files/Raspberry_Pi/Pico_SDK_v1.5.1/pico-sdk/src/rp2_common/hardware_gpio/gpio.c.obj
                0x100003ac                gpio_set_function
 .text.gpio_init
                0x100003dc       0x16 CMakeFiles/remote-control-car.dir/C_/Program_Files/Raspberry_Pi/Pico_SDK_v1.5.1/pico-sdk/src/rp2_common/hardware_gpio/gpio.c.obj
                0x100003dc                gpio_init
 *fill*         0x100003f2        0x2 
 .text.running_on_fpga
                0x100003f4       0x14 CMakeFiles/remote-control-car.dir/C_/Program_Files/Raspberry_Pi/Pico_SDK_v1.5.1/pico-sdk/src/rp2_common/pico_platform/platform.c.obj
                0x100003f4                running_on_fpga
 .text.hw_claim_lock
                0x10000408       0x18 CMakeFiles/remote-control-car.dir/C_/Program_Files/Raspberry_Pi/Pico_SDK_v1.5.1/pico-sdk/src/rp2_common/hardware_claim/claim.c.obj
                0x10000408                hw_claim_lock
 .text.hw_claim_unlock
                0x10000420       0x14 CMakeFiles/remote-control-car.dir/C_/Program_Files/Raspberry_Pi/Pico_SDK_v1.5.1/pico-sdk/src/rp2_common/hardware_claim/claim.c.obj
                0x10000420                hw_claim_unlock
 .text.hw_claim_or_assert
                0x10000434       0x32 CMakeFiles/remote-control-car.dir/C_/Program_Files/Raspberry_Pi/Pico_SDK_v1.5.1/pico-sdk/src/rp2_common/hardware_claim/claim.c.obj
                0x10000434                hw_claim_or_assert
 *fill*         0x10000466        0x2 
 .text.spin_locks_reset
                0x10000468       0x20 CMakeFiles/remote-control-car.dir/C_/Program_Files/Raspberry_Pi/Pico_SDK_v1.5.1/pico-sdk/src/rp2_common/hardware_sync/sync.c.obj
                0x10000468                spin_locks_reset
 .text.next_striped_spin_lock_num
                0x10000488       0x1c CMakeFiles/remote-control-car.dir/C_/Program_Files/Raspberry_Pi/Pico_SDK_v1.5.1/pico-sdk/src/rp2_common/hardware_sync/sync.c.obj
                0x10000488                next_striped_spin_lock_num
 .text.set_raw_irq_handler_and_unlock
                0x100004a4       0x28 CMakeFiles/remote-control-car.dir/C_/Program_Files/Raspberry_Pi/Pico_SDK_v1.5.1/pico-sdk/src/rp2_common/hardware_irq/irq.c.obj
 .text.make_branch
                0x100004cc       0x48 CMakeFiles/remote-control-car.dir/C_/Program_Files/Raspberry_Pi/Pico_SDK_v1.5.1/pico-sdk/src/rp2_common/hardware_irq/irq.c.obj
 .text.insert_branch_and_link
                0x10000514       0x40 CMakeFiles/remote-control-car.dir/C_/Program_Files/Raspberry_Pi/Pico_SDK_v1.5.1/pico-sdk/src/rp2_common/hardware_irq/irq.c.obj
 .text.irq_is_enabled
                0x10000554       0x18 CMakeFiles/remote-control-car.dir/C_/Program_Files/Raspberry_Pi/Pico_SDK_v1.5.1/pico-sdk/src/rp2_common/hardware_irq/irq.c.obj
                0x10000554                irq_is_enabled
 .text.irq_set_mask_enabled
                0x1000056c       0x20 CMakeFiles/remote-control-car.dir/C_/Program_Files/Raspberry_Pi/Pico_SDK_v1.5.1/pico-sdk/src/rp2_common/hardware_irq/irq.c.obj
                0x1000056c                irq_set_mask_enabled
 .text.irq_set_enabled
                0x1000058c        0xe CMakeFiles/remote-control-car.dir/C_/Program_Files/Raspberry_Pi/Pico_SDK_v1.5.1/pico-sdk/src/rp2_common/hardware_irq/irq.c.obj
                0x1000058c                irq_set_enabled
 *fill*         0x1000059a        0x2 
 .text.irq_get_vtable_handler
                0x1000059c       0x10 CMakeFiles/remote-control-car.dir/C_/Program_Files/Raspberry_Pi/Pico_SDK_v1.5.1/pico-sdk/src/rp2_common/hardware_irq/irq.c.obj
                0x1000059c                irq_get_vtable_handler
 .text.irq_set_exclusive_handler
                0x100005ac       0x54 CMakeFiles/remote-control-car.dir/C_/Program_Files/Raspberry_Pi/Pico_SDK_v1.5.1/pico-sdk/src/rp2_common/hardware_irq/irq.c.obj
                0x100005ac                irq_set_exclusive_handler
 .text.irq_remove_handler
                0x10000600      0x1ac CMakeFiles/remote-control-car.dir/C_/Program_Files/Raspberry_Pi/Pico_SDK_v1.5.1/pico-sdk/src/rp2_common/hardware_irq/irq.c.obj
                0x10000600                irq_remove_handler
 .text.irq_set_priority
                0x100007ac       0x28 CMakeFiles/remote-control-car.dir/C_/Program_Files/Raspberry_Pi/Pico_SDK_v1.5.1/pico-sdk/src/rp2_common/hardware_irq/irq.c.obj
                0x100007ac                irq_set_priority
 .text.irq_add_tail_to_free_list
                0x100007d4       0xf0 CMakeFiles/remote-control-car.dir/C_/Program_Files/Raspberry_Pi/Pico_SDK_v1.5.1/pico-sdk/src/rp2_common/hardware_irq/irq.c.obj
                0x100007d4                irq_add_tail_to_free_list
 .text.irq_init_priorities
                0x100008c4       0x1c CMakeFiles/remote-control-car.dir/C_/Program_Files/Raspberry_Pi/Pico_SDK_v1.5.1/pico-sdk/src/rp2_common/hardware_irq/irq.c.obj
                0x100008c4                irq_init_priorities
 .text.lock_init
                0x100008e0       0x10 CMakeFiles/remote-control-car.dir/C_/Program_Files/Raspberry_Pi/Pico_SDK_v1.5.1/pico-sdk/src/common/pico_sync/lock_core.c.obj
                0x100008e0                lock_init
 .text.mutex_init
                0x100008f0       0x1c CMakeFiles/remote-control-car.dir/C_/Program_Files/Raspberry_Pi/Pico_SDK_v1.5.1/pico-sdk/src/common/pico_sync/mutex.c.obj
                0x100008f0                mutex_init
 .text.recursive_mutex_init
                0x1000090c       0x20 CMakeFiles/remote-control-car.dir/C_/Program_Files/Raspberry_Pi/Pico_SDK_v1.5.1/pico-sdk/src/common/pico_sync/mutex.c.obj
                0x1000090c                recursive_mutex_init
 .text.alarm_pool_post_alloc_init
                0x1000092c       0x40 CMakeFiles/remote-control-car.dir/C_/Program_Files/Raspberry_Pi/Pico_SDK_v1.5.1/pico-sdk/src/common/pico_time/time.c.obj
 .text.sleep_until_callback
                0x1000096c       0x28 CMakeFiles/remote-control-car.dir/C_/Program_Files/Raspberry_Pi/Pico_SDK_v1.5.1/pico-sdk/src/common/pico_time/time.c.obj
 .text.timer_pool_entry_comparator
                0x10000994       0x7c CMakeFiles/remote-control-car.dir/C_/Program_Files/Raspberry_Pi/Pico_SDK_v1.5.1/pico-sdk/src/common/pico_time/time.c.obj
                0x10000994                timer_pool_entry_comparator
 .text.ph_add_child_node
                0x10000a10       0xa4 CMakeFiles/remote-control-car.dir/C_/Program_Files/Raspberry_Pi/Pico_SDK_v1.5.1/pico-sdk/src/common/pico_time/time.c.obj
 .text.ph_merge_nodes
                0x10000ab4       0x3e CMakeFiles/remote-control-car.dir/C_/Program_Files/Raspberry_Pi/Pico_SDK_v1.5.1/pico-sdk/src/common/pico_time/time.c.obj
 *fill*         0x10000af2        0x2 
 .text.add_alarm_under_lock
                0x10000af4      0x174 CMakeFiles/remote-control-car.dir/C_/Program_Files/Raspberry_Pi/Pico_SDK_v1.5.1/pico-sdk/src/common/pico_time/time.c.obj
 .text.alarm_pool_alarm_callback
                0x10000c68      0x33c CMakeFiles/remote-control-car.dir/C_/Program_Files/Raspberry_Pi/Pico_SDK_v1.5.1/pico-sdk/src/common/pico_time/time.c.obj
 .text.alarm_pool_init_default
                0x10000fa4       0x40 CMakeFiles/remote-control-car.dir/C_/Program_Files/Raspberry_Pi/Pico_SDK_v1.5.1/pico-sdk/src/common/pico_time/time.c.obj
                0x10000fa4                alarm_pool_init_default
 .text.alarm_pool_get_default
                0x10000fe4       0x2c CMakeFiles/remote-control-car.dir/C_/Program_Files/Raspberry_Pi/Pico_SDK_v1.5.1/pico-sdk/src/common/pico_time/time.c.obj
                0x10000fe4                alarm_pool_get_default
 .text.alarm_pool_add_alarm_at
                0x10001010      0x168 CMakeFiles/remote-control-car.dir/C_/Program_Files/Raspberry_Pi/Pico_SDK_v1.5.1/pico-sdk/src/common/pico_time/time.c.obj
                0x10001010                alarm_pool_add_alarm_at
 .text.alarm_pool_cancel_alarm
                0x10001178       0xf8 CMakeFiles/remote-control-car.dir/C_/Program_Files/Raspberry_Pi/Pico_SDK_v1.5.1/pico-sdk/src/common/pico_time/time.c.obj
                0x10001178                alarm_pool_cancel_alarm
 .text.best_effort_wfe_or_timeout
                0x10001270       0xac CMakeFiles/remote-control-car.dir/C_/Program_Files/Raspberry_Pi/Pico_SDK_v1.5.1/pico-sdk/src/common/pico_time/time.c.obj
                0x10001270                best_effort_wfe_or_timeout
 .text.hardware_alarm_irq_handler
                0x1000131c       0x90 CMakeFiles/remote-control-car.dir/C_/Program_Files/Raspberry_Pi/Pico_SDK_v1.5.1/pico-sdk/src/rp2_common/hardware_timer/timer.c.obj
 .text.hardware_alarm_claim
                0x100013ac       0x18 CMakeFiles/remote-control-car.dir/C_/Program_Files/Raspberry_Pi/Pico_SDK_v1.5.1/pico-sdk/src/rp2_common/hardware_timer/timer.c.obj
                0x100013ac                hardware_alarm_claim
 .text.time_us_64
                0x100013c4       0x18 CMakeFiles/remote-control-car.dir/C_/Program_Files/Raspberry_Pi/Pico_SDK_v1.5.1/pico-sdk/src/rp2_common/hardware_timer/timer.c.obj
                0x100013c4                time_us_64
 .text.busy_wait_until
                0x100013dc       0x28 CMakeFiles/remote-control-car.dir/C_/Program_Files/Raspberry_Pi/Pico_SDK_v1.5.1/pico-sdk/src/rp2_common/hardware_timer/timer.c.obj
                0x100013dc                busy_wait_until
 .text.busy_wait_us
                0x10001404       0x48 CMakeFiles/remote-control-car.dir/C_/Program_Files/Raspberry_Pi/Pico_SDK_v1.5.1/pico-sdk/src/rp2_common/hardware_timer/timer.c.obj
                0x10001404                busy_wait_us
 .text.hardware_alarm_set_callback
                0x1000144c       0x90 CMakeFiles/remote-control-car.dir/C_/Program_Files/Raspberry_Pi/Pico_SDK_v1.5.1/pico-sdk/src/rp2_common/hardware_timer/timer.c.obj
                0x1000144c                hardware_alarm_set_callback
 .text.hardware_alarm_set_target
                0x100014dc       0xe8 CMakeFiles/remote-control-car.dir/C_/Program_Files/Raspberry_Pi/Pico_SDK_v1.5.1/pico-sdk/src/rp2_common/hardware_timer/timer.c.obj
                0x100014dc                hardware_alarm_set_target
 .text.hardware_alarm_cancel
                0x100015c4       0x40 CMakeFiles/remote-control-car.dir/C_/Program_Files/Raspberry_Pi/Pico_SDK_v1.5.1/pico-sdk/src/rp2_common/hardware_timer/timer.c.obj
                0x100015c4                hardware_alarm_cancel
 .text.ph_add_child_node
                0x10001604       0xa4 CMakeFiles/remote-control-car.dir/C_/Program_Files/Raspberry_Pi/Pico_SDK_v1.5.1/pico-sdk/src/common/pico_util/pheap.c.obj
 .text.ph_merge_nodes
                0x100016a8       0x3e CMakeFiles/remote-control-car.dir/C_/Program_Files/Raspberry_Pi/Pico_SDK_v1.5.1/pico-sdk/src/common/pico_util/pheap.c.obj
 *fill*         0x100016e6        0x2 
 .text.ph_clear
                0x100016e8       0x70 CMakeFiles/remote-control-car.dir/C_/Program_Files/Raspberry_Pi/Pico_SDK_v1.5.1/pico-sdk/src/common/pico_util/pheap.c.obj
                0x100016e8                ph_clear
 .text.ph_post_alloc_init
                0x10001758        0xe CMakeFiles/remote-control-car.dir/C_/Program_Files/Raspberry_Pi/Pico_SDK_v1.5.1/pico-sdk/src/common/pico_util/pheap.c.obj
                0x10001758                ph_post_alloc_init
 *fill*         0x10001766        0x2 
 .text.ph_merge_two_pass
                0x10001768       0xa8 CMakeFiles/remote-control-car.dir/C_/Program_Files/Raspberry_Pi/Pico_SDK_v1.5.1/pico-sdk/src/common/pico_util/pheap.c.obj
                0x10001768                ph_merge_two_pass
 .text.ph_remove_any_head
                0x10001810      0x128 CMakeFiles/remote-control-car.dir/C_/Program_Files/Raspberry_Pi/Pico_SDK_v1.5.1/pico-sdk/src/common/pico_util/pheap.c.obj
 .text.ph_remove_head
                0x10001938       0x14 CMakeFiles/remote-control-car.dir/C_/Program_Files/Raspberry_Pi/Pico_SDK_v1.5.1/pico-sdk/src/common/pico_util/pheap.c.obj
                0x10001938                ph_remove_head
 .text.ph_remove_and_free_node
                0x1000194c       0xf8 CMakeFiles/remote-control-car.dir/C_/Program_Files/Raspberry_Pi/Pico_SDK_v1.5.1/pico-sdk/src/common/pico_util/pheap.c.obj
                0x1000194c                ph_remove_and_free_node
 .text.uart_disable_before_lcr_write
                0x10001a44       0x48 CMakeFiles/remote-control-car.dir/C_/Program_Files/Raspberry_Pi/Pico_SDK_v1.5.1/pico-sdk/src/rp2_common/hardware_uart/uart.c.obj
 .text.uart_write_lcr_bits_masked
                0x10001a8c       0x22 CMakeFiles/remote-control-car.dir/C_/Program_Files/Raspberry_Pi/Pico_SDK_v1.5.1/pico-sdk/src/rp2_common/hardware_uart/uart.c.obj
 *fill*         0x10001aae        0x2 
 .text.uart_set_baudrate
                0x10001ab0       0x5c CMakeFiles/remote-control-car.dir/C_/Program_Files/Raspberry_Pi/Pico_SDK_v1.5.1/pico-sdk/src/rp2_common/hardware_uart/uart.c.obj
                0x10001ab0                uart_set_baudrate
 .text.uart_set_format
                0x10001b0c       0x2c CMakeFiles/remote-control-car.dir/C_/Program_Files/Raspberry_Pi/Pico_SDK_v1.5.1/pico-sdk/src/rp2_common/hardware_uart/uart.c.obj
                0x10001b0c                uart_set_format
 .text.uart_set_translate_crlf
                0x10001b38       0x28 CMakeFiles/remote-control-car.dir/C_/Program_Files/Raspberry_Pi/Pico_SDK_v1.5.1/pico-sdk/src/rp2_common/hardware_uart/uart.c.obj
                0x10001b38                uart_set_translate_crlf
 .text.uart_init
                0x10001b60       0x80 CMakeFiles/remote-control-car.dir/C_/Program_Files/Raspberry_Pi/Pico_SDK_v1.5.1/pico-sdk/src/rp2_common/hardware_uart/uart.c.obj
                0x10001b60                uart_init
 .text.clock_configure
                0x10001be0      0x108 CMakeFiles/remote-control-car.dir/C_/Program_Files/Raspberry_Pi/Pico_SDK_v1.5.1/pico-sdk/src/rp2_common/hardware_clocks/clocks.c.obj
                0x10001be0                clock_configure
 .text.clocks_init
                0x10001ce8      0x100 CMakeFiles/remote-control-car.dir/C_/Program_Files/Raspberry_Pi/Pico_SDK_v1.5.1/pico-sdk/src/rp2_common/hardware_clocks/clocks.c.obj
                0x10001ce8                clocks_init
 .text.clock_get_hz
                0x10001de8        0xc CMakeFiles/remote-control-car.dir/C_/Program_Files/Raspberry_Pi/Pico_SDK_v1.5.1/pico-sdk/src/rp2_common/hardware_clocks/clocks.c.obj
                0x10001de8                clock_get_hz
 .text.pll_init
                0x10001df4      0x120 CMakeFiles/remote-control-car.dir/C_/Program_Files/Raspberry_Pi/Pico_SDK_v1.5.1/pico-sdk/src/rp2_common/hardware_pll/pll.c.obj
                0x10001df4                pll_init
 .text.watchdog_start_tick
                0x10001f14       0x10 CMakeFiles/remote-control-car.dir/C_/Program_Files/Raspberry_Pi/Pico_SDK_v1.5.1/pico-sdk/src/rp2_common/hardware_watchdog/watchdog.c.obj
                0x10001f14                watchdog_start_tick
 .text.xosc_init
                0x10001f24       0x28 CMakeFiles/remote-control-car.dir/C_/Program_Files/Raspberry_Pi/Pico_SDK_v1.5.1/pico-sdk/src/rp2_common/hardware_xosc/xosc.c.obj
                0x10001f24                xosc_init
 .text._exit    0x10001f4c        0x4 CMakeFiles/remote-control-car.dir/C_/Program_Files/Raspberry_Pi/Pico_SDK_v1.5.1/pico-sdk/src/rp2_common/pico_runtime/runtime.c.obj
                0x10001f4c                _exit
 .text.exit     0x10001f50        0x6 CMakeFiles/remote-control-car.dir/C_/Program_Files/Raspberry_Pi/Pico_SDK_v1.5.1/pico-sdk/src/rp2_common/pico_runtime/runtime.c.obj
                0x10001f50                exit
 *fill*         0x10001f56        0x2 
 .text.__assert_func
                0x10001f58       0x3c CMakeFiles/remote-control-car.dir/C_/Program_Files/Raspberry_Pi/Pico_SDK_v1.5.1/pico-sdk/src/rp2_common/pico_runtime/runtime.c.obj
                0x10001f58                __assert_func
 .text.runtime_init
                0x10001f94       0xf8 CMakeFiles/remote-control-car.dir/C_/Program_Files/Raspberry_Pi/Pico_SDK_v1.5.1/pico-sdk/src/rp2_common/pico_runtime/runtime.c.obj
                0x10001f94                runtime_init
 .text.panic    0x1000208c       0x30 CMakeFiles/remote-control-car.dir/C_/Program_Files/Raspberry_Pi/Pico_SDK_v1.5.1/pico-sdk/src/rp2_common/pico_runtime/runtime.c.obj
                0x1000208c                panic
 .text.panic_unsupported
                0x100020bc        0xc CMakeFiles/remote-control-car.dir/C_/Program_Files/Raspberry_Pi/Pico_SDK_v1.5.1/pico-sdk/src/rp2_common/pico_runtime/runtime.c.obj
                0x100020bc                panic_unsupported
 .text._out_null
                0x100020c8        0x2 CMakeFiles/remote-control-car.dir/C_/Program_Files/Raspberry_Pi/Pico_SDK_v1.5.1/pico-sdk/src/rp2_common/pico_printf/printf.c.obj
 .text._out_fct
                0x100020ca        0xe CMakeFiles/remote-control-car.dir/C_/Program_Files/Raspberry_Pi/Pico_SDK_v1.5.1/pico-sdk/src/rp2_common/pico_printf/printf.c.obj
 .text._atoi    0x100020d8       0x24 CMakeFiles/remote-control-car.dir/C_/Program_Files/Raspberry_Pi/Pico_SDK_v1.5.1/pico-sdk/src/rp2_common/pico_printf/printf.c.obj
 .text._out_rev
                0x100020fc       0xae CMakeFiles/remote-control-car.dir/C_/Program_Files/Raspberry_Pi/Pico_SDK_v1.5.1/pico-sdk/src/rp2_common/pico_printf/printf.c.obj
 .text._ntoa_format
                0x100021aa      0x112 CMakeFiles/remote-control-car.dir/C_/Program_Files/Raspberry_Pi/Pico_SDK_v1.5.1/pico-sdk/src/rp2_common/pico_printf/printf.c.obj
 .text._ntoa_long
                0x100022bc       0xbc CMakeFiles/remote-control-car.dir/C_/Program_Files/Raspberry_Pi/Pico_SDK_v1.5.1/pico-sdk/src/rp2_common/pico_printf/printf.c.obj
 .text._ntoa_long_long
                0x10002378       0xe2 CMakeFiles/remote-control-car.dir/C_/Program_Files/Raspberry_Pi/Pico_SDK_v1.5.1/pico-sdk/src/rp2_common/pico_printf/printf.c.obj
 *fill*         0x1000245a        0x2 
 .text._etoa    0x1000245c      0x414 CMakeFiles/remote-control-car.dir/C_/Program_Files/Raspberry_Pi/Pico_SDK_v1.5.1/pico-sdk/src/rp2_common/pico_printf/printf.c.obj
 .text._ftoa    0x10002870      0x354 CMakeFiles/remote-control-car.dir/C_/Program_Files/Raspberry_Pi/Pico_SDK_v1.5.1/pico-sdk/src/rp2_common/pico_printf/printf.c.obj
 .text._vsnprintf
                0x10002bc4      0x624 CMakeFiles/remote-control-car.dir/C_/Program_Files/Raspberry_Pi/Pico_SDK_v1.5.1/pico-sdk/src/rp2_common/pico_printf/printf.c.obj
 .text.vfctprintf
                0x100031e8       0x20 CMakeFiles/remote-control-car.dir/C_/Program_Files/Raspberry_Pi/Pico_SDK_v1.5.1/pico-sdk/src/rp2_common/pico_printf/printf.c.obj
                0x100031e8                vfctprintf
 .text          0x10003208       0x10 CMakeFiles/remote-control-car.dir/C_/Program_Files/Raspberry_Pi/Pico_SDK_v1.5.1/pico-sdk/src/rp2_common/pico_bit_ops/bit_ops_aeabi.S.obj
 .text.rom_func_lookup
                0x10003218       0x10 CMakeFiles/remote-control-car.dir/C_/Program_Files/Raspberry_Pi/Pico_SDK_v1.5.1/pico-sdk/src/rp2_common/pico_bootrom/bootrom.c.obj
                0x10003218                rom_func_lookup
 .text.rom_data_lookup
                0x10003228       0x10 CMakeFiles/remote-control-car.dir/C_/Program_Files/Raspberry_Pi/Pico_SDK_v1.5.1/pico-sdk/src/rp2_common/pico_bootrom/bootrom.c.obj
                0x10003228                rom_data_lookup
 .text.rom_funcs_lookup
                0x10003238       0x36 CMakeFiles/remote-control-car.dir/C_/Program_Files/Raspberry_Pi/Pico_SDK_v1.5.1/pico-sdk/src/rp2_common/pico_bootrom/bootrom.c.obj
                0x10003238                rom_funcs_lookup
 *fill*         0x1000326e        0x2 
 .text.__wrap___aeabi_idiv
                0x10003270       0x50 CMakeFiles/remote-control-car.dir/C_/Program_Files/Raspberry_Pi/Pico_SDK_v1.5.1/pico-sdk/src/rp2_common/pico_divider/divider.S.obj
                0x10003270                __wrap___aeabi_idivmod
                0x10003270                divmod_s32s32
                0x10003270                div_s32s32
                0x10003270                __wrap___aeabi_idiv
                0x10003278                divmod_s32s32_unsafe
                0x100032a4                divmod_s32s32_savestate
 .text.__wrap___aeabi_uidiv
                0x100032c0       0x4c CMakeFiles/remote-control-car.dir/C_/Program_Files/Raspberry_Pi/Pico_SDK_v1.5.1/pico-sdk/src/rp2_common/pico_divider/divider.S.obj
                0x100032c0                __wrap___aeabi_uidiv
                0x100032c0                __wrap___aeabi_uidivmod
                0x100032c0                div_u32u32
                0x100032c0                divmod_u32u32
                0x100032c8                divmod_u32u32_unsafe
                0x100032f0                divmod_u32u32_savestate
 .text.__wrap___aeabi_ldiv
                0x1000330c      0x424 CMakeFiles/remote-control-car.dir/C_/Program_Files/Raspberry_Pi/Pico_SDK_v1.5.1/pico-sdk/src/rp2_common/pico_divider/divider.S.obj
                0x1000330c                div_s64s64
                0x1000330c                divmod_s64s64
                0x1000330c                __wrap___aeabi_ldivmod
                0x1000333c                divmod_u64u64
                0x1000333c                div_u64u64
                0x1000333c                __wrap___aeabi_uldivmod
                0x1000334c                divmod_u64u64_savestate
                0x1000336c                divmod_s64s64_unsafe
                0x100033f4                divmod_u64u64_unsafe
 .text.__wrap___aeabi_darithmetic
                0x10003730       0x80 CMakeFiles/remote-control-car.dir/C_/Program_Files/Raspberry_Pi/Pico_SDK_v1.5.1/pico-sdk/src/rp2_common/pico_double/double_aeabi.S.obj
                0x10003730                __wrap___aeabi_drsub
                0x10003736                __wrap___aeabi_dsub
                0x10003748                __wrap___aeabi_dadd
                0x1000375a                __wrap___aeabi_ddiv
                0x10003796                __wrap___aeabi_dmul
 .text.__wrap___aeabi_cdcmple
                0x100037b0       0x6c CMakeFiles/remote-control-car.dir/C_/Program_Files/Raspberry_Pi/Pico_SDK_v1.5.1/pico-sdk/src/rp2_common/pico_double/double_aeabi.S.obj
                0x100037b0                __wrap___aeabi_cdrcmple
                0x100037c0                __wrap___aeabi_cdcmpeq
                0x100037c0                __wrap___aeabi_cdcmple
 .text.__wrap___aeabi_dcmplt
                0x1000381c        0xc CMakeFiles/remote-control-car.dir/C_/Program_Files/Raspberry_Pi/Pico_SDK_v1.5.1/pico-sdk/src/rp2_common/pico_double/double_aeabi.S.obj
                0x1000381c                __wrap___aeabi_dcmplt
 .text.__wrap___aeabi_dcmple
                0x10003828       0x10 CMakeFiles/remote-control-car.dir/C_/Program_Files/Raspberry_Pi/Pico_SDK_v1.5.1/pico-sdk/src/rp2_common/pico_double/double_aeabi.S.obj
                0x10003828                __wrap___aeabi_dcmple
 .text.__wrap___aeabi_dcmpge
                0x10003838       0x10 CMakeFiles/remote-control-car.dir/C_/Program_Files/Raspberry_Pi/Pico_SDK_v1.5.1/pico-sdk/src/rp2_common/pico_double/double_aeabi.S.obj
                0x10003838                __wrap___aeabi_dcmpge
 .text.__wrap___aeabi_dcmpgt
                0x10003848        0xa CMakeFiles/remote-control-car.dir/C_/Program_Files/Raspberry_Pi/Pico_SDK_v1.5.1/pico-sdk/src/rp2_common/pico_double/double_aeabi.S.obj
                0x10003848                __wrap___aeabi_dcmpgt
 .text.__wrap___aeabi_dcmpun
                0x10003852       0x1c CMakeFiles/remote-control-car.dir/C_/Program_Files/Raspberry_Pi/Pico_SDK_v1.5.1/pico-sdk/src/rp2_common/pico_double/double_aeabi.S.obj
                0x10003852                __wrap___aeabi_dcmpun
 *fill*         0x1000386e        0x2 
 .text.__wrap___aeabi_i2d
                0x10003870       0x38 CMakeFiles/remote-control-car.dir/C_/Program_Files/Raspberry_Pi/Pico_SDK_v1.5.1/pico-sdk/src/rp2_common/pico_double/double_aeabi.S.obj
                0x10003870                __wrap___aeabi_ui2d
                0x10003878                __wrap___aeabi_i2d
 .text.__wrap___aeabi_d2iz
                0x100038a8       0x48 CMakeFiles/remote-control-car.dir/C_/Program_Files/Raspberry_Pi/Pico_SDK_v1.5.1/pico-sdk/src/rp2_common/pico_double/double_aeabi.S.obj
                0x100038a8                double2int_z
                0x100038a8                __wrap___aeabi_d2iz
 .text.__wrap___aeabi_d2uiz
                0x100038f0       0x18 CMakeFiles/remote-control-car.dir/C_/Program_Files/Raspberry_Pi/Pico_SDK_v1.5.1/pico-sdk/src/rp2_common/pico_double/double_aeabi.S.obj
                0x100038f0                __wrap___aeabi_d2uiz
                0x100038f0                double2uint
 .text.__aeabi_double_init
                0x10003908       0xc8 CMakeFiles/remote-control-car.dir/C_/Program_Files/Raspberry_Pi/Pico_SDK_v1.5.1/pico-sdk/src/rp2_common/pico_double/double_init_rom.c.obj
                0x10003908                __aeabi_double_init
 .text.double_table_shim_on_use_helper
                0x100039d0       0x34 CMakeFiles/remote-control-car.dir/C_/Program_Files/Raspberry_Pi/Pico_SDK_v1.5.1/pico-sdk/src/rp2_common/pico_double/double_v1_rom_shim.S.obj
                0x100039d0                double_table_shim_on_use_helper
 .text.__wrap___aeabi_dsub
                0x10003a04       0x10 CMakeFiles/remote-control-car.dir/C_/Program_Files/Raspberry_Pi/Pico_SDK_v1.5.1/pico-sdk/src/rp2_common/pico_double/double_v1_rom_shim.S.obj
                0x10003a04                drsub_shim
                0x10003a0a                dsub_shim
 .text.dadd_shim
                0x10003a14      0x15c CMakeFiles/remote-control-car.dir/C_/Program_Files/Raspberry_Pi/Pico_SDK_v1.5.1/pico-sdk/src/rp2_common/pico_double/double_v1_rom_shim.S.obj
                0x10003a14                dadd_shim
 .text.dmul_shim
                0x10003b70      0x15c CMakeFiles/remote-control-car.dir/C_/Program_Files/Raspberry_Pi/Pico_SDK_v1.5.1/pico-sdk/src/rp2_common/pico_double/double_v1_rom_shim.S.obj
                0x10003b70                dmul_shim
 .text.ddiv_shim
                0x10003ccc      0x1b0 CMakeFiles/remote-control-car.dir/C_/Program_Files/Raspberry_Pi/Pico_SDK_v1.5.1/pico-sdk/src/rp2_common/pico_double/double_v1_rom_shim.S.obj
                0x10003ccc                ddiv_shim
 .text.double2uint_shim
                0x10003e7c        0xe CMakeFiles/remote-control-car.dir/C_/Program_Files/Raspberry_Pi/Pico_SDK_v1.5.1/pico-sdk/src/rp2_common/pico_double/double_v1_rom_shim.S.obj
                0x10003e7c                double2uint_shim
                0x10003e7e                double2ufix_shim
 *fill*         0x10003e8a        0x2 
 .text.double2uint64_shim
                0x10003e8c       0x70 CMakeFiles/remote-control-car.dir/C_/Program_Files/Raspberry_Pi/Pico_SDK_v1.5.1/pico-sdk/src/rp2_common/pico_double/double_v1_rom_shim.S.obj
                0x10003e8c                double2uint64_shim
                0x10003e8e                double2ufix64_shim
                0x10003eae                d2fix_a
 .text.dunpacks
                0x10003efc       0x3c CMakeFiles/remote-control-car.dir/C_/Program_Files/Raspberry_Pi/Pico_SDK_v1.5.1/pico-sdk/src/rp2_common/pico_double/double_v1_rom_shim.S.obj
                0x10003efc                dunpacks
 .text.__aeabi_float_init
                0x10003f38       0xfc CMakeFiles/remote-control-car.dir/C_/Program_Files/Raspberry_Pi/Pico_SDK_v1.5.1/pico-sdk/src/rp2_common/pico_float/float_init_rom.c.obj
                0x10003f38                __aeabi_float_init
 .text.float_table_shim_on_use_helper
                0x10004034       0x34 CMakeFiles/remote-control-car.dir/C_/Program_Files/Raspberry_Pi/Pico_SDK_v1.5.1/pico-sdk/src/rp2_common/pico_float/float_v1_rom_shim.S.obj
                0x10004034                float_table_shim_on_use_helper
 .text          0x10004068       0x10 CMakeFiles/remote-control-car.dir/C_/Program_Files/Raspberry_Pi/Pico_SDK_v1.5.1/pico-sdk/src/rp2_common/pico_mem_ops/mem_ops_aeabi.S.obj
                0x10004068                __aeabi_mem_init
 .text.memset   0x10004078        0xc CMakeFiles/remote-control-car.dir/C_/Program_Files/Raspberry_Pi/Pico_SDK_v1.5.1/pico-sdk/src/rp2_common/pico_mem_ops/mem_ops_aeabi.S.obj
                0x10004078                __wrap_memset
 .text.memcpy   0x10004084        0xc CMakeFiles/remote-control-car.dir/C_/Program_Files/Raspberry_Pi/Pico_SDK_v1.5.1/pico-sdk/src/rp2_common/pico_mem_ops/mem_ops_aeabi.S.obj
                0x10004084                __wrap_memcpy
                0x10004084                __wrap___aeabi_memcpy
 .text.stdio_out_chars_no_crlf
                0x10004090        0xe CMakeFiles/remote-control-car.dir/C_/Program_Files/Raspberry_Pi/Pico_SDK_v1.5.1/pico-sdk/src/rp2_common/pico_stdio/stdio.c.obj
 *fill*         0x1000409e        0x2 
 .text.stdio_out_chars_crlf
                0x100040a0       0x80 CMakeFiles/remote-control-car.dir/C_/Program_Files/Raspberry_Pi/Pico_SDK_v1.5.1/pico-sdk/src/rp2_common/pico_stdio/stdio.c.obj
 .text.stdio_stack_buffer_flush
                0x10004120       0x44 CMakeFiles/remote-control-car.dir/C_/Program_Files/Raspberry_Pi/Pico_SDK_v1.5.1/pico-sdk/src/rp2_common/pico_stdio/stdio.c.obj
 .text.stdio_buffered_printer
                0x10004164       0x20 CMakeFiles/remote-control-car.dir/C_/Program_Files/Raspberry_Pi/Pico_SDK_v1.5.1/pico-sdk/src/rp2_common/pico_stdio/stdio.c.obj
 .text.stdout_serialize_begin
                0x10004184       0x5c CMakeFiles/remote-control-car.dir/C_/Program_Files/Raspberry_Pi/Pico_SDK_v1.5.1/pico-sdk/src/rp2_common/pico_stdio/stdio.c.obj
                0x10004184                stdout_serialize_begin
 .text.stdout_serialize_end
                0x100041e0       0x10 CMakeFiles/remote-control-car.dir/C_/Program_Files/Raspberry_Pi/Pico_SDK_v1.5.1/pico-sdk/src/rp2_common/pico_stdio/stdio.c.obj
                0x100041e0                stdout_serialize_end
 .text.stdio_put_string
                0x100041f0       0x98 CMakeFiles/remote-control-car.dir/C_/Program_Files/Raspberry_Pi/Pico_SDK_v1.5.1/pico-sdk/src/rp2_common/pico_stdio/stdio.c.obj
 .text.stdio_set_driver_enabled
                0x10004288       0x2c CMakeFiles/remote-control-car.dir/C_/Program_Files/Raspberry_Pi/Pico_SDK_v1.5.1/pico-sdk/src/rp2_common/pico_stdio/stdio.c.obj
                0x10004288                stdio_set_driver_enabled
 .text.stdio_flush
                0x100042b4       0x20 CMakeFiles/remote-control-car.dir/C_/Program_Files/Raspberry_Pi/Pico_SDK_v1.5.1/pico-sdk/src/rp2_common/pico_stdio/stdio.c.obj
                0x100042b4                stdio_flush
 .text.__wrap_puts
                0x100042d4       0x1e CMakeFiles/remote-control-car.dir/C_/Program_Files/Raspberry_Pi/Pico_SDK_v1.5.1/pico-sdk/src/rp2_common/pico_stdio/stdio.c.obj
                0x100042d4                __wrap_puts
 *fill*         0x100042f2        0x2 
 .text.__wrap_vprintf
                0x100042f4       0x40 CMakeFiles/remote-control-car.dir/C_/Program_Files/Raspberry_Pi/Pico_SDK_v1.5.1/pico-sdk/src/rp2_common/pico_stdio/stdio.c.obj
                0x100042f4                __wrap_vprintf
 .text.__wrap_printf
                0x10004334       0x18 CMakeFiles/remote-control-car.dir/C_/Program_Files/Raspberry_Pi/Pico_SDK_v1.5.1/pico-sdk/src/rp2_common/pico_stdio/stdio.c.obj
                0x10004334                __wrap_printf
 .text.stdio_init_all
                0x1000434c        0xa CMakeFiles/remote-control-car.dir/C_/Program_Files/Raspberry_Pi/Pico_SDK_v1.5.1/pico-sdk/src/rp2_common/pico_stdio/stdio.c.obj
                0x1000434c                stdio_init_all
 *fill*         0x10004356        0x2 
 .text.stdio_uart_out_chars
                0x10004358       0x74 CMakeFiles/remote-control-car.dir/C_/Program_Files/Raspberry_Pi/Pico_SDK_v1.5.1/pico-sdk/src/rp2_common/pico_stdio_uart/stdio_uart.c.obj
 .text.stdio_uart_in_chars
                0x100043cc       0x80 CMakeFiles/remote-control-car.dir/C_/Program_Files/Raspberry_Pi/Pico_SDK_v1.5.1/pico-sdk/src/rp2_common/pico_stdio_uart/stdio_uart.c.obj
                0x100043cc                stdio_uart_in_chars
 .text.on_uart_rx
                0x1000444c       0x28 CMakeFiles/remote-control-car.dir/C_/Program_Files/Raspberry_Pi/Pico_SDK_v1.5.1/pico-sdk/src/rp2_common/pico_stdio_uart/stdio_uart.c.obj
 .text.stdio_uart_set_chars_available_callback
                0x10004474       0x8c CMakeFiles/remote-control-car.dir/C_/Program_Files/Raspberry_Pi/Pico_SDK_v1.5.1/pico-sdk/src/rp2_common/pico_stdio_uart/stdio_uart.c.obj
 .text.stdio_uart_init_full
                0x10004500       0x44 CMakeFiles/remote-control-car.dir/C_/Program_Files/Raspberry_Pi/Pico_SDK_v1.5.1/pico-sdk/src/rp2_common/pico_stdio_uart/stdio_uart.c.obj
                0x10004500                stdio_uart_init_full
 .text.stdio_uart_init
                0x10004544       0x28 CMakeFiles/remote-control-car.dir/C_/Program_Files/Raspberry_Pi/Pico_SDK_v1.5.1/pico-sdk/src/rp2_common/pico_stdio_uart/stdio_uart.c.obj
                0x10004544                stdio_uart_init
 .text.prvHeapInit
                0x1000456c       0x58 CMakeFiles/remote-control-car.dir/C_/VSARM/FreeRTOS-Kernel/portable/MemMang/heap_4.c.obj
 .text.prvInsertBlockIntoFreeList
                0x100045c4       0x88 CMakeFiles/remote-control-car.dir/C_/VSARM/FreeRTOS-Kernel/portable/MemMang/heap_4.c.obj
 .text.pvPortMalloc
                0x1000464c      0x188 CMakeFiles/remote-control-car.dir/C_/VSARM/FreeRTOS-Kernel/portable/MemMang/heap_4.c.obj
                0x1000464c                pvPortMalloc
 .text.vPortFree
                0x100047d4       0xa8 CMakeFiles/remote-control-car.dir/C_/VSARM/FreeRTOS-Kernel/portable/MemMang/heap_4.c.obj
                0x100047d4                vPortFree
 .text.vPortSVCHandler
                0x1000487c        0x2 CMakeFiles/remote-control-car.dir/C_/VSARM/FreeRTOS-Kernel/portable/ThirdParty/GCC/RP2040/port.c.obj
                0x1000487c                vPortSVCHandler
 *fill*         0x1000487e        0x2 
 .text.vPortStartFirstTask
                0x10004880       0x34 CMakeFiles/remote-control-car.dir/C_/VSARM/FreeRTOS-Kernel/portable/ThirdParty/GCC/RP2040/port.c.obj
 *fill*         0x100048b4        0xc 
 .text.xPortPendSVHandler
                0x100048c0       0x64 CMakeFiles/remote-control-car.dir/C_/VSARM/FreeRTOS-Kernel/portable/ThirdParty/GCC/RP2040/port.c.obj
                0x100048c0                xPortPendSVHandler
 .text.prvTaskExitError
                0x10004924        0x6 CMakeFiles/remote-control-car.dir/C_/VSARM/FreeRTOS-Kernel/portable/ThirdParty/GCC/RP2040/port.c.obj
 *fill*         0x1000492a        0x2 
 .text.prvFIFOInterruptHandler
                0x1000492c       0x78 CMakeFiles/remote-control-car.dir/C_/VSARM/FreeRTOS-Kernel/portable/ThirdParty/GCC/RP2040/port.c.obj
 .text.prvGetTicksToWaitBefore
                0x100049a4       0x58 CMakeFiles/remote-control-car.dir/C_/VSARM/FreeRTOS-Kernel/portable/ThirdParty/GCC/RP2040/port.c.obj
 .text.pxPortInitialiseStack
                0x100049fc       0x20 CMakeFiles/remote-control-car.dir/C_/VSARM/FreeRTOS-Kernel/portable/ThirdParty/GCC/RP2040/port.c.obj
                0x100049fc                pxPortInitialiseStack
 .text.vPortYield
                0x10004a1c       0x18 CMakeFiles/remote-control-car.dir/C_/VSARM/FreeRTOS-Kernel/portable/ThirdParty/GCC/RP2040/port.c.obj
                0x10004a1c                vPortYield
 .text.vPortEnterCritical
                0x10004a34       0x18 CMakeFiles/remote-control-car.dir/C_/VSARM/FreeRTOS-Kernel/portable/ThirdParty/GCC/RP2040/port.c.obj
                0x10004a34                vPortEnterCritical
 .text.vPortExitCritical
                0x10004a4c       0x38 CMakeFiles/remote-control-car.dir/C_/VSARM/FreeRTOS-Kernel/portable/ThirdParty/GCC/RP2040/port.c.obj
                0x10004a4c                vPortExitCritical
 .text.ulSetInterruptMaskFromISR
                0x10004a84        0x8 CMakeFiles/remote-control-car.dir/C_/VSARM/FreeRTOS-Kernel/portable/ThirdParty/GCC/RP2040/port.c.obj
                0x10004a84                ulSetInterruptMaskFromISR
 .text.vClearInterruptMaskFromISR
                0x10004a8c        0x6 CMakeFiles/remote-control-car.dir/C_/VSARM/FreeRTOS-Kernel/portable/ThirdParty/GCC/RP2040/port.c.obj
                0x10004a8c                vClearInterruptMaskFromISR
 *fill*         0x10004a92        0x2 
 .text.xPortSysTickHandler
                0x10004a94       0x24 CMakeFiles/remote-control-car.dir/C_/VSARM/FreeRTOS-Kernel/portable/ThirdParty/GCC/RP2040/port.c.obj
                0x10004a94                xPortSysTickHandler
 .text.vPortSetupTimerInterrupt
                0x10004ab8       0x34 CMakeFiles/remote-control-car.dir/C_/VSARM/FreeRTOS-Kernel/portable/ThirdParty/GCC/RP2040/port.c.obj
                0x10004ab8                vPortSetupTimerInterrupt
 .text.xPortStartScheduler
                0x10004aec       0xa8 CMakeFiles/remote-control-car.dir/C_/VSARM/FreeRTOS-Kernel/portable/ThirdParty/GCC/RP2040/port.c.obj
                0x10004aec                xPortStartScheduler
 .text.ulPortLockGetCurrentOwnerId
                0x10004b94       0x2c CMakeFiles/remote-control-car.dir/C_/VSARM/FreeRTOS-Kernel/portable/ThirdParty/GCC/RP2040/port.c.obj
                0x10004b94                ulPortLockGetCurrentOwnerId
 .text.vPortLockInternalSpinUnlockWithNotify
                0x10004bc0       0xd4 CMakeFiles/remote-control-car.dir/C_/VSARM/FreeRTOS-Kernel/portable/ThirdParty/GCC/RP2040/port.c.obj
                0x10004bc0                vPortLockInternalSpinUnlockWithNotify
 .text.xPortLockInternalSpinUnlockWithBestEffortWaitOrTimeout
                0x10004c94      0x104 CMakeFiles/remote-control-car.dir/C_/VSARM/FreeRTOS-Kernel/portable/ThirdParty/GCC/RP2040/port.c.obj
                0x10004c94                xPortLockInternalSpinUnlockWithBestEffortWaitOrTimeout
 .text.prvRuntimeInitializer
                0x10004d98       0x28 CMakeFiles/remote-control-car.dir/C_/VSARM/FreeRTOS-Kernel/portable/ThirdParty/GCC/RP2040/port.c.obj
 .text.prvTestWaitCondition
                0x10004dc0       0x1e CMakeFiles/remote-control-car.dir/C_/VSARM/FreeRTOS-Kernel/event_groups.c.obj
 .text.xEventGroupCreate
                0x10004dde       0x18 CMakeFiles/remote-control-car.dir/C_/VSARM/FreeRTOS-Kernel/event_groups.c.obj
                0x10004dde                xEventGroupCreate
 *fill*         0x10004df6        0x2 
 .text.xEventGroupWaitBits
                0x10004df8      0x124 CMakeFiles/remote-control-car.dir/C_/VSARM/FreeRTOS-Kernel/event_groups.c.obj
                0x10004df8                xEventGroupWaitBits
 .text.xEventGroupSetBits
                0x10004f1c       0x98 CMakeFiles/remote-control-car.dir/C_/VSARM/FreeRTOS-Kernel/event_groups.c.obj
                0x10004f1c                xEventGroupSetBits
 .text.vEventGroupSetBitsCallback
                0x10004fb4        0x8 CMakeFiles/remote-control-car.dir/C_/VSARM/FreeRTOS-Kernel/event_groups.c.obj
                0x10004fb4                vEventGroupSetBitsCallback
 .text.xEventGroupSetBitsFromISR
                0x10004fbc       0x14 CMakeFiles/remote-control-car.dir/C_/VSARM/FreeRTOS-Kernel/event_groups.c.obj
                0x10004fbc                xEventGroupSetBitsFromISR
 .text.vListInitialise
                0x10004fd0       0x16 CMakeFiles/remote-control-car.dir/C_/VSARM/FreeRTOS-Kernel/list.c.obj
                0x10004fd0                vListInitialise
 .text.vListInitialiseItem
                0x10004fe6        0x6 CMakeFiles/remote-control-car.dir/C_/VSARM/FreeRTOS-Kernel/list.c.obj
                0x10004fe6                vListInitialiseItem
 .text.vListInsert
                0x10004fec       0x2e CMakeFiles/remote-control-car.dir/C_/VSARM/FreeRTOS-Kernel/list.c.obj
                0x10004fec                vListInsert
 .text.uxListRemove
                0x1000501a       0x24 CMakeFiles/remote-control-car.dir/C_/VSARM/FreeRTOS-Kernel/list.c.obj
                0x1000501a                uxListRemove
 .text.prvIsQueueEmpty
                0x1000503e       0x1c CMakeFiles/remote-control-car.dir/C_/VSARM/FreeRTOS-Kernel/queue.c.obj
 .text.prvCopyDataToQueue
                0x1000505a       0x82 CMakeFiles/remote-control-car.dir/C_/VSARM/FreeRTOS-Kernel/queue.c.obj
 .text.prvCopyDataFromQueue
                0x100050dc       0x24 CMakeFiles/remote-control-car.dir/C_/VSARM/FreeRTOS-Kernel/queue.c.obj
 .text.prvNotifyQueueSetContainer
                0x10005100       0xa8 CMakeFiles/remote-control-car.dir/C_/VSARM/FreeRTOS-Kernel/queue.c.obj
 .text.prvUnlockQueue
                0x100051a8       0x88 CMakeFiles/remote-control-car.dir/C_/VSARM/FreeRTOS-Kernel/queue.c.obj
 .text.xQueueGenericReset
                0x10005230       0xd8 CMakeFiles/remote-control-car.dir/C_/VSARM/FreeRTOS-Kernel/queue.c.obj
                0x10005230                xQueueGenericReset
 .text.prvInitialiseNewQueue
                0x10005308       0x26 CMakeFiles/remote-control-car.dir/C_/VSARM/FreeRTOS-Kernel/queue.c.obj
 *fill*         0x1000532e        0x2 
 .text.xQueueGenericCreate
                0x10005330       0x90 CMakeFiles/remote-control-car.dir/C_/VSARM/FreeRTOS-Kernel/queue.c.obj
                0x10005330                xQueueGenericCreate
 .text.xQueueGenericSendFromISR
                0x100053c0      0x13c CMakeFiles/remote-control-car.dir/C_/VSARM/FreeRTOS-Kernel/queue.c.obj
                0x100053c0                xQueueGenericSendFromISR
 .text.xQueueReceive
                0x100054fc      0x150 CMakeFiles/remote-control-car.dir/C_/VSARM/FreeRTOS-Kernel/queue.c.obj
                0x100054fc                xQueueReceive
 .text.vQueueAddToRegistry
                0x1000564c       0x64 CMakeFiles/remote-control-car.dir/C_/VSARM/FreeRTOS-Kernel/queue.c.obj
                0x1000564c                vQueueAddToRegistry
 .text.vQueueWaitForMessageRestricted
                0x100056b0       0x50 CMakeFiles/remote-control-car.dir/C_/VSARM/FreeRTOS-Kernel/queue.c.obj
                0x100056b0                vQueueWaitForMessageRestricted
 .text.prvResetNextTaskUnblockTime
                0x10005700       0x2c CMakeFiles/remote-control-car.dir/C_/VSARM/FreeRTOS-Kernel/tasks.c.obj
 .text.prvDeleteTCB
                0x1000572c       0x12 CMakeFiles/remote-control-car.dir/C_/VSARM/FreeRTOS-Kernel/tasks.c.obj
 *fill*         0x1000573e        0x2 
 .text.prvInitialiseNewTask
                0x10005740       0xb4 CMakeFiles/remote-control-car.dir/C_/VSARM/FreeRTOS-Kernel/tasks.c.obj
 .text.prvCreateTask
                0x100057f4       0x5a CMakeFiles/remote-control-car.dir/C_/VSARM/FreeRTOS-Kernel/tasks.c.obj
 *fill*         0x1000584e        0x2 
 .text.prvInitialiseTaskLists
                0x10005850       0x68 CMakeFiles/remote-control-car.dir/C_/VSARM/FreeRTOS-Kernel/tasks.c.obj
 .text.prvAddNewTaskToReadyList
                0x100058b8       0xc4 CMakeFiles/remote-control-car.dir/C_/VSARM/FreeRTOS-Kernel/tasks.c.obj
 .text.prvCheckTasksWaitingTermination
                0x1000597c       0x44 CMakeFiles/remote-control-car.dir/C_/VSARM/FreeRTOS-Kernel/tasks.c.obj
 .text.prvIdleTask
                0x100059c0       0x18 CMakeFiles/remote-control-car.dir/C_/VSARM/FreeRTOS-Kernel/tasks.c.obj
 .text.prvAddCurrentTaskToDelayedList
                0x100059d8       0xa8 CMakeFiles/remote-control-car.dir/C_/VSARM/FreeRTOS-Kernel/tasks.c.obj
 .text.xTaskCreate
                0x10005a80       0x24 CMakeFiles/remote-control-car.dir/C_/VSARM/FreeRTOS-Kernel/tasks.c.obj
                0x10005a80                xTaskCreate
 .text.prvCreateIdleTasks
                0x10005aa4       0x68 CMakeFiles/remote-control-car.dir/C_/VSARM/FreeRTOS-Kernel/tasks.c.obj
 .text.vTaskStartScheduler
                0x10005b0c       0x68 CMakeFiles/remote-control-car.dir/C_/VSARM/FreeRTOS-Kernel/tasks.c.obj
                0x10005b0c                vTaskStartScheduler
 .text.vTaskSuspendAll
                0x10005b74       0x10 CMakeFiles/remote-control-car.dir/C_/VSARM/FreeRTOS-Kernel/tasks.c.obj
                0x10005b74                vTaskSuspendAll
 .text.xTaskGetTickCount
                0x10005b84        0xc CMakeFiles/remote-control-car.dir/C_/VSARM/FreeRTOS-Kernel/tasks.c.obj
                0x10005b84                xTaskGetTickCount
 .text.uxTaskGetNumberOfTasks
                0x10005b90        0xc CMakeFiles/remote-control-car.dir/C_/VSARM/FreeRTOS-Kernel/tasks.c.obj
                0x10005b90                uxTaskGetNumberOfTasks
 .text.xTaskIncrementTick
                0x10005b9c      0x17c CMakeFiles/remote-control-car.dir/C_/VSARM/FreeRTOS-Kernel/tasks.c.obj
                0x10005b9c                xTaskIncrementTick
 .text.xTaskResumeAll
                0x10005d18      0x160 CMakeFiles/remote-control-car.dir/C_/VSARM/FreeRTOS-Kernel/tasks.c.obj
                0x10005d18                xTaskResumeAll
 .text.vTaskDelay
                0x10005e78       0x48 CMakeFiles/remote-control-car.dir/C_/VSARM/FreeRTOS-Kernel/tasks.c.obj
                0x10005e78                vTaskDelay
 .text.vTaskSwitchContext
                0x10005ec0       0xa8 CMakeFiles/remote-control-car.dir/C_/VSARM/FreeRTOS-Kernel/tasks.c.obj
                0x10005ec0                vTaskSwitchContext
 .text.vTaskPlaceOnEventList
                0x10005f68       0x3c CMakeFiles/remote-control-car.dir/C_/VSARM/FreeRTOS-Kernel/tasks.c.obj
                0x10005f68                vTaskPlaceOnEventList
 .text.vTaskPlaceOnUnorderedEventList
                0x10005fa4       0x80 CMakeFiles/remote-control-car.dir/C_/VSARM/FreeRTOS-Kernel/tasks.c.obj
                0x10005fa4                vTaskPlaceOnUnorderedEventList
 .text.vTaskPlaceOnEventListRestricted
                0x10006024       0x60 CMakeFiles/remote-control-car.dir/C_/VSARM/FreeRTOS-Kernel/tasks.c.obj
                0x10006024                vTaskPlaceOnEventListRestricted
 .text.xTaskRemoveFromEventList
                0x10006084      0x100 CMakeFiles/remote-control-car.dir/C_/VSARM/FreeRTOS-Kernel/tasks.c.obj
                0x10006084                xTaskRemoveFromEventList
 .text.vTaskRemoveFromUnorderedEventList
                0x10006184       0xf8 CMakeFiles/remote-control-car.dir/C_/VSARM/FreeRTOS-Kernel/tasks.c.obj
                0x10006184                vTaskRemoveFromUnorderedEventList
 .text.vTaskInternalSetTimeOutState
                0x1000627c       0x18 CMakeFiles/remote-control-car.dir/C_/VSARM/FreeRTOS-Kernel/tasks.c.obj
                0x1000627c                vTaskInternalSetTimeOutState
 .text.xTaskCheckForTimeOut
                0x10006294       0xb4 CMakeFiles/remote-control-car.dir/C_/VSARM/FreeRTOS-Kernel/tasks.c.obj
                0x10006294                xTaskCheckForTimeOut
 .text.vTaskMissedYield
                0x10006348        0xc CMakeFiles/remote-control-car.dir/C_/VSARM/FreeRTOS-Kernel/tasks.c.obj
                0x10006348                vTaskMissedYield
 .text.xTaskGetCurrentTaskHandle
                0x10006354        0xc CMakeFiles/remote-control-car.dir/C_/VSARM/FreeRTOS-Kernel/tasks.c.obj
                0x10006354                xTaskGetCurrentTaskHandle
 .text.xTaskGetSchedulerState
                0x10006360       0x24 CMakeFiles/remote-control-car.dir/C_/VSARM/FreeRTOS-Kernel/tasks.c.obj
                0x10006360                xTaskGetSchedulerState
 .text.xTaskPriorityDisinherit
                0x10006384       0xc0 CMakeFiles/remote-control-car.dir/C_/VSARM/FreeRTOS-Kernel/tasks.c.obj
                0x10006384                xTaskPriorityDisinherit
 .text.uxTaskResetEventItemValue
                0x10006444       0x18 CMakeFiles/remote-control-car.dir/C_/VSARM/FreeRTOS-Kernel/tasks.c.obj
                0x10006444                uxTaskResetEventItemValue
 .text.prvGetNextExpireTime
                0x1000645c       0x24 CMakeFiles/remote-control-car.dir/C_/VSARM/FreeRTOS-Kernel/timers.c.obj
 .text.prvInsertTimerInActiveList
                0x10006480       0x48 CMakeFiles/remote-control-car.dir/C_/VSARM/FreeRTOS-Kernel/timers.c.obj
 .text.prvReloadTimer
                0x100064c8       0x2a CMakeFiles/remote-control-car.dir/C_/VSARM/FreeRTOS-Kernel/timers.c.obj
 *fill*         0x100064f2        0x2 
 .text.prvProcessExpiredTimer
                0x100064f4       0x3c CMakeFiles/remote-control-car.dir/C_/VSARM/FreeRTOS-Kernel/timers.c.obj
 .text.prvSwitchTimerLists
                0x10006530       0x30 CMakeFiles/remote-control-car.dir/C_/VSARM/FreeRTOS-Kernel/timers.c.obj
 .text.prvSampleTimeNow
                0x10006560       0x2c CMakeFiles/remote-control-car.dir/C_/VSARM/FreeRTOS-Kernel/timers.c.obj
 .text.prvProcessTimerOrBlockTask
                0x1000658c       0x70 CMakeFiles/remote-control-car.dir/C_/VSARM/FreeRTOS-Kernel/timers.c.obj
 .text.prvProcessReceivedCommands
                0x100065fc      0x114 CMakeFiles/remote-control-car.dir/C_/VSARM/FreeRTOS-Kernel/timers.c.obj
 .text.prvTimerTask
                0x10006710       0x16 CMakeFiles/remote-control-car.dir/C_/VSARM/FreeRTOS-Kernel/timers.c.obj
 *fill*         0x10006726        0x2 
 .text.prvCheckForValidListAndQueue
                0x10006728       0x60 CMakeFiles/remote-control-car.dir/C_/VSARM/FreeRTOS-Kernel/timers.c.obj
 .text.xTimerCreateTimerTask
                0x10006788       0x58 CMakeFiles/remote-control-car.dir/C_/VSARM/FreeRTOS-Kernel/timers.c.obj
                0x10006788                xTimerCreateTimerTask
 .text.xTimerPendFunctionCallFromISR
                0x100067e0       0x28 CMakeFiles/remote-control-car.dir/C_/VSARM/FreeRTOS-Kernel/timers.c.obj
                0x100067e0                xTimerPendFunctionCallFromISR
 .text.exception_is_compile_time_default
                0x10006808       0x20 CMakeFiles/remote-control-car.dir/C_/Program_Files/Raspberry_Pi/Pico_SDK_v1.5.1/pico-sdk/src/rp2_common/hardware_exception/exception.c.obj
 .text.set_raw_exception_handler_and_restore_interrupts
                0x10006828       0x18 CMakeFiles/remote-control-car.dir/C_/Program_Files/Raspberry_Pi/Pico_SDK_v1.5.1/pico-sdk/src/rp2_common/hardware_exception/exception.c.obj
 .text.exception_get_vtable_handler
                0x10006840       0x10 CMakeFiles/remote-control-car.dir/C_/Program_Files/Raspberry_Pi/Pico_SDK_v1.5.1/pico-sdk/src/rp2_common/hardware_exception/exception.c.obj
                0x10006840                exception_get_vtable_handler
 .text.exception_set_exclusive_handler
                0x10006850       0x44 CMakeFiles/remote-control-car.dir/C_/Program_Files/Raspberry_Pi/Pico_SDK_v1.5.1/pico-sdk/src/rp2_common/hardware_exception/exception.c.obj
                0x10006850                exception_set_exclusive_handler
 .text.strlen   0x10006894       0x5c c:/progra~1/raspbe~1/picosd~1.1/gcc-ar~1/bin/../lib/gcc/arm-none-eabi/10.3.1/../../../../arm-none-eabi/lib/thumb/v6-m/nofp\libg.a(lib_a-strlen-stub.o)
                0x10006894                strlen
 *(.fini)
 .fini          0x100068f0        0x4 c:/progra~1/raspbe~1/picosd~1.1/gcc-ar~1/bin/../lib/gcc/arm-none-eabi/10.3.1/thumb/v6-m/nofp/crti.o
                0x100068f0                _fini
 *fill*         0x100068f4        0x4 
 .fini.__stub   0x100068f8       0x40 linker stubs
 *crtbegin.o(.ctors)
 *crtbegin?.o(.ctors)
 *(EXCLUDE_FILE(*crtend.o *crtend?.o) .ctors)
 *(SORT_BY_NAME(.ctors.*))
 *(.ctors)
 *crtbegin.o(.dtors)
 *crtbegin?.o(.dtors)
 *(EXCLUDE_FILE(*crtend.o *crtend?.o) .dtors)
 *(SORT_BY_NAME(.dtors.*))
 *(.dtors)
 *(.eh_frame*)
 .eh_frame      0x10006938        0x0 c:/progra~1/raspbe~1/picosd~1.1/gcc-ar~1/bin/../lib/gcc/arm-none-eabi/10.3.1/thumb/v6-m/nofp/crtbegin.o
                0x10006938                . = ALIGN (0x4)

.glue_7         0x10006938        0x0
 .glue_7        0x10006938        0x0 linker stubs

.glue_7t        0x10006938        0x0
 .glue_7t       0x10006938        0x0 linker stubs

.vfp11_veneer   0x10006938        0x0
 .vfp11_veneer  0x10006938        0x0 linker stubs

.v4_bx          0x10006938        0x0
 .v4_bx         0x10006938        0x0 linker stubs

.iplt           0x10006938        0x0
 .iplt          0x10006938        0x0 c:/progra~1/raspbe~1/picosd~1.1/gcc-ar~1/bin/../lib/gcc/arm-none-eabi/10.3.1/thumb/v6-m/nofp/crtbegin.o

.rodata         0x10006938     0x1d68
 *(EXCLUDE_FILE(*libm.a: *libc.a:*lib_a-mem*.o *libgcc.a:) .rodata*)
 .rodata.main.str1.4
                0x10006938       0x12 CMakeFiles/remote-control-car.dir/src/main.c.obj
 *fill*         0x1000694a        0x2 
 .rodata.make_branch.str1.4
                0x1000694c       0x89 CMakeFiles/remote-control-car.dir/C_/Program_Files/Raspberry_Pi/Pico_SDK_v1.5.1/pico-sdk/src/rp2_common/hardware_irq/irq.c.obj
 *fill*         0x100069d5        0x3 
 .rodata.insert_branch_and_link.str1.4
                0x100069d8       0x10 CMakeFiles/remote-control-car.dir/C_/Program_Files/Raspberry_Pi/Pico_SDK_v1.5.1/pico-sdk/src/rp2_common/hardware_irq/irq.c.obj
 .rodata.irq_set_exclusive_handler.str1.4
                0x100069e8       0x36 CMakeFiles/remote-control-car.dir/C_/Program_Files/Raspberry_Pi/Pico_SDK_v1.5.1/pico-sdk/src/rp2_common/hardware_irq/irq.c.obj
 *fill*         0x10006a1e        0x2 
 .rodata.irq_add_shared_handler.str1.4
                0x10006a20       0xd9 CMakeFiles/remote-control-car.dir/C_/Program_Files/Raspberry_Pi/Pico_SDK_v1.5.1/pico-sdk/src/rp2_common/hardware_irq/irq.c.obj
 *fill*         0x10006af9        0x3 
 .rodata.irq_remove_handler.str1.4
                0x10006afc       0x3a CMakeFiles/remote-control-car.dir/C_/Program_Files/Raspberry_Pi/Pico_SDK_v1.5.1/pico-sdk/src/rp2_common/hardware_irq/irq.c.obj
 *fill*         0x10006b36        0x2 
 .rodata.irq_add_tail_to_free_list.str1.4
                0x10006b38       0x3a CMakeFiles/remote-control-car.dir/C_/Program_Files/Raspberry_Pi/Pico_SDK_v1.5.1/pico-sdk/src/rp2_common/hardware_irq/irq.c.obj
 *fill*         0x10006b72        0x2 
 .rodata.__func__.0
                0x10006b74       0x1a CMakeFiles/remote-control-car.dir/C_/Program_Files/Raspberry_Pi/Pico_SDK_v1.5.1/pico-sdk/src/rp2_common/hardware_irq/irq.c.obj
 *fill*         0x10006b8e        0x2 
 .rodata.__func__.1
                0x10006b90       0x17 CMakeFiles/remote-control-car.dir/C_/Program_Files/Raspberry_Pi/Pico_SDK_v1.5.1/pico-sdk/src/rp2_common/hardware_irq/irq.c.obj
 *fill*         0x10006ba7        0x1 
 .rodata.__func__.2
                0x10006ba8       0x13 CMakeFiles/remote-control-car.dir/C_/Program_Files/Raspberry_Pi/Pico_SDK_v1.5.1/pico-sdk/src/rp2_common/hardware_irq/irq.c.obj
 *fill*         0x10006bbb        0x1 
 .rodata.__func__.3
                0x10006bbc        0xc CMakeFiles/remote-control-car.dir/C_/Program_Files/Raspberry_Pi/Pico_SDK_v1.5.1/pico-sdk/src/rp2_common/hardware_irq/irq.c.obj
 .rodata.__func__.4
                0x10006bc8        0xf CMakeFiles/remote-control-car.dir/C_/Program_Files/Raspberry_Pi/Pico_SDK_v1.5.1/pico-sdk/src/rp2_common/hardware_irq/irq.c.obj
 *fill*         0x10006bd7        0x1 
 .rodata.__func__.6
                0x10006bd8       0x1a CMakeFiles/remote-control-car.dir/C_/Program_Files/Raspberry_Pi/Pico_SDK_v1.5.1/pico-sdk/src/rp2_common/hardware_irq/irq.c.obj
 *fill*         0x10006bf2        0x2 
 .rodata.str1.4
                0x10006bf4      0x115 CMakeFiles/remote-control-car.dir/C_/Program_Files/Raspberry_Pi/Pico_SDK_v1.5.1/pico-sdk/src/common/pico_sync/mutex.c.obj
 *fill*         0x10006d09        0x3 
 .rodata.__func__.1
                0x10006d0c        0xb CMakeFiles/remote-control-car.dir/C_/Program_Files/Raspberry_Pi/Pico_SDK_v1.5.1/pico-sdk/src/common/pico_sync/mutex.c.obj
 *fill*         0x10006d17        0x1 
 .rodata.__func__.3
                0x10006d18       0x18 CMakeFiles/remote-control-car.dir/C_/Program_Files/Raspberry_Pi/Pico_SDK_v1.5.1/pico-sdk/src/common/pico_sync/mutex.c.obj
 .rodata.repeating_timer_callback.str1.4
                0x10006d30       0x67 CMakeFiles/remote-control-car.dir/C_/Program_Files/Raspberry_Pi/Pico_SDK_v1.5.1/pico-sdk/src/common/pico_time/time.c.obj
 *fill*         0x10006d97        0x1 
 .rodata.timer_pool_entry_comparator.str1.4
                0x10006d98       0x22 CMakeFiles/remote-control-car.dir/C_/Program_Files/Raspberry_Pi/Pico_SDK_v1.5.1/pico-sdk/src/common/pico_time/time.c.obj
 *fill*         0x10006dba        0x2 
 .rodata.ph_add_child_node.str1.4
                0x10006dbc       0xa2 CMakeFiles/remote-control-car.dir/C_/Program_Files/Raspberry_Pi/Pico_SDK_v1.5.1/pico-sdk/src/common/pico_time/time.c.obj
 *fill*         0x10006e5e        0x2 
 .rodata.add_alarm_under_lock.str1.4
                0x10006e60       0x28 CMakeFiles/remote-control-car.dir/C_/Program_Files/Raspberry_Pi/Pico_SDK_v1.5.1/pico-sdk/src/common/pico_time/time.c.obj
                                 0x2b (size before relaxing)
 .rodata.alarm_pool_alarm_callback.str1.4
                0x10006e88       0x98 CMakeFiles/remote-control-car.dir/C_/Program_Files/Raspberry_Pi/Pico_SDK_v1.5.1/pico-sdk/src/common/pico_time/time.c.obj
                                0x108 (size before relaxing)
 .rodata.alarm_pool_get_default.str1.4
                0x10006f20       0x21 CMakeFiles/remote-control-car.dir/C_/Program_Files/Raspberry_Pi/Pico_SDK_v1.5.1/pico-sdk/src/common/pico_time/time.c.obj
 *fill*         0x10006f41        0x3 
 .rodata.alarm_pool_cancel_alarm.str1.4
                0x10006f44       0x27 CMakeFiles/remote-control-car.dir/C_/Program_Files/Raspberry_Pi/Pico_SDK_v1.5.1/pico-sdk/src/common/pico_time/time.c.obj
 *fill*         0x10006f6b        0x1 
 .rodata.__func__.1
                0x10006f6c       0x18 CMakeFiles/remote-control-car.dir/C_/Program_Files/Raspberry_Pi/Pico_SDK_v1.5.1/pico-sdk/src/common/pico_time/time.c.obj
 .rodata.__func__.10
                0x10006f84       0x15 CMakeFiles/remote-control-car.dir/C_/Program_Files/Raspberry_Pi/Pico_SDK_v1.5.1/pico-sdk/src/common/pico_time/time.c.obj
 *fill*         0x10006f99        0x3 
 .rodata.__func__.11
                0x10006f9c       0x1a CMakeFiles/remote-control-car.dir/C_/Program_Files/Raspberry_Pi/Pico_SDK_v1.5.1/pico-sdk/src/common/pico_time/time.c.obj
 *fill*         0x10006fb6        0x2 
 .rodata.__func__.12
                0x10006fb8        0xa CMakeFiles/remote-control-car.dir/C_/Program_Files/Raspberry_Pi/Pico_SDK_v1.5.1/pico-sdk/src/common/pico_time/time.c.obj
 *fill*         0x10006fc2        0x2 
 .rodata.__func__.3
                0x10006fc4       0x17 CMakeFiles/remote-control-car.dir/C_/Program_Files/Raspberry_Pi/Pico_SDK_v1.5.1/pico-sdk/src/common/pico_time/time.c.obj
 *fill*         0x10006fdb        0x1 
 .rodata.__func__.4
                0x10006fdc       0x12 CMakeFiles/remote-control-car.dir/C_/Program_Files/Raspberry_Pi/Pico_SDK_v1.5.1/pico-sdk/src/common/pico_time/time.c.obj
 *fill*         0x10006fee        0x2 
 .rodata.__func__.5
                0x10006ff0        0xd CMakeFiles/remote-control-car.dir/C_/Program_Files/Raspberry_Pi/Pico_SDK_v1.5.1/pico-sdk/src/common/pico_time/time.c.obj
 *fill*         0x10006ffd        0x3 
 .rodata.__func__.6
                0x10007000       0x12 CMakeFiles/remote-control-car.dir/C_/Program_Files/Raspberry_Pi/Pico_SDK_v1.5.1/pico-sdk/src/common/pico_time/time.c.obj
 *fill*         0x10007012        0x2 
 .rodata.__func__.7
                0x10007014        0xf CMakeFiles/remote-control-car.dir/C_/Program_Files/Raspberry_Pi/Pico_SDK_v1.5.1/pico-sdk/src/common/pico_time/time.c.obj
 *fill*         0x10007023        0x1 
 .rodata.__func__.8
                0x10007024        0xc CMakeFiles/remote-control-car.dir/C_/Program_Files/Raspberry_Pi/Pico_SDK_v1.5.1/pico-sdk/src/common/pico_time/time.c.obj
 .rodata.__func__.9
                0x10007030       0x15 CMakeFiles/remote-control-car.dir/C_/Program_Files/Raspberry_Pi/Pico_SDK_v1.5.1/pico-sdk/src/common/pico_time/time.c.obj
 *fill*         0x10007045        0x3 
 .rodata.hardware_alarm_claim.str1.4
                0x10007048       0x22 CMakeFiles/remote-control-car.dir/C_/Program_Files/Raspberry_Pi/Pico_SDK_v1.5.1/pico-sdk/src/rp2_common/hardware_timer/timer.c.obj
 .rodata.busy_wait_us.str1.4
                0x1000706a       0x6e CMakeFiles/remote-control-car.dir/C_/Program_Files/Raspberry_Pi/Pico_SDK_v1.5.1/pico-sdk/src/rp2_common/hardware_timer/timer.c.obj
 *fill*         0x1000706a        0x2 
 .rodata.hardware_alarm_set_target.str1.4
                0x1000706c       0x81 CMakeFiles/remote-control-car.dir/C_/Program_Files/Raspberry_Pi/Pico_SDK_v1.5.1/pico-sdk/src/rp2_common/hardware_timer/timer.c.obj
 *fill*         0x100070ed        0x3 
 .rodata.__func__.0
                0x100070f0       0x1a CMakeFiles/remote-control-car.dir/C_/Program_Files/Raspberry_Pi/Pico_SDK_v1.5.1/pico-sdk/src/rp2_common/hardware_timer/timer.c.obj
 *fill*         0x1000710a        0x2 
 .rodata.__func__.1
                0x1000710c       0x15 CMakeFiles/remote-control-car.dir/C_/Program_Files/Raspberry_Pi/Pico_SDK_v1.5.1/pico-sdk/src/rp2_common/hardware_timer/timer.c.obj
 .rodata.ph_add_child_node.str1.4
                0x10007121       0xa2 CMakeFiles/remote-control-car.dir/C_/Program_Files/Raspberry_Pi/Pico_SDK_v1.5.1/pico-sdk/src/common/pico_util/pheap.c.obj
 *fill*         0x10007121        0x3 
 .rodata.ph_remove_any_head.str1.4
                0x10007124       0xa8 CMakeFiles/remote-control-car.dir/C_/Program_Files/Raspberry_Pi/Pico_SDK_v1.5.1/pico-sdk/src/common/pico_util/pheap.c.obj
                                 0xbc (size before relaxing)
 .rodata.ph_remove_and_free_node.str1.4
                0x100071cc       0x1e CMakeFiles/remote-control-car.dir/C_/Program_Files/Raspberry_Pi/Pico_SDK_v1.5.1/pico-sdk/src/common/pico_util/pheap.c.obj
                                 0x26 (size before relaxing)
 *fill*         0x100071ea        0x2 
 .rodata.__func__.0
                0x100071ec       0x18 CMakeFiles/remote-control-car.dir/C_/Program_Files/Raspberry_Pi/Pico_SDK_v1.5.1/pico-sdk/src/common/pico_util/pheap.c.obj
 .rodata.__func__.1
                0x10007204       0x13 CMakeFiles/remote-control-car.dir/C_/Program_Files/Raspberry_Pi/Pico_SDK_v1.5.1/pico-sdk/src/common/pico_util/pheap.c.obj
 *fill*         0x10007217        0x1 
 .rodata.__func__.2
                0x10007218       0x12 CMakeFiles/remote-control-car.dir/C_/Program_Files/Raspberry_Pi/Pico_SDK_v1.5.1/pico-sdk/src/common/pico_util/pheap.c.obj
 *fill*         0x1000722a        0x2 
 .rodata.__func__.3
                0x1000722c        0xc CMakeFiles/remote-control-car.dir/C_/Program_Files/Raspberry_Pi/Pico_SDK_v1.5.1/pico-sdk/src/common/pico_util/pheap.c.obj
 .rodata.clock_configure.str1.4
                0x10007238       0x73 CMakeFiles/remote-control-car.dir/C_/Program_Files/Raspberry_Pi/Pico_SDK_v1.5.1/pico-sdk/src/rp2_common/hardware_clocks/clocks.c.obj
 *fill*         0x100072ab        0x1 
 .rodata.__func__.1
                0x100072ac       0x10 CMakeFiles/remote-control-car.dir/C_/Program_Files/Raspberry_Pi/Pico_SDK_v1.5.1/pico-sdk/src/rp2_common/hardware_clocks/clocks.c.obj
 .rodata.pll_init.str1.4
                0x100072bc      0x140 CMakeFiles/remote-control-car.dir/C_/Program_Files/Raspberry_Pi/Pico_SDK_v1.5.1/pico-sdk/src/rp2_common/hardware_pll/pll.c.obj
 .rodata.__func__.0
                0x100073fc        0x9 CMakeFiles/remote-control-car.dir/C_/Program_Files/Raspberry_Pi/Pico_SDK_v1.5.1/pico-sdk/src/rp2_common/hardware_pll/pll.c.obj
 *fill*         0x10007405        0x3 
 .rodata.__assert_func.str1.4
                0x10007408       0x3f CMakeFiles/remote-control-car.dir/C_/Program_Files/Raspberry_Pi/Pico_SDK_v1.5.1/pico-sdk/src/rp2_common/pico_runtime/runtime.c.obj
                                 0x43 (size before relaxing)
 *fill*         0x10007447        0x1 
 .rodata.runtime_init.str1.4
                0x10007448       0x7d CMakeFiles/remote-control-car.dir/C_/Program_Files/Raspberry_Pi/Pico_SDK_v1.5.1/pico-sdk/src/rp2_common/pico_runtime/runtime.c.obj
 *fill*         0x100074c5        0x3 
 .rodata.panic.str1.4
                0x100074c8       0x12 CMakeFiles/remote-control-car.dir/C_/Program_Files/Raspberry_Pi/Pico_SDK_v1.5.1/pico-sdk/src/rp2_common/pico_runtime/runtime.c.obj
 *fill*         0x100074da        0x2 
 .rodata.panic_unsupported.str1.4
                0x100074dc        0xe CMakeFiles/remote-control-car.dir/C_/Program_Files/Raspberry_Pi/Pico_SDK_v1.5.1/pico-sdk/src/rp2_common/pico_runtime/runtime.c.obj
 *fill*         0x100074ea        0x2 
 .rodata.__func__.2
                0x100074ec        0xd CMakeFiles/remote-control-car.dir/C_/Program_Files/Raspberry_Pi/Pico_SDK_v1.5.1/pico-sdk/src/rp2_common/pico_runtime/runtime.c.obj
 *fill*         0x100074f9        0x3 
 .rodata._ftoa.str1.4
                0x100074fc       0x15 CMakeFiles/remote-control-car.dir/C_/Program_Files/Raspberry_Pi/Pico_SDK_v1.5.1/pico-sdk/src/rp2_common/pico_printf/printf.c.obj
 *fill*         0x10007511        0x3 
 .rodata._vsnprintf
                0x10007514      0x1e0 CMakeFiles/remote-control-car.dir/C_/Program_Files/Raspberry_Pi/Pico_SDK_v1.5.1/pico-sdk/src/rp2_common/pico_printf/printf.c.obj
 *fill*         0x100076f4        0x4 
 .rodata.pow10.0
                0x100076f8       0x50 CMakeFiles/remote-control-car.dir/C_/Program_Files/Raspberry_Pi/Pico_SDK_v1.5.1/pico-sdk/src/rp2_common/pico_printf/printf.c.obj
 .rodata.__aeabi_double_init.str1.4
                0x10007748       0xb8 CMakeFiles/remote-control-car.dir/C_/Program_Files/Raspberry_Pi/Pico_SDK_v1.5.1/pico-sdk/src/rp2_common/pico_double/double_init_rom.c.obj
 .rodata.__func__.0
                0x10007800       0x14 CMakeFiles/remote-control-car.dir/C_/Program_Files/Raspberry_Pi/Pico_SDK_v1.5.1/pico-sdk/src/rp2_common/pico_double/double_init_rom.c.obj
 .rodata.__aeabi_float_init.str1.4
                0x10007814       0x96 CMakeFiles/remote-control-car.dir/C_/Program_Files/Raspberry_Pi/Pico_SDK_v1.5.1/pico-sdk/src/rp2_common/pico_float/float_init_rom.c.obj
                                 0x9a (size before relaxing)
 *fill*         0x100078aa        0x2 
 .rodata.__func__.0
                0x100078ac       0x13 CMakeFiles/remote-control-car.dir/C_/Program_Files/Raspberry_Pi/Pico_SDK_v1.5.1/pico-sdk/src/rp2_common/pico_float/float_init_rom.c.obj
 *fill*         0x100078bf        0x1 
 .rodata.str1.4
                0x100078c0       0x48 CMakeFiles/remote-control-car.dir/C_/Program_Files/Raspberry_Pi/Pico_SDK_v1.5.1/pico-sdk/src/rp2_common/pico_standard_link/binary_info.c.obj
 .rodata.__bi_44
                0x10007908        0xc CMakeFiles/remote-control-car.dir/C_/Program_Files/Raspberry_Pi/Pico_SDK_v1.5.1/pico-sdk/src/rp2_common/pico_standard_link/binary_info.c.obj
 .rodata.__bi_75
                0x10007914        0xc CMakeFiles/remote-control-car.dir/C_/Program_Files/Raspberry_Pi/Pico_SDK_v1.5.1/pico-sdk/src/rp2_common/pico_standard_link/binary_info.c.obj
 .rodata.__bi_81
                0x10007920        0xc CMakeFiles/remote-control-car.dir/C_/Program_Files/Raspberry_Pi/Pico_SDK_v1.5.1/pico-sdk/src/rp2_common/pico_standard_link/binary_info.c.obj
 .rodata.stdout_serialize_begin.str1.4
                0x1000792c       0x6e CMakeFiles/remote-control-car.dir/C_/Program_Files/Raspberry_Pi/Pico_SDK_v1.5.1/pico-sdk/src/rp2_common/pico_stdio/stdio.c.obj
 .rodata.__func__.3
                0x1000792c       0x15 CMakeFiles/remote-control-car.dir/C_/Program_Files/Raspberry_Pi/Pico_SDK_v1.5.1/pico-sdk/src/rp2_common/pico_stdio/stdio.c.obj
 *fill*         0x10007941        0x3 
 .rodata.crlf_str.2
                0x10007944        0x2 CMakeFiles/remote-control-car.dir/C_/Program_Files/Raspberry_Pi/Pico_SDK_v1.5.1/pico-sdk/src/rp2_common/pico_stdio/stdio.c.obj
 *fill*         0x10007946        0x2 
 .rodata.str1.4
                0x10007948       0x2c CMakeFiles/remote-control-car.dir/C_/Program_Files/Raspberry_Pi/Pico_SDK_v1.5.1/pico-sdk/src/rp2_common/pico_stdio_uart/stdio_uart.c.obj
 .rodata.__bi_33.4
                0x10007974        0xc CMakeFiles/remote-control-car.dir/C_/Program_Files/Raspberry_Pi/Pico_SDK_v1.5.1/pico-sdk/src/rp2_common/pico_stdio_uart/stdio_uart.c.obj
 .rodata.__bi_34.5
                0x10007980        0x8 CMakeFiles/remote-control-car.dir/C_/Program_Files/Raspberry_Pi/Pico_SDK_v1.5.1/pico-sdk/src/rp2_common/pico_stdio_uart/stdio_uart.c.obj
 .rodata.prvInsertBlockIntoFreeList.str1.4
                0x10007988       0xaf CMakeFiles/remote-control-car.dir/C_/VSARM/FreeRTOS-Kernel/portable/MemMang/heap_4.c.obj
 *fill*         0x10007a37        0x1 
 .rodata.pvPortMalloc.str1.4
                0x10007a38      0x18d CMakeFiles/remote-control-car.dir/C_/VSARM/FreeRTOS-Kernel/portable/MemMang/heap_4.c.obj
 *fill*         0x10007bc5        0x3 
 .rodata.vPortFree.str1.4
                0x10007bc8      0x113 CMakeFiles/remote-control-car.dir/C_/VSARM/FreeRTOS-Kernel/portable/MemMang/heap_4.c.obj
 *fill*         0x10007cdb        0x1 
 .rodata.__func__.0
                0x10007cdc       0x1b CMakeFiles/remote-control-car.dir/C_/VSARM/FreeRTOS-Kernel/portable/MemMang/heap_4.c.obj
 *fill*         0x10007cf7        0x1 
 .rodata.__func__.1
                0x10007cf8        0xa CMakeFiles/remote-control-car.dir/C_/VSARM/FreeRTOS-Kernel/portable/MemMang/heap_4.c.obj
 *fill*         0x10007d02        0x2 
 .rodata.__func__.2
                0x10007d04        0xd CMakeFiles/remote-control-car.dir/C_/VSARM/FreeRTOS-Kernel/portable/MemMang/heap_4.c.obj
 .rodata.prvGetTicksToWaitBefore.str1.4
                0x10007d11       0x6e CMakeFiles/remote-control-car.dir/C_/VSARM/FreeRTOS-Kernel/portable/ThirdParty/GCC/RP2040/port.c.obj
 *fill*         0x10007d11        0x3 
 .rodata.vPortEndScheduler.str1.4
                0x10007d14       0x4b CMakeFiles/remote-control-car.dir/C_/VSARM/FreeRTOS-Kernel/portable/ThirdParty/GCC/RP2040/port.c.obj
 *fill*         0x10007d5f        0x1 
 .rodata.vPortExitCritical.str1.4
                0x10007d60       0x12 CMakeFiles/remote-control-car.dir/C_/VSARM/FreeRTOS-Kernel/portable/ThirdParty/GCC/RP2040/port.c.obj
 *fill*         0x10007d72        0x2 
 .rodata.vPortLockInternalSpinUnlockWithWait.str1.4
                0x10007d74       0x7e CMakeFiles/remote-control-car.dir/C_/VSARM/FreeRTOS-Kernel/portable/ThirdParty/GCC/RP2040/port.c.obj
 *fill*         0x10007df2        0x2 
 .rodata.__func__.0
                0x10007df4       0x15 CMakeFiles/remote-control-car.dir/C_/VSARM/FreeRTOS-Kernel/portable/ThirdParty/GCC/RP2040/port.c.obj
 *fill*         0x10007e09        0x3 
 .rodata.__func__.1
                0x10007e0c       0x37 CMakeFiles/remote-control-car.dir/C_/VSARM/FreeRTOS-Kernel/portable/ThirdParty/GCC/RP2040/port.c.obj
 *fill*         0x10007e43        0x1 
 .rodata.__func__.4
                0x10007e44       0x12 CMakeFiles/remote-control-car.dir/C_/VSARM/FreeRTOS-Kernel/portable/ThirdParty/GCC/RP2040/port.c.obj
 *fill*         0x10007e56        0x2 
 .rodata.xEventGroupWaitBits.str1.4
                0x10007e58       0xd7 CMakeFiles/remote-control-car.dir/C_/VSARM/FreeRTOS-Kernel/event_groups.c.obj
 *fill*         0x10007f2f        0x1 
 .rodata.xEventGroupSetBits.str1.4
                0x10007f30       0x34 CMakeFiles/remote-control-car.dir/C_/VSARM/FreeRTOS-Kernel/event_groups.c.obj
 .rodata.__func__.1
                0x10007f64       0x13 CMakeFiles/remote-control-car.dir/C_/VSARM/FreeRTOS-Kernel/event_groups.c.obj
 *fill*         0x10007f77        0x1 
 .rodata.__func__.3
                0x10007f78       0x14 CMakeFiles/remote-control-car.dir/C_/VSARM/FreeRTOS-Kernel/event_groups.c.obj
 .rodata.prvNotifyQueueSetContainer.str1.4
                0x10007f8c       0xa2 CMakeFiles/remote-control-car.dir/C_/VSARM/FreeRTOS-Kernel/queue.c.obj
 *fill*         0x1000802e        0x2 
 .rodata.xQueueGenericReset.str1.4
                0x10008030       0x2c CMakeFiles/remote-control-car.dir/C_/VSARM/FreeRTOS-Kernel/queue.c.obj
 .rodata.xQueueGenericCreate.str1.4
                0x1000805c        0xb CMakeFiles/remote-control-car.dir/C_/VSARM/FreeRTOS-Kernel/queue.c.obj
 *fill*         0x10008067        0x1 
 .rodata.xQueueGenericSend.str1.4
                0x10008068       0xa5 CMakeFiles/remote-control-car.dir/C_/VSARM/FreeRTOS-Kernel/queue.c.obj
                                 0xfb (size before relaxing)
 *fill*         0x1000810d        0x3 
 .rodata.xQueueReceive.str1.4
                0x10008110       0x66 CMakeFiles/remote-control-car.dir/C_/VSARM/FreeRTOS-Kernel/queue.c.obj
 *fill*         0x10008176        0x2 
 .rodata.uxQueueMessagesWaiting.str1.4
                0x10008178        0x7 CMakeFiles/remote-control-car.dir/C_/VSARM/FreeRTOS-Kernel/queue.c.obj
 *fill*         0x1000817f        0x1 
 .rodata.__func__.13
                0x10008180        0xe CMakeFiles/remote-control-car.dir/C_/VSARM/FreeRTOS-Kernel/queue.c.obj
 *fill*         0x1000818e        0x2 
 .rodata.__func__.15
                0x10008190       0x19 CMakeFiles/remote-control-car.dir/C_/VSARM/FreeRTOS-Kernel/queue.c.obj
 *fill*         0x100081a9        0x3 
 .rodata.__func__.16
                0x100081ac       0x1b CMakeFiles/remote-control-car.dir/C_/VSARM/FreeRTOS-Kernel/queue.c.obj
 *fill*         0x100081c7        0x1 
 .rodata.__func__.2
                0x100081c8       0x14 CMakeFiles/remote-control-car.dir/C_/VSARM/FreeRTOS-Kernel/queue.c.obj
 .rodata.__func__.23
                0x100081dc       0x14 CMakeFiles/remote-control-car.dir/C_/VSARM/FreeRTOS-Kernel/queue.c.obj
 .rodata.__func__.24
                0x100081f0       0x13 CMakeFiles/remote-control-car.dir/C_/VSARM/FreeRTOS-Kernel/queue.c.obj
 *fill*         0x10008203        0x1 
 .rodata.prvTaskIsTaskSuspended.str1.4
                0x10008204       0x29 CMakeFiles/remote-control-car.dir/C_/VSARM/FreeRTOS-Kernel/tasks.c.obj
 *fill*         0x1000822d        0x3 
 .rodata.prvInitialiseNewTask.str1.4
                0x10008230       0x10 CMakeFiles/remote-control-car.dir/C_/VSARM/FreeRTOS-Kernel/tasks.c.obj
 .rodata.prvCreateIdleTasks.str1.4
                0x10008240        0x5 CMakeFiles/remote-control-car.dir/C_/VSARM/FreeRTOS-Kernel/tasks.c.obj
 *fill*         0x10008245        0x3 
 .rodata.vTaskStartScheduler.str1.4
                0x10008248       0x12 CMakeFiles/remote-control-car.dir/C_/VSARM/FreeRTOS-Kernel/tasks.c.obj
 *fill*         0x1000825a        0x2 
 .rodata.xTaskIncrementTick.str1.4
                0x1000825c       0x76 CMakeFiles/remote-control-car.dir/C_/VSARM/FreeRTOS-Kernel/tasks.c.obj
 *fill*         0x100082d2        0x2 
 .rodata.xTaskResumeAll.str1.4
                0x100082d4       0x1b CMakeFiles/remote-control-car.dir/C_/VSARM/FreeRTOS-Kernel/tasks.c.obj
 *fill*         0x100082ef        0x1 
 .rodata.xTaskDelayUntil.str1.4
                0x100082f0       0x47 CMakeFiles/remote-control-car.dir/C_/VSARM/FreeRTOS-Kernel/tasks.c.obj
 *fill*         0x10008337        0x1 
 .rodata.vTaskSwitchContext.str1.4
                0x10008338        0xe CMakeFiles/remote-control-car.dir/C_/VSARM/FreeRTOS-Kernel/tasks.c.obj
 *fill*         0x10008346        0x2 
 .rodata.vTaskPlaceOnEventList.str1.4
                0x10008348        0xc CMakeFiles/remote-control-car.dir/C_/VSARM/FreeRTOS-Kernel/tasks.c.obj
 .rodata.vTaskPlaceOnUnorderedEventList.str1.4
                0x10008354       0x2b CMakeFiles/remote-control-car.dir/C_/VSARM/FreeRTOS-Kernel/tasks.c.obj
 *fill*         0x1000837f        0x1 
 .rodata.xTaskRemoveFromEventList.str1.4
                0x10008380        0xf CMakeFiles/remote-control-car.dir/C_/VSARM/FreeRTOS-Kernel/tasks.c.obj
 *fill*         0x1000838f        0x1 
 .rodata.vTaskSetTimeOutState.str1.4
                0x10008390        0xa CMakeFiles/remote-control-car.dir/C_/VSARM/FreeRTOS-Kernel/tasks.c.obj
 *fill*         0x1000839a        0x2 
 .rodata.xTaskCheckForTimeOut.str1.4
                0x1000839c        0xe CMakeFiles/remote-control-car.dir/C_/VSARM/FreeRTOS-Kernel/tasks.c.obj
 *fill*         0x100083aa        0x2 
 .rodata.xTaskPriorityDisinherit.str1.4
                0x100083ac       0x2d CMakeFiles/remote-control-car.dir/C_/VSARM/FreeRTOS-Kernel/tasks.c.obj
 *fill*         0x100083d9        0x3 
 .rodata.__func__.13
                0x100083dc       0x15 CMakeFiles/remote-control-car.dir/C_/VSARM/FreeRTOS-Kernel/tasks.c.obj
 *fill*         0x100083f1        0x3 
 .rodata.__func__.15
                0x100083f4       0x22 CMakeFiles/remote-control-car.dir/C_/VSARM/FreeRTOS-Kernel/tasks.c.obj
 *fill*         0x10008416        0x2 
 .rodata.__func__.16
                0x10008418       0x19 CMakeFiles/remote-control-car.dir/C_/VSARM/FreeRTOS-Kernel/tasks.c.obj
 *fill*         0x10008431        0x3 
 .rodata.__func__.17
                0x10008434       0x20 CMakeFiles/remote-control-car.dir/C_/VSARM/FreeRTOS-Kernel/tasks.c.obj
 .rodata.__func__.18
                0x10008454       0x1f CMakeFiles/remote-control-car.dir/C_/VSARM/FreeRTOS-Kernel/tasks.c.obj
 *fill*         0x10008473        0x1 
 .rodata.__func__.19
                0x10008474       0x16 CMakeFiles/remote-control-car.dir/C_/VSARM/FreeRTOS-Kernel/tasks.c.obj
 *fill*         0x1000848a        0x2 
 .rodata.__func__.20
                0x1000848c       0x13 CMakeFiles/remote-control-car.dir/C_/VSARM/FreeRTOS-Kernel/tasks.c.obj
 *fill*         0x1000849f        0x1 
 .rodata.__func__.21
                0x100084a0       0x13 CMakeFiles/remote-control-car.dir/C_/VSARM/FreeRTOS-Kernel/tasks.c.obj
 *fill*         0x100084b3        0x1 
 .rodata.__func__.28
                0x100084b4        0xf CMakeFiles/remote-control-car.dir/C_/VSARM/FreeRTOS-Kernel/tasks.c.obj
 *fill*         0x100084c3        0x1 
 .rodata.__func__.29
                0x100084c4       0x14 CMakeFiles/remote-control-car.dir/C_/VSARM/FreeRTOS-Kernel/tasks.c.obj
 .rodata.__func__.40
                0x100084d8        0xb CMakeFiles/remote-control-car.dir/C_/VSARM/FreeRTOS-Kernel/tasks.c.obj
 *fill*         0x100084e3        0x1 
 .rodata.__func__.43
                0x100084e4       0x15 CMakeFiles/remote-control-car.dir/C_/VSARM/FreeRTOS-Kernel/tasks.c.obj
 *fill*         0x100084f9        0x3 
 .rodata.__func__.8
                0x100084fc       0x18 CMakeFiles/remote-control-car.dir/C_/VSARM/FreeRTOS-Kernel/tasks.c.obj
 .rodata.prvProcessReceivedCommands.str1.4
                0x10008514       0x4a CMakeFiles/remote-control-car.dir/C_/VSARM/FreeRTOS-Kernel/timers.c.obj
 *fill*         0x1000855e        0x2 
 .rodata.prvProcessReceivedCommands
                0x10008560       0x28 CMakeFiles/remote-control-car.dir/C_/VSARM/FreeRTOS-Kernel/timers.c.obj
 .rodata.prvCheckForValidListAndQueue.str1.4
                0x10008588        0x5 CMakeFiles/remote-control-car.dir/C_/VSARM/FreeRTOS-Kernel/timers.c.obj
 *fill*         0x1000858d        0x3 
 .rodata.xTimerCreateTimerTask.str1.4
                0x10008590       0x10 CMakeFiles/remote-control-car.dir/C_/VSARM/FreeRTOS-Kernel/timers.c.obj
 .rodata.__func__.13
                0x100085a0       0x1b CMakeFiles/remote-control-car.dir/C_/VSARM/FreeRTOS-Kernel/timers.c.obj
 *fill*         0x100085bb        0x1 
 .rodata.__func__.15
                0x100085bc       0x16 CMakeFiles/remote-control-car.dir/C_/VSARM/FreeRTOS-Kernel/timers.c.obj
 *fill*         0x100085d2        0x2 
 .rodata.exception_set_exclusive_handler.str1.4
                0x100085d4       0xa9 CMakeFiles/remote-control-car.dir/C_/Program_Files/Raspberry_Pi/Pico_SDK_v1.5.1/pico-sdk/src/rp2_common/hardware_exception/exception.c.obj
 *fill*         0x1000867d        0x3 
 .rodata.__func__.1
                0x10008680       0x20 CMakeFiles/remote-control-car.dir/C_/Program_Files/Raspberry_Pi/Pico_SDK_v1.5.1/pico-sdk/src/rp2_common/hardware_exception/exception.c.obj
                0x100086a0                . = ALIGN (0x4)
 *(SORT_BY_ALIGNMENT(SORT_BY_NAME(.flashdata*)))
                0x100086a0                . = ALIGN (0x4)

.ARM.extab
 *(.ARM.extab* .gnu.linkonce.armextab.*)
                0x100086a0                __exidx_start = .

.ARM.exidx
 *(.ARM.exidx* .gnu.linkonce.armexidx.*)
                0x100086a0                __exidx_end = .
                0x100086a0                . = ALIGN (0x4)
                0x100086a0                __binary_info_start = .

.binary_info    0x100086a0       0x24
 *(.binary_info.keep.*)
 .binary_info.keep.__bi_ptr22
                0x100086a0        0x4 CMakeFiles/remote-control-car.dir/C_/Program_Files/Raspberry_Pi/Pico_SDK_v1.5.1/pico-sdk/src/rp2_common/pico_standard_link/binary_info.c.obj
 .binary_info.keep.__bi_ptr30
                0x100086a4        0x4 CMakeFiles/remote-control-car.dir/C_/Program_Files/Raspberry_Pi/Pico_SDK_v1.5.1/pico-sdk/src/rp2_common/pico_standard_link/binary_info.c.obj
 .binary_info.keep.__bi_ptr38
                0x100086a8        0x4 CMakeFiles/remote-control-car.dir/C_/Program_Files/Raspberry_Pi/Pico_SDK_v1.5.1/pico-sdk/src/rp2_common/pico_standard_link/binary_info.c.obj
 .binary_info.keep.__bi_ptr44
                0x100086ac        0x4 CMakeFiles/remote-control-car.dir/C_/Program_Files/Raspberry_Pi/Pico_SDK_v1.5.1/pico-sdk/src/rp2_common/pico_standard_link/binary_info.c.obj
 .binary_info.keep.__bi_ptr50
                0x100086b0        0x4 CMakeFiles/remote-control-car.dir/C_/Program_Files/Raspberry_Pi/Pico_SDK_v1.5.1/pico-sdk/src/rp2_common/pico_standard_link/binary_info.c.obj
 .binary_info.keep.__bi_ptr75
                0x100086b4        0x4 CMakeFiles/remote-control-car.dir/C_/Program_Files/Raspberry_Pi/Pico_SDK_v1.5.1/pico-sdk/src/rp2_common/pico_standard_link/binary_info.c.obj
 .binary_info.keep.__bi_ptr81
                0x100086b8        0x4 CMakeFiles/remote-control-car.dir/C_/Program_Files/Raspberry_Pi/Pico_SDK_v1.5.1/pico-sdk/src/rp2_common/pico_standard_link/binary_info.c.obj
 *(.binary_info.*)
 .binary_info.__bi_ptr33
                0x100086bc        0x4 CMakeFiles/remote-control-car.dir/C_/Program_Files/Raspberry_Pi/Pico_SDK_v1.5.1/pico-sdk/src/rp2_common/pico_stdio_uart/stdio_uart.c.obj
 .binary_info.__bi_ptr34
                0x100086c0        0x4 CMakeFiles/remote-control-car.dir/C_/Program_Files/Raspberry_Pi/Pico_SDK_v1.5.1/pico-sdk/src/rp2_common/pico_stdio_uart/stdio_uart.c.obj
                0x100086c4                __binary_info_end = .

.rel.dyn        0x100086c4        0x0
 .rel.iplt      0x100086c4        0x0 c:/progra~1/raspbe~1/picosd~1.1/gcc-ar~1/bin/../lib/gcc/arm-none-eabi/10.3.1/thumb/v6-m/nofp/crtbegin.o
                0x100086c4                . = ALIGN (0x4)

.ram_vector_table
                0x20000000       0xc0
 *(.ram_vector_table)
 .ram_vector_table
                0x20000000       0xc0 CMakeFiles/remote-control-car.dir/C_/Program_Files/Raspberry_Pi/Pico_SDK_v1.5.1/pico-sdk/src/rp2_common/pico_runtime/runtime.c.obj
                0x20000000                ram_vector_table

.data           0x200000c0      0x258 load address 0x100086c4
                0x200000c0                __data_start__ = .
 *(vtable)
 *(.time_critical*)
 .time_critical.mutex_try_enter
                0x200000c0       0x42 CMakeFiles/remote-control-car.dir/C_/Program_Files/Raspberry_Pi/Pico_SDK_v1.5.1/pico-sdk/src/common/pico_sync/mutex.c.obj
                0x200000c0                mutex_try_enter
 *fill*         0x20000102        0x2 
 .time_critical.mutex_enter_block_until
                0x20000104       0x78 CMakeFiles/remote-control-car.dir/C_/Program_Files/Raspberry_Pi/Pico_SDK_v1.5.1/pico-sdk/src/common/pico_sync/mutex.c.obj
                0x20000104                mutex_enter_block_until
 .time_critical.mutex_try_enter_block_until
                0x2000017c       0x32 CMakeFiles/remote-control-car.dir/C_/Program_Files/Raspberry_Pi/Pico_SDK_v1.5.1/pico-sdk/src/common/pico_sync/mutex.c.obj
                0x2000017c                mutex_try_enter_block_until
 *fill*         0x200001ae        0x2 
 .time_critical.mutex_exit
                0x200001b0       0x40 CMakeFiles/remote-control-car.dir/C_/Program_Files/Raspberry_Pi/Pico_SDK_v1.5.1/pico-sdk/src/common/pico_sync/mutex.c.obj
                0x200001b0                mutex_exit
 *(.text*)
 .text          0x200001f0        0x4 c:/progra~1/raspbe~1/picosd~1.1/gcc-ar~1/bin/../lib/gcc/arm-none-eabi/10.3.1/thumb/v6-m/nofp\libgcc.a(_dvmd_tls.o)
                0x200001f0                __aeabi_idiv0
                0x200001f0                __aeabi_ldiv0
 *fill*         0x200001f4        0x4 
 .text.__stub   0x200001f8       0x40 linker stubs
                0x20000238                . = ALIGN (0x4)
 *(.rodata*)
                0x20000238                . = ALIGN (0x4)
 *(.data*)
 .data.striped_spin_lock_num
                0x20000238        0x1 CMakeFiles/remote-control-car.dir/C_/Program_Files/Raspberry_Pi/Pico_SDK_v1.5.1/pico-sdk/src/rp2_common/hardware_sync/sync.c.obj
 *fill*         0x20000239        0x3 
 .data          0x2000023c       0x48 CMakeFiles/remote-control-car.dir/C_/Program_Files/Raspberry_Pi/Pico_SDK_v1.5.1/pico-sdk/src/rp2_common/hardware_irq/irq_handler_chain.S.obj
                0x2000023c                irq_handler_chain_slots
                0x2000026c                irq_handler_chain_first_slot
                0x20000276                irq_handler_chain_remove_tail
 .data.default_alarm_pool
                0x20000284       0x18 CMakeFiles/remote-control-car.dir/C_/Program_Files/Raspberry_Pi/Pico_SDK_v1.5.1/pico-sdk/src/common/pico_time/time.c.obj
 .data.default_alarm_pool_heap
                0x2000029c       0x10 CMakeFiles/remote-control-car.dir/C_/Program_Files/Raspberry_Pi/Pico_SDK_v1.5.1/pico-sdk/src/common/pico_time/time.c.obj
 *fill*         0x200002ac        0x4 
 .data.aeabi_bits_funcs
                0x200002b0       0x10 CMakeFiles/remote-control-car.dir/C_/Program_Files/Raspberry_Pi/Pico_SDK_v1.5.1/pico-sdk/src/rp2_common/pico_bit_ops/bit_ops_aeabi.S.obj
                0x200002b0                aeabi_bits_funcs
                0x200002c0                aeabi_bits_funcs_end
 .data.aeabi_mem_funcs
                0x200002c0       0x10 CMakeFiles/remote-control-car.dir/C_/Program_Files/Raspberry_Pi/Pico_SDK_v1.5.1/pico-sdk/src/rp2_common/pico_mem_ops/mem_ops_aeabi.S.obj
                0x200002c0                aeabi_mem_funcs
                0x200002d0                aeabi_mem_funcs_end
 .data.stdio_uart
                0x200002d0       0x18 CMakeFiles/remote-control-car.dir/C_/Program_Files/Raspberry_Pi/Pico_SDK_v1.5.1/pico-sdk/src/rp2_common/pico_stdio_uart/stdio_uart.c.obj
                0x200002d0                stdio_uart
 .data.ucPrimaryCoreNum
                0x200002e8        0x1 CMakeFiles/remote-control-car.dir/C_/VSARM/FreeRTOS-Kernel/portable/ThirdParty/GCC/RP2040/port.c.obj
 *fill*         0x200002e9        0x3 
 .data.uxTopUsedPriority
                0x200002ec        0x4 CMakeFiles/remote-control-car.dir/C_/VSARM/FreeRTOS-Kernel/tasks.c.obj
                0x200002f0                . = ALIGN (0x4)
 *(.after_data.*)
                0x200002f0                . = ALIGN (0x4)
                0x200002f0                PROVIDE (__mutex_array_start = .)
 *(SORT_BY_NAME(.mutex_array.*))
 *(.mutex_array)
 .mutex_array   0x200002f0        0x8 CMakeFiles/remote-control-car.dir/C_/Program_Files/Raspberry_Pi/Pico_SDK_v1.5.1/pico-sdk/src/rp2_common/pico_malloc/pico_malloc.c.obj
 .mutex_array   0x200002f8        0x8 CMakeFiles/remote-control-car.dir/C_/Program_Files/Raspberry_Pi/Pico_SDK_v1.5.1/pico-sdk/src/rp2_common/pico_stdio/stdio.c.obj
                0x20000300                PROVIDE (__mutex_array_end = .)
                0x20000300                . = ALIGN (0x4)
                0x20000300                PROVIDE (__preinit_array_start = .)
 *(SORT_BY_NAME(.preinit_array.*))
 .preinit_array.00001
                0x20000300        0x4 CMakeFiles/remote-control-car.dir/C_/Program_Files/Raspberry_Pi/Pico_SDK_v1.5.1/pico-sdk/src/rp2_common/pico_mem_ops/mem_ops_aeabi.S.obj
 .preinit_array.00010
                0x20000304        0x4 CMakeFiles/remote-control-car.dir/C_/Program_Files/Raspberry_Pi/Pico_SDK_v1.5.1/pico-sdk/src/rp2_common/pico_bit_ops/bit_ops_aeabi.S.obj
 .preinit_array.00020
                0x20000308        0x4 CMakeFiles/remote-control-car.dir/C_/Program_Files/Raspberry_Pi/Pico_SDK_v1.5.1/pico-sdk/src/rp2_common/pico_double/double_aeabi.S.obj
 .preinit_array.00020
                0x2000030c        0x4 CMakeFiles/remote-control-car.dir/C_/Program_Files/Raspberry_Pi/Pico_SDK_v1.5.1/pico-sdk/src/rp2_common/pico_float/float_aeabi.S.obj
 *(.preinit_array)
                0x20000310                PROVIDE (__preinit_array_end = .)
                0x20000310                . = ALIGN (0x4)
                0x20000310                PROVIDE (__init_array_start = .)
 *(SORT_BY_NAME(.init_array.*))
 *(.init_array)
 .init_array    0x20000310        0x4 c:/progra~1/raspbe~1/picosd~1.1/gcc-ar~1/bin/../lib/gcc/arm-none-eabi/10.3.1/thumb/v6-m/nofp/crtbegin.o
 .init_array    0x20000314        0x4 CMakeFiles/remote-control-car.dir/C_/VSARM/FreeRTOS-Kernel/portable/ThirdParty/GCC/RP2040/port.c.obj
                0x20000318                PROVIDE (__init_array_end = .)
                0x20000318                . = ALIGN (0x4)
                [!provide]                PROVIDE (__fini_array_start = .)
 *(SORT_BY_NAME(.fini_array.*))
 *(.fini_array)
                [!provide]                PROVIDE (__fini_array_end = .)
 *(.jcr)
                0x20000318                . = ALIGN (0x4)
                0x20000318                __data_end__ = .